###############################################################################
#
# IAR ELF Linker V8.20.1.14183/W32 for ARM                15/Dec/2017  16:01:13
# Copyright 2007-2017 IAR Systems AB.
#
#    Output file  =  
#        E:\Users\bertz\Documents\GitHub\DSv1.3\DSPro\EWARM\DSPro\Exe\DSPro.out
#    Map file     =  
#        E:\Users\bertz\Documents\GitHub\DSv1.3\DSPro\EWARM\DSPro\List\DSPro.map
#    Command line =  
#        -f C:\Users\bertz\AppData\Local\Temp\EWF354.tmp
#        (E:\Users\bertz\Documents\GitHub\DSv1.3\DSPro\EWARM\DSPro\Obj\adc.o
#        E:\Users\bertz\Documents\GitHub\DSv1.3\DSPro\EWARM\DSPro\Obj\crc.o
#        E:\Users\bertz\Documents\GitHub\DSv1.3\DSPro\EWARM\DSPro\Obj\dma.o
#        E:\Users\bertz\Documents\GitHub\DSv1.3\DSPro\EWARM\DSPro\Obj\DS_Protocol.o
#        E:\Users\bertz\Documents\GitHub\DSv1.3\DSPro\EWARM\DSPro\Obj\GentleSensor.o
#        E:\Users\bertz\Documents\GitHub\DSv1.3\DSPro\EWARM\DSPro\Obj\gpio.o
#        E:\Users\bertz\Documents\GitHub\DSv1.3\DSPro\EWARM\DSPro\Obj\i2c.o
#        E:\Users\bertz\Documents\GitHub\DSv1.3\DSPro\EWARM\DSPro\Obj\main.o
#        E:\Users\bertz\Documents\GitHub\DSv1.3\DSPro\EWARM\DSPro\Obj\startup_stm32f103xe.o
#        E:\Users\bertz\Documents\GitHub\DSv1.3\DSPro\EWARM\DSPro\Obj\stm32f1xx_hal.o
#        E:\Users\bertz\Documents\GitHub\DSv1.3\DSPro\EWARM\DSPro\Obj\stm32f1xx_hal_adc.o
#        E:\Users\bertz\Documents\GitHub\DSv1.3\DSPro\EWARM\DSPro\Obj\stm32f1xx_hal_adc_ex.o
#        E:\Users\bertz\Documents\GitHub\DSv1.3\DSPro\EWARM\DSPro\Obj\stm32f1xx_hal_cortex.o
#        E:\Users\bertz\Documents\GitHub\DSv1.3\DSPro\EWARM\DSPro\Obj\stm32f1xx_hal_crc.o
#        E:\Users\bertz\Documents\GitHub\DSv1.3\DSPro\EWARM\DSPro\Obj\stm32f1xx_hal_dma.o
#        E:\Users\bertz\Documents\GitHub\DSv1.3\DSPro\EWARM\DSPro\Obj\stm32f1xx_hal_flash.o
#        E:\Users\bertz\Documents\GitHub\DSv1.3\DSPro\EWARM\DSPro\Obj\stm32f1xx_hal_flash_ex.o
#        E:\Users\bertz\Documents\GitHub\DSv1.3\DSPro\EWARM\DSPro\Obj\stm32f1xx_hal_gpio.o
#        E:\Users\bertz\Documents\GitHub\DSv1.3\DSPro\EWARM\DSPro\Obj\stm32f1xx_hal_gpio_ex.o
#        E:\Users\bertz\Documents\GitHub\DSv1.3\DSPro\EWARM\DSPro\Obj\stm32f1xx_hal_i2c.o
#        E:\Users\bertz\Documents\GitHub\DSv1.3\DSPro\EWARM\DSPro\Obj\stm32f1xx_hal_msp.o
#        E:\Users\bertz\Documents\GitHub\DSv1.3\DSPro\EWARM\DSPro\Obj\stm32f1xx_hal_pcd.o
#        E:\Users\bertz\Documents\GitHub\DSv1.3\DSPro\EWARM\DSPro\Obj\stm32f1xx_hal_pcd_ex.o
#        E:\Users\bertz\Documents\GitHub\DSv1.3\DSPro\EWARM\DSPro\Obj\stm32f1xx_hal_pwr.o
#        E:\Users\bertz\Documents\GitHub\DSv1.3\DSPro\EWARM\DSPro\Obj\stm32f1xx_hal_rcc.o
#        E:\Users\bertz\Documents\GitHub\DSv1.3\DSPro\EWARM\DSPro\Obj\stm32f1xx_hal_rcc_ex.o
#        E:\Users\bertz\Documents\GitHub\DSv1.3\DSPro\EWARM\DSPro\Obj\stm32f1xx_hal_tim.o
#        E:\Users\bertz\Documents\GitHub\DSv1.3\DSPro\EWARM\DSPro\Obj\stm32f1xx_hal_tim_ex.o
#        E:\Users\bertz\Documents\GitHub\DSv1.3\DSPro\EWARM\DSPro\Obj\stm32f1xx_hal_uart.o
#        E:\Users\bertz\Documents\GitHub\DSv1.3\DSPro\EWARM\DSPro\Obj\stm32f1xx_it.o
#        E:\Users\bertz\Documents\GitHub\DSv1.3\DSPro\EWARM\DSPro\Obj\stm32f1xx_ll_usb.o
#        E:\Users\bertz\Documents\GitHub\DSv1.3\DSPro\EWARM\DSPro\Obj\system_stm32f1xx.o
#        E:\Users\bertz\Documents\GitHub\DSv1.3\DSPro\EWARM\DSPro\Obj\tim.o
#        E:\Users\bertz\Documents\GitHub\DSv1.3\DSPro\EWARM\DSPro\Obj\usart.o
#        E:\Users\bertz\Documents\GitHub\DSv1.3\DSPro\EWARM\DSPro\Obj\usb_device.o
#        E:\Users\bertz\Documents\GitHub\DSv1.3\DSPro\EWARM\DSPro\Obj\usbd_cdc.o
#        E:\Users\bertz\Documents\GitHub\DSv1.3\DSPro\EWARM\DSPro\Obj\usbd_cdc_if.o
#        E:\Users\bertz\Documents\GitHub\DSv1.3\DSPro\EWARM\DSPro\Obj\usbd_conf.o
#        E:\Users\bertz\Documents\GitHub\DSv1.3\DSPro\EWARM\DSPro\Obj\usbd_core.o
#        E:\Users\bertz\Documents\GitHub\DSv1.3\DSPro\EWARM\DSPro\Obj\usbd_ctlreq.o
#        E:\Users\bertz\Documents\GitHub\DSv1.3\DSPro\EWARM\DSPro\Obj\usbd_desc.o
#        E:\Users\bertz\Documents\GitHub\DSv1.3\DSPro\EWARM\DSPro\Obj\usbd_ioreq.o
#        --redirect _Printf=_PrintfFull --redirect _Scanf=_ScanfFull -o
#        E:\Users\bertz\Documents\GitHub\DSv1.3\DSPro\EWARM\DSPro\Exe\DSPro.out
#        --map
#        E:\Users\bertz\Documents\GitHub\DSv1.3\DSPro\EWARM\DSPro\List\DSPro.map
#        --config
#        E:\Users\bertz\Documents\GitHub\DSv1.3\DSPro\EWARM/stm32f103xe_flash.icf
#        --semihosting --entry __iar_program_start --vfe --text_out locale)
#
###############################################################################

*******************************************************************************
*** RUNTIME MODEL ATTRIBUTES
***

CppFlavor       = *
__SystemLibrary = DLib
__dlib_version  = 6


*******************************************************************************
*** HEAP SELECTION
***

The basic heap was selected because no calls to memory allocation
functions were found in the application outside of system library
functions, and there are calls to deallocation functions in the
application.


*******************************************************************************
*** PLACEMENT SUMMARY
***

"A0":  place at 0x08000000 { ro section .intvec };
"P1":  place in [from 0x08000000 to 0x0807ffff] { ro };
define block CSTACK with size = 1K, alignment = 8 { };
define block HEAP with size = 512, alignment = 8 { };
"P2":  place in [from 0x20000000 to 0x2000ffff] {
          rw, block CSTACK, block HEAP };
initialize by copy { rw };

  Section            Kind        Address    Size  Object
  -------            ----        -------    ----  ------
"A0":                                      0x130
  .intvec            ro code  0x08000000   0x130  startup_stm32f103xe.o [1]
                            - 0x08000130   0x130

"P1":                                     0x53bb
  .text              ro code  0x08000130   0xae8  stm32f1xx_hal_i2c.o [1]
  .text              ro code  0x08000c18    0xc0  i2c.o [1]
  .text              ro code  0x08000cd8   0x4de  stm32f1xx_hal_rcc.o [1]
  .text              ro code  0x080011b6     0x2  stm32f1xx_hal_i2c.o [1]
  .text              ro code  0x080011b8     0x2  stm32f1xx_hal_i2c.o [1]
  .text              ro code  0x080011ba     0x2  stm32f1xx_hal_i2c.o [1]
  .text              ro code  0x080011bc     0x2  stm32f1xx_hal_i2c.o [1]
  .text              ro code  0x080011be     0x2  stm32f1xx_hal_i2c.o [1]
  .text              ro code  0x080011c0     0x2  stm32f1xx_hal_i2c.o [1]
  .text              ro code  0x080011c2     0x2  stm32f1xx_hal_i2c.o [1]
  .text              ro code  0x080011c4     0x2  stm32f1xx_hal_i2c.o [1]
  .text              ro code  0x080011c6    0x7a  lz77_init_single.o [4]
  .text              ro code  0x08001240   0x422  stm32f1xx_hal_dma.o [1]
  .text              ro code  0x08001662     0x2  stm32f1xx_hal_i2c.o [1]
  .text              ro code  0x08001664     0x2  stm32f1xx_hal_i2c.o [1]
  .text              ro code  0x08001668   0x2ce  main.o [1]
  .text              ro code  0x08001938   0x202  stm32f1xx_hal_gpio.o [1]
  .text              ro code  0x08001b3c     0xc  stm32f1xx_hal.o [1]
  .text              ro code  0x08001b48    0x28  stm32f1xx_hal.o [1]
  .text              ro code  0x08001b70    0x24  stm32f1xx_hal.o [1]
  .text              ro code  0x08001b94   0x10c  gpio.o [1]
  .text              ro code  0x08001ca0    0x30  dma.o [1]
  .text              ro code  0x08001cd0    0x38  usb_device.o [1]
  .text              ro code  0x08001d08   0x28c  usart.o [1]
  .text              ro code  0x08001f94   0x138  tim.o [1]
  .text              ro code  0x080020cc    0x84  crc.o [1]
  .text              ro code  0x08002150   0x140  adc.o [1]
  .text              ro code  0x08002290   0x36c  stm32f1xx_hal_tim.o [1]
  .text              ro code  0x080025fc   0x5ac  stm32f1xx_hal_uart.o [1]
  .text              ro code  0x08002ba8    0x58  GentleSensor.o [1]
  .text              ro code  0x08002c00   0x3c0  DS_Protocol.o [1]
  .text              ro code  0x08002fc0    0xe8  stm32f1xx_hal_rcc_ex.o [1]
  .text              ro code  0x080030a8    0xe6  stm32f1xx_hal_cortex.o [1]
  .text              ro code  0x08003190    0x8c  stm32f1xx_hal_msp.o [1]
  .text              ro code  0x0800321c   0x228  usbd_core.o [1]
  .text              ro code  0x08003444   0x204  usbd_cdc.o [1]
  .text              ro code  0x08003648    0x4a  stm32f1xx_hal_tim_ex.o [1]
  .text              ro code  0x08003692    0x20  stm32f1xx_hal_crc.o [1]
  .text              ro code  0x080036b4   0x35c  stm32f1xx_hal_adc.o [1]
  .text              ro code  0x08003a10     0x2  stm32f1xx_hal_tim.o [1]
  .text              ro code  0x08003a12     0x2  stm32f1xx_hal_tim.o [1]
  .text              ro code  0x08003a14     0x2  stm32f1xx_hal_tim_ex.o [1]
  .text              ro code  0x08003a16     0x2  stm32f1xx_hal_tim.o [1]
  .text              ro code  0x08003a18     0x2  stm32f1xx_hal_tim_ex.o [1]
  .text              ro code  0x08003a1a     0x2  stm32f1xx_hal_tim.o [1]
  .text              ro code  0x08003a1c     0x2  stm32f1xx_hal_uart.o [1]
  .text              ro code  0x08003a1e     0x2  stm32f1xx_hal_uart.o [1]
  .text              ro code  0x08003a20     0x2  stm32f1xx_hal_uart.o [1]
  .text              ro code  0x08003a22     0x2  stm32f1xx_hal_uart.o [1]
  .text              ro code  0x08003a24     0x2  stm32f1xx_hal_uart.o [1]
  .text              ro code  0x08003a28   0x270  usbd_conf.o [1]
  .text              ro code  0x08003c98   0x3aa  usbd_ctlreq.o [1]
  .text              ro code  0x08004042    0x60  usbd_ioreq.o [1]
  .text              ro code  0x080040a2     0x2  stm32f1xx_hal_adc.o [1]
  .text              ro code  0x080040a4     0x2  stm32f1xx_hal_adc_ex.o [1]
  .text              ro code  0x080040a6     0x2  stm32f1xx_hal_adc.o [1]
  .text              ro code  0x080040a8   0x6b2  stm32f1xx_hal_pcd.o [1]
  .text              ro code  0x0800475a    0x30  stm32f1xx_hal_pcd_ex.o [1]
  .text              ro code  0x0800478c   0x622  stm32f1xx_ll_usb.o [1]
  .text              ro code  0x08004db0    0x86  ABImemcpy.o [4]
  .text              ro code  0x08004e38    0xcc  stm32f1xx_it.o [1]
  .text              ro code  0x08004f04    0x10  stm32f1xx_hal.o [1]
  .text              ro code  0x08004f14    0xc0  usbd_desc.o [1]
  .text              ro code  0x08004fd4    0x5c  system_stm32f1xx.o [1]
  .text              ro code  0x08005030    0x44  usbd_cdc_if.o [1]
  .text              ro code  0x08005074    0x40  zero_init3.o [4]
  .text              ro code  0x080050b4    0x28  data_init.o [4]
  .iar.init_table    const    0x080050dc    0x20  - Linker created -
  .text              ro code  0x080050fc    0x1e  cmain.o [4]
  .text              ro code  0x0800511a     0x4  low_level_init.o [3]
  .text              ro code  0x0800511e     0x4  exit.o [3]
  .text              ro code  0x08005124     0xa  cexit.o [4]
  .text              ro code  0x08005130    0x14  exit.o [5]
  .text              ro code  0x08005144    0x10  startup_stm32f103xe.o [1]
  .text              ro code  0x08005154     0xc  cstartup_M.o [4]
  .rodata            const    0x08005160     0x8  system_stm32f1xx.o [1]
  .text              ro code  0x08005168     0x4  startup_stm32f103xe.o [1]
  .text              ro code  0x0800516c     0x4  startup_stm32f103xe.o [1]
  .text              ro code  0x08005170     0x4  startup_stm32f103xe.o [1]
  .text              ro code  0x08005174     0x4  startup_stm32f103xe.o [1]
  .text              ro code  0x08005178     0x4  startup_stm32f103xe.o [1]
  .text              ro code  0x0800517c     0x4  startup_stm32f103xe.o [1]
  .text              ro code  0x08005180     0x4  startup_stm32f103xe.o [1]
  .text              ro code  0x08005184     0x4  startup_stm32f103xe.o [1]
  .text              ro code  0x08005188     0x4  startup_stm32f103xe.o [1]
  .text              ro code  0x0800518c     0x4  startup_stm32f103xe.o [1]
  .text              ro code  0x08005190     0x4  startup_stm32f103xe.o [1]
  .text              ro code  0x08005194     0x4  startup_stm32f103xe.o [1]
  .text              ro code  0x08005198     0x4  startup_stm32f103xe.o [1]
  .text              ro code  0x0800519c     0x4  startup_stm32f103xe.o [1]
  .text              ro code  0x080051a0     0x4  startup_stm32f103xe.o [1]
  .text              ro code  0x080051a4     0x4  startup_stm32f103xe.o [1]
  .text              ro code  0x080051a8     0x4  startup_stm32f103xe.o [1]
  .text              ro code  0x080051ac     0x4  startup_stm32f103xe.o [1]
  .text              ro code  0x080051b0     0x4  startup_stm32f103xe.o [1]
  .text              ro code  0x080051b4     0x4  startup_stm32f103xe.o [1]
  .text              ro code  0x080051b8     0x4  startup_stm32f103xe.o [1]
  .text              ro code  0x080051bc     0x4  startup_stm32f103xe.o [1]
  .text              ro code  0x080051c0     0x4  startup_stm32f103xe.o [1]
  .text              ro code  0x080051c4     0x4  startup_stm32f103xe.o [1]
  .text              ro code  0x080051c8     0x4  startup_stm32f103xe.o [1]
  .text              ro code  0x080051cc     0x4  startup_stm32f103xe.o [1]
  .text              ro code  0x080051d0     0x4  startup_stm32f103xe.o [1]
  .text              ro code  0x080051d4     0x4  startup_stm32f103xe.o [1]
  .text              ro code  0x080051d8     0x4  startup_stm32f103xe.o [1]
  .text              ro code  0x080051dc     0x4  startup_stm32f103xe.o [1]
  .text              ro code  0x080051e0     0x4  startup_stm32f103xe.o [1]
  .text              ro code  0x080051e4     0x4  startup_stm32f103xe.o [1]
  .text              ro code  0x080051e8     0x4  startup_stm32f103xe.o [1]
  .text              ro code  0x080051ec     0x4  startup_stm32f103xe.o [1]
  .text              ro code  0x080051f0     0x4  startup_stm32f103xe.o [1]
  .text              ro code  0x080051f4     0x4  startup_stm32f103xe.o [1]
  .text              ro code  0x080051f8     0x4  startup_stm32f103xe.o [1]
  .text              ro code  0x080051fc     0x4  startup_stm32f103xe.o [1]
  .text              ro code  0x08005200     0x4  startup_stm32f103xe.o [1]
  .text              ro code  0x08005204     0x4  startup_stm32f103xe.o [1]
  .text              ro code  0x08005208     0x4  startup_stm32f103xe.o [1]
  .text              ro code  0x0800520c     0x4  startup_stm32f103xe.o [1]
  .text              ro code  0x08005210     0x4  startup_stm32f103xe.o [1]
  .text              ro code  0x08005214     0x4  startup_stm32f103xe.o [1]
  .rodata            const    0x08005218     0x0  zero_init3.o [4]
  .rodata            const    0x08005218     0x0  lz77_init_single.o [4]
  Initializer bytes  const    0x08005218   0x2d3  <for P2-1>
                            - 0x080054eb  0x53bb

"P2", part 1 of 3:                         0x358
  P2-1                        0x20000000   0x358  <Init block>
    .data            inited   0x20000000   0x200  DS_Protocol.o [1]
    .data            inited   0x20000200     0x4  system_stm32f1xx.o [1]
    .data            inited   0x20000204     0xc  usbd_cdc.o [1]
    .data            inited   0x20000210    0x38  usbd_cdc.o [1]
    .data            inited   0x20000248    0x44  usbd_cdc.o [1]
    .data            inited   0x2000028c    0x44  usbd_cdc.o [1]
    .data            inited   0x200002d0    0x44  usbd_cdc.o [1]
    .data            inited   0x20000314    0x10  usbd_cdc_if.o [1]
    .data            inited   0x20000324    0x1c  usbd_desc.o [1]
    .data            inited   0x20000340    0x14  usbd_desc.o [1]
    .data            inited   0x20000354     0x4  usbd_desc.o [1]
                            - 0x20000358   0x358

"P2", part 2 of 3:                        0x3e78
  .bss               zero     0x20000358  0x1000  usbd_cdc_if.o [1]
  .bss               zero     0x20001358   0x808  DS_Protocol.o [1]
  .bss               zero     0x20001b60   0x808  DS_Protocol.o [1]
  .bss               zero     0x20002368   0x804  DS_Protocol.o [1]
  .bss               zero     0x20002b6c   0x804  DS_Protocol.o [1]
  .bss               zero     0x20003370   0x460  usbd_conf.o [1]
  .bss               zero     0x200037d0   0x224  usb_device.o [1]
  .bss               zero     0x200039f4   0x220  usbd_conf.o [1]
  .bss               zero     0x20003c14   0x200  usbd_desc.o [1]
  .bss               zero     0x20003e14   0x154  usart.o [1]
  .bss               zero     0x20003f68    0x54  i2c.o [1]
  .bss               zero     0x20003fbc    0x48  main.o [1]
  .bss               zero     0x20004004    0x44  adc.o [1]
  .bss               zero     0x20004048    0x40  tim.o [1]
  .bss               zero     0x20004088    0x40  tim.o [1]
  .bss               zero     0x200040c8    0x40  usart.o [1]
  .bss               zero     0x20004108    0x40  usart.o [1]
  .bss               zero     0x20004148    0x40  usart.o [1]
  .bss               zero     0x20004188    0x30  adc.o [1]
  .bss               zero     0x200041b8     0x8  crc.o [1]
  .bss               zero     0x200041c0     0x8  DS_Protocol.o [1]
  .bss               zero     0x200041c8     0x4  stm32f1xx_hal.o [1]
  .bss               zero     0x200041cc     0x1  usbd_cdc.o [1]
  .bss               zero     0x200041cd     0x1  usbd_ctlreq.o [1]
                            - 0x200041ce  0x3e76

"P2", part 3 of 3:                         0x400
  CSTACK                      0x200041d0   0x400  <Block>
    CSTACK           uninit   0x200041d0   0x400  <Block tail>
                            - 0x200045d0   0x400


*******************************************************************************
*** INIT TABLE
***

          Address     Size
          -------     ----
Zero (__iar_zero_init3)
    1 destination range, total size 0x3e76:
          0x20000358  0x3e76

Copy/lz77 (__iar_lz77_init_single3)
    1 source range, total size 0x2d3 (84% of destination):
          0x08005218   0x2d3
    1 destination range, total size 0x358:
          0x20000000   0x358



*******************************************************************************
*** MODULE SUMMARY
***

    Module                  ro code  ro data  rw data
    ------                  -------  -------  -------
E:\Users\bertz\Documents\GitHub\DSv1.3\DSPro\EWARM\DSPro\Obj: [1]
    DS_Protocol.o               960      432    8 736
    GentleSensor.o               88
    adc.o                       320               116
    crc.o                       132                 8
    dma.o                        48
    gpio.o                      268
    i2c.o                       192                84
    main.o                      718                72
    startup_stm32f103xe.o       496
    stm32f1xx_hal.o             104                 4
    stm32f1xx_hal_adc.o         864
    stm32f1xx_hal_adc_ex.o        2
    stm32f1xx_hal_cortex.o      230
    stm32f1xx_hal_crc.o          32
    stm32f1xx_hal_dma.o       1 058
    stm32f1xx_hal_gpio.o        514
    stm32f1xx_hal_i2c.o       2 812
    stm32f1xx_hal_msp.o         140
    stm32f1xx_hal_pcd.o       1 714
    stm32f1xx_hal_pcd_ex.o       48
    stm32f1xx_hal_rcc.o       1 246
    stm32f1xx_hal_rcc_ex.o      232
    stm32f1xx_hal_tim.o         884
    stm32f1xx_hal_tim_ex.o       78
    stm32f1xx_hal_uart.o      1 462
    stm32f1xx_it.o              204
    stm32f1xx_ll_usb.o        1 570
    system_stm32f1xx.o           92       11        4
    tim.o                       312               128
    usart.o                     652               532
    usb_device.o                 56               548
    usbd_cdc.o                  516      230      273
    usbd_cdc_if.o                68       14    4 112
    usbd_conf.o                 624             1 664
    usbd_core.o                 552
    usbd_ctlreq.o               938                 1
    usbd_desc.o                 192       44      564
    usbd_ioreq.o                 96
    -------------------------------------------------
    Total:                   20 514      731   16 846

command line: [2]
    -------------------------------------------------
    Total:

dl7M_tlf.a: [3]
    exit.o                        4
    low_level_init.o              4
    -------------------------------------------------
    Total:                        8

rt7M_tl.a: [4]
    ABImemcpy.o                 134
    cexit.o                      10
    cmain.o                      30
    cstartup_M.o                 12
    data_init.o                  40
    lz77_init_single.o          122
    zero_init3.o                 64
    -------------------------------------------------
    Total:                      412

shb_l.a: [5]
    exit.o                       20
    -------------------------------------------------
    Total:                       20

    Gaps                         22
    Linker created                        32    1 024
-----------------------------------------------------
    Grand Total:             20 976      763   17 870


*******************************************************************************
*** ENTRY LIST
***

Entry                      Address   Size  Type      Object
-----                      -------   ----  ----      ------
.iar.init_table$$Base   0x080050dc          --   Gb  - Linker created -
.iar.init_table$$Limit  0x080050fc          --   Gb  - Linker created -
?main                   0x080050fd         Code  Gb  cmain.o [4]
ADC1_2_IRQHandler       0x08004e7b    0x6  Code  Gb  stm32f1xx_it.o [1]
ADC_ConversionStop_Disable
                        0x080039cd   0x44  Code  Gb  stm32f1xx_hal_adc.o [1]
AHBPrescTable           0x08005020   0x10  Data  Gb  system_stm32f1xx.o [1]
APBPrescTable           0x08005160    0x8  Data  Gb  system_stm32f1xx.o [1]
AckCmdBuffer            0x200041c0    0x8  Data  Gb  DS_Protocol.o [1]
BSP_LED_OUT_OFF         0x08001c7b    0x4  Code  Gb  gpio.o [1]
BSP_LED_OUT_ON          0x08001c7f    0x2  Code  Gb  gpio.o [1]
BSP_RUNNINGLED_ON       0x08001c73    0x8  Code  Gb  gpio.o [1]
BusFault_Handler        0x08004e3f    0x2  Code  Gb  stm32f1xx_it.o [1]
CDC_Control_FS          0x08005053    0x4  Code  Lc  usbd_cdc_if.o [1]
CDC_DeInit_FS           0x0800504f    0x4  Code  Lc  usbd_cdc_if.o [1]
CDC_Init_FS             0x08005031   0x1e  Code  Lc  usbd_cdc_if.o [1]
CDC_Receive_FS          0x08005057   0x16  Code  Lc  usbd_cdc_if.o [1]
CRC16BIT                0x08002c01   0x2e  Code  Lc  DS_Protocol.o [1]
CSTACK$$Base            0x200041d0          --   Gb  - Linker created -
CSTACK$$Limit           0x200045d0          --   Gb  - Linker created -
CortexA9CmdDataBuffer   0x20001358  0x808  Data  Gb  DS_Protocol.o [1]
CortexA9UsartType       0x20002368  0x804  Data  Gb  DS_Protocol.o [1]
DMA1_Channel1_IRQHandler
                        0x08004e5d    0x6  Code  Gb  stm32f1xx_it.o [1]
DMA1_Channel4_IRQHandler
                        0x08004e63    0x6  Code  Gb  stm32f1xx_it.o [1]
DMA1_Channel5_IRQHandler
                        0x08004e69    0x6  Code  Gb  stm32f1xx_it.o [1]
DMA1_Channel6_IRQHandler
                        0x08004e6f    0x6  Code  Gb  stm32f1xx_it.o [1]
DMA1_Channel7_IRQHandler
                        0x08004e75    0x6  Code  Gb  stm32f1xx_it.o [1]
DMA2_Channel4_5_IRQHandler
                        0x08004ec5    0x6  Code  Gb  stm32f1xx_it.o [1]
DMA_SetConfig           0x08001641   0x22  Code  Lc  stm32f1xx_hal_dma.o [1]
DS_AckRequestCmdFromCortexA9
                        0x08002f5d   0x10  Code  Gb  DS_Protocol.o [1]
DS_CortexA9UsartReceive_IDLE
                        0x08002c75   0x24  Code  Gb  DS_Protocol.o [1]
DS_DoorBoardUsartReceive_IDLE
                        0x08002c99   0x24  Code  Gb  DS_Protocol.o [1]
DS_GentleSensorCheck    0x08002bb1   0x44  Code  Gb  GentleSensor.o [1]
DS_GentleSensorInit     0x08002ba9    0x8  Code  Gb  GentleSensor.o [1]
DS_HandingCmdFromCortexA9
                        0x08002f07   0x56  Code  Gb  DS_Protocol.o [1]
DS_HandingUartDataFromCortexA9
                        0x08002db3   0xc6  Code  Gb  DS_Protocol.o [1]
DS_ProtocolInit         0x08002cef   0x1e  Code  Gb  DS_Protocol.o [1]
DS_SendDataToCortexA9   0x08002d0d    0xc  Code  Gb  DS_Protocol.o [1]
DS_SendDataToDoorBoard  0x08002d19    0xc  Code  Gb  DS_Protocol.o [1]
DS_SendRequestCmd       0x08002c2f   0x46  Code  Lc  DS_Protocol.o [1]
DS_SendRequestCmdToCortexA9
                        0x08002d25   0x12  Code  Gb  DS_Protocol.o [1]
DS_TrySend5TimesCmdToCortexA9
                        0x08002d37   0x30  Code  Gb  DS_Protocol.o [1]
DS_TrySend5TimesCmdToDoorBoard
                        0x08002d67   0x30  Code  Gb  DS_Protocol.o [1]
DebugMon_Handler        0x08004e45    0x2  Code  Gb  stm32f1xx_it.o [1]
DoorBoardCmdDataBuffer  0x20001b60  0x808  Data  Gb  DS_Protocol.o [1]
DoorBoardUsartType      0x20002b6c  0x804  Data  Gb  DS_Protocol.o [1]
EXTI1_IRQHandler        0x08004e57    0x6  Code  Gb  stm32f1xx_it.o [1]
FS_Desc                 0x20000324   0x1c  Data  Gb  usbd_desc.o [1]
HAL_ADCEx_InjectedConvCpltCallback
                        0x080040a5    0x2  Code  Wk  stm32f1xx_hal_adc_ex.o [1]
HAL_ADC_ConfigChannel   0x080038b5   0xe4  Code  Gb  stm32f1xx_hal_adc.o [1]
HAL_ADC_IRQHandler      0x080037c5   0xd8  Code  Gb  stm32f1xx_hal_adc.o [1]
HAL_ADC_Init            0x080036b5  0x110  Code  Gb  stm32f1xx_hal_adc.o [1]
HAL_ADC_MspInit         0x080021c1   0x80  Code  Gb  adc.o [1]
HAL_CRC_Init            0x08003693   0x20  Code  Gb  stm32f1xx_hal_crc.o [1]
HAL_CRC_MspInit         0x080020eb   0x22  Code  Gb  crc.o [1]
HAL_DMA_Abort           0x0800133b   0x32  Code  Gb  stm32f1xx_hal_dma.o [1]
HAL_DMA_Abort_IT        0x0800136d   0xdc  Code  Gb  stm32f1xx_hal_dma.o [1]
HAL_DMA_IRQHandler      0x08001449  0x1b4  Code  Gb  stm32f1xx_hal_dma.o [1]
HAL_DMA_Init            0x08001241   0x78  Code  Gb  stm32f1xx_hal_dma.o [1]
HAL_DMA_Start_IT        0x080012c7   0x74  Code  Gb  stm32f1xx_hal_dma.o [1]
HAL_GPIO_EXTI_IRQHandler
                        0x08001ae7   0x10  Code  Gb  stm32f1xx_hal_gpio.o [1]
HAL_GPIO_Init           0x08001939  0x196  Code  Gb  stm32f1xx_hal_gpio.o [1]
HAL_GPIO_ReadPin        0x08001acf    0xc  Code  Gb  stm32f1xx_hal_gpio.o [1]
HAL_GPIO_WritePin       0x08001adb    0xc  Code  Gb  stm32f1xx_hal_gpio.o [1]
HAL_GetTick             0x08001b3d    0xc  Code  Wk  stm32f1xx_hal.o [1]
HAL_I2C_ER_IRQHandler   0x0800044b   0xc0  Code  Gb  stm32f1xx_hal_i2c.o [1]
HAL_I2C_EV_IRQHandler   0x08000219  0x20e  Code  Gb  stm32f1xx_hal_i2c.o [1]
HAL_I2C_Init            0x08000131   0xc8  Code  Gb  stm32f1xx_hal_i2c.o [1]
HAL_I2C_MspInit         0x08000c51   0x3a  Code  Gb  i2c.o [1]
HAL_IncTick             0x08004f05   0x10  Code  Wk  stm32f1xx_hal.o [1]
HAL_Init                0x08001b71   0x20  Code  Gb  stm32f1xx_hal.o [1]
HAL_InitTick            0x08001b49   0x28  Code  Wk  stm32f1xx_hal.o [1]
HAL_MspInit             0x08003191   0x8c  Code  Gb  stm32f1xx_hal_msp.o [1]
HAL_NVIC_EnableIRQ      0x0800311b    0xa  Code  Gb  stm32f1xx_hal_cortex.o [1]
HAL_NVIC_SetPriority    0x080030e1   0x3a  Code  Gb  stm32f1xx_hal_cortex.o [1]
HAL_NVIC_SetPriorityGrouping
                        0x080030c7   0x1a  Code  Gb  stm32f1xx_hal_cortex.o [1]
HAL_PCDEx_PMAConfig     0x0800475b   0x30  Code  Gb  stm32f1xx_hal_pcd_ex.o [1]
HAL_PCDEx_SetConnectionState
                        0x08003c57    0x2  Code  Gb  usbd_conf.o [1]
HAL_PCD_DataInStageCallback
                        0x08003a67    0xe  Code  Gb  usbd_conf.o [1]
HAL_PCD_DataOutStageCallback
                        0x08003a57   0x10  Code  Gb  usbd_conf.o [1]
HAL_PCD_EP_Close        0x080042f1   0x30  Code  Gb  stm32f1xx_hal_pcd.o [1]
HAL_PCD_EP_ClrStall     0x080043ed   0x42  Code  Gb  stm32f1xx_hal_pcd.o [1]
HAL_PCD_EP_GetRxCount   0x08004351   0x10  Code  Gb  stm32f1xx_hal_pcd.o [1]
HAL_PCD_EP_Open         0x080042bd   0x34  Code  Gb  stm32f1xx_hal_pcd.o [1]
HAL_PCD_EP_Receive      0x08004339   0x18  Code  Gb  stm32f1xx_hal_pcd.o [1]
HAL_PCD_EP_SetStall     0x08004393   0x5a  Code  Gb  stm32f1xx_hal_pcd.o [1]
HAL_PCD_EP_Transmit     0x08004361   0x18  Code  Gb  stm32f1xx_hal_pcd.o [1]
HAL_PCD_IRQHandler      0x08004171   0xfa  Code  Gb  stm32f1xx_hal_pcd.o [1]
HAL_PCD_Init            0x080040a9   0xa0  Code  Gb  stm32f1xx_hal_pcd.o [1]
HAL_PCD_MspInit         0x08003a29   0x22  Code  Gb  usbd_conf.o [1]
HAL_PCD_ResetCallback   0x08003a7d   0x1a  Code  Gb  usbd_conf.o [1]
HAL_PCD_ResumeCallback  0x08003ab3    0x8  Code  Gb  usbd_conf.o [1]
HAL_PCD_SOFCallback     0x08003a75    0x8  Code  Gb  usbd_conf.o [1]
HAL_PCD_SetAddress      0x0800429f   0x1e  Code  Gb  stm32f1xx_hal_pcd.o [1]
HAL_PCD_SetupStageCallback
                        0x08003a4b    0xc  Code  Gb  usbd_conf.o [1]
HAL_PCD_Start           0x08004153   0x1e  Code  Gb  stm32f1xx_hal_pcd.o [1]
HAL_PCD_SuspendCallback
                        0x08003a97   0x1c  Code  Gb  usbd_conf.o [1]
HAL_RCCEx_PeriphCLKConfig
                        0x08002fc1   0xda  Code  Gb  stm32f1xx_hal_rcc_ex.o [1]
HAL_RCC_ClockConfig     0x08000ff5  0x10c  Code  Gb  stm32f1xx_hal_rcc.o [1]
HAL_RCC_GetHCLKFreq     0x0800114f    0x6  Code  Gb  stm32f1xx_hal_rcc.o [1]
HAL_RCC_GetPCLK1Freq    0x08001155   0x10  Code  Gb  stm32f1xx_hal_rcc.o [1]
HAL_RCC_GetPCLK2Freq    0x08001165    0xe  Code  Gb  stm32f1xx_hal_rcc.o [1]
HAL_RCC_GetSysClockFreq
                        0x08001115   0x3a  Code  Gb  stm32f1xx_hal_rcc.o [1]
HAL_RCC_GetSysClockFreq::aPLLMULFactorTable
                        0x080011a4   0x10  Data  Lc  stm32f1xx_hal_rcc.o [1]
HAL_RCC_GetSysClockFreq::aPredivFactorTable
                        0x080011b4    0x2  Data  Lc  stm32f1xx_hal_rcc.o [1]
HAL_RCC_OscConfig       0x08000cd9  0x314  Code  Gb  stm32f1xx_hal_rcc.o [1]
HAL_SYSTICK_CLKSourceConfig
                        0x08003157   0x1a  Code  Gb  stm32f1xx_hal_cortex.o [1]
HAL_SYSTICK_Config      0x0800312f   0x28  Code  Gb  stm32f1xx_hal_cortex.o [1]
HAL_SYSTICK_IRQHandler  0x08003189    0x4  Code  Gb  stm32f1xx_hal_cortex.o [1]
HAL_TIMEx_BreakCallback
                        0x08003a15    0x2  Code  Wk  stm32f1xx_hal_tim_ex.o [1]
HAL_TIMEx_CommutationCallback
                        0x08003a19    0x2  Code  Wk  stm32f1xx_hal_tim_ex.o [1]
HAL_TIMEx_MasterConfigSynchronization
                        0x08003649   0x4a  Code  Gb  stm32f1xx_hal_tim_ex.o [1]
HAL_TIM_Base_Init       0x08002291   0x1a  Code  Gb  stm32f1xx_hal_tim.o [1]
HAL_TIM_Base_MspInit    0x08002049   0x38  Code  Gb  tim.o [1]
HAL_TIM_Base_Start_IT   0x080022ab   0x16  Code  Gb  stm32f1xx_hal_tim.o [1]
HAL_TIM_ConfigClockSource
                        0x0800242d   0xac  Code  Gb  stm32f1xx_hal_tim.o [1]
HAL_TIM_IRQHandler      0x080022e5  0x142  Code  Gb  stm32f1xx_hal_tim.o [1]
HAL_TIM_PeriodElapsedCallback
                        0x08001899   0x7a  Code  Gb  main.o [1]
HAL_UART_DMAStop        0x0800277f   0x48  Code  Gb  stm32f1xx_hal_uart.o [1]
HAL_UART_IRQHandler     0x080027df  0x152  Code  Gb  stm32f1xx_hal_uart.o [1]
HAL_UART_Init           0x080025fd   0x1e  Code  Gb  stm32f1xx_hal_uart.o [1]
HAL_UART_MspInit        0x08001d71  0x17c  Code  Gb  usart.o [1]
HAL_UART_Receive_DMA    0x080026ed   0x92  Code  Gb  stm32f1xx_hal_uart.o [1]
HAL_UART_Transmit_DMA   0x08002675   0x78  Code  Gb  stm32f1xx_hal_uart.o [1]
HardFault_Handler       0x08004e3b    0x2  Code  Gb  stm32f1xx_it.o [1]
I2C2_ER_IRQHandler      0x08004e93    0x6  Code  Gb  stm32f1xx_it.o [1]
I2C2_EV_IRQHandler      0x08004e8d    0x6  Code  Gb  stm32f1xx_it.o [1]
I2C_DMAAbort            0x08000bc9   0x50  Code  Lc  stm32f1xx_hal_i2c.o [1]
I2C_ITError             0x08000a91   0xde  Code  Lc  stm32f1xx_hal_i2c.o [1]
I2C_MasterReceive_BTF   0x0800071d   0x90  Code  Lc  stm32f1xx_hal_i2c.o [1]
I2C_MasterReceive_RXNE  0x08000669   0x9c  Code  Lc  stm32f1xx_hal_i2c.o [1]
I2C_MasterTransmit_BTF  0x080005d3   0x48  Code  Lc  stm32f1xx_hal_i2c.o [1]
I2C_MasterTransmit_TXE  0x0800050b   0xc8  Code  Lc  stm32f1xx_hal_i2c.o [1]
I2C_Master_ADDR         0x080007d5  0x12c  Code  Lc  stm32f1xx_hal_i2c.o [1]
I2C_Slave_AF            0x08000a19   0x78  Code  Lc  stm32f1xx_hal_i2c.o [1]
I2C_Slave_STOPF         0x0800093d   0xd6  Code  Lc  stm32f1xx_hal_i2c.o [1]
MX_ADC1_Init            0x08002151   0x70  Code  Gb  adc.o [1]
MX_CRC_Init             0x080020cd   0x1e  Code  Gb  crc.o [1]
MX_DMA_Init             0x08001ca1   0x30  Code  Gb  dma.o [1]
MX_GPIO_Init            0x08001b95   0xd0  Code  Gb  gpio.o [1]
MX_I2C2_Init            0x08000c19   0x38  Code  Gb  i2c.o [1]
MX_NVIC_Init            0x080017a3   0xf6  Code  Lc  main.o [1]
MX_TIM4_Init            0x08001f95   0x42  Code  Gb  tim.o [1]
MX_TIM5_Init            0x08001fd7   0x40  Code  Gb  tim.o [1]
MX_UART4_Init           0x08001d09   0x16  Code  Gb  usart.o [1]
MX_USART1_UART_Init     0x08001d1f   0x16  Code  Gb  usart.o [1]
MX_USART2_UART_Init     0x08001d5b   0x16  Code  Gb  usart.o [1]
MX_USB_DEVICE_Init      0x08001cd1   0x38  Code  Gb  usb_device.o [1]
MemManage_Handler       0x08004e3d    0x2  Code  Gb  stm32f1xx_it.o [1]
NMI_Handler             0x08004e39    0x2  Code  Gb  stm32f1xx_it.o [1]
NVIC_SetPriority        0x080030a9   0x1e  Code  Lc  stm32f1xx_hal_cortex.o [1]
PCD_EP_ISR_Handler      0x08004437  0x2e8  Code  Lc  stm32f1xx_hal_pcd.o [1]
PendSV_Handler          0x08004e47    0x2  Code  Gb  stm32f1xx_it.o [1]
Region$$Table$$Base     0x080050dc          --   Gb  - Linker created -
Region$$Table$$Limit    0x080050fc          --   Gb  - Linker created -
SVC_Handler             0x08004e43    0x2  Code  Gb  stm32f1xx_it.o [1]
SysTick_Handler         0x08004e49    0xe  Code  Gb  stm32f1xx_it.o [1]
SystemClock_Config      0x08001719   0x8a  Code  Gb  main.o [1]
SystemCoreClock         0x20000200    0x4  Data  Gb  system_stm32f1xx.o [1]
SystemInit              0x08004fd5   0x3a  Code  Gb  system_stm32f1xx.o [1]
TIM4_IRQHandler         0x08004e87    0x6  Code  Gb  stm32f1xx_it.o [1]
TIM5_IRQHandler         0x08004eb9    0x6  Code  Gb  stm32f1xx_it.o [1]
TIM_Base_SetConfig      0x08002503   0x74  Code  Gb  stm32f1xx_hal_tim.o [1]
TIM_ETR_SetConfig       0x080025e3   0x14  Code  Lc  stm32f1xx_hal_tim.o [1]
TIM_ITRx_SetConfig      0x080025d3   0x10  Code  Lc  stm32f1xx_hal_tim.o [1]
TIM_TI1_ConfigInputStage
                        0x08002591   0x1e  Code  Lc  stm32f1xx_hal_tim.o [1]
TIM_TI2_ConfigInputStage
                        0x080025af   0x24  Code  Lc  stm32f1xx_hal_tim.o [1]
UART4_IRQHandler        0x08004ebf    0x6  Code  Gb  stm32f1xx_it.o [1]
UART_DMAAbortOnError    0x08002a1d    0xc  Code  Lc  stm32f1xx_hal_uart.o [1]
UART_DMAError           0x080029a5   0x4a  Code  Lc  stm32f1xx_hal_uart.o [1]
UART_DMAReceiveCplt     0x08002965   0x38  Code  Lc  stm32f1xx_hal_uart.o [1]
UART_DMARxHalfCplt      0x0800299d    0x6  Code  Lc  stm32f1xx_hal_uart.o [1]
UART_DMATransmitCplt    0x08002931   0x2a  Code  Lc  stm32f1xx_hal_uart.o [1]
UART_DMATxHalfCplt      0x0800295d    0x6  Code  Lc  stm32f1xx_hal_uart.o [1]
UART_EndRxTransfer      0x08002a01   0x1c  Code  Lc  stm32f1xx_hal_uart.o [1]
UART_EndTxTransfer      0x080029ef   0x12  Code  Lc  stm32f1xx_hal_uart.o [1]
UART_Receive_IT         0x08002a29   0x96  Code  Lc  stm32f1xx_hal_uart.o [1]
UART_SetConfig          0x08002abf   0xde  Code  Lc  stm32f1xx_hal_uart.o [1]
USART1_IRQHandler       0x08004e99    0xc  Code  Gb  stm32f1xx_it.o [1]
USART2_IRQHandler       0x08004ea5    0xa  Code  Gb  stm32f1xx_it.o [1]
USBD_CDC                0x20000210   0x38  Data  Gb  usbd_cdc.o [1]
USBD_CDC_CfgFSDesc      0x2000028c   0x44  Data  Gb  usbd_cdc.o [1]
USBD_CDC_CfgHSDesc      0x20000248   0x44  Data  Gb  usbd_cdc.o [1]
USBD_CDC_DataIn         0x0800355f   0x14  Code  Lc  usbd_cdc.o [1]
USBD_CDC_DataOut        0x08003573   0x2a  Code  Lc  usbd_cdc.o [1]
USBD_CDC_DeInit         0x080034c3   0x36  Code  Lc  usbd_cdc.o [1]
USBD_CDC_DeviceQualifierDesc
                        0x20000204    0xc  Data  Lc  usbd_cdc.o [1]
USBD_CDC_EP0_RxReady    0x0800359d   0x26  Code  Lc  usbd_cdc.o [1]
USBD_CDC_GetDeviceQualifierDescriptor
                        0x080035db    0x8  Code  Gb  usbd_cdc.o [1]
USBD_CDC_GetFSCfgDesc   0x080035c3    0x8  Code  Lc  usbd_cdc.o [1]
USBD_CDC_GetHSCfgDesc   0x080035cb    0x8  Code  Lc  usbd_cdc.o [1]
USBD_CDC_GetOtherSpeedCfgDesc
                        0x080035d3    0x8  Code  Lc  usbd_cdc.o [1]
USBD_CDC_Init           0x08003445   0x74  Code  Lc  usbd_cdc.o [1]
USBD_CDC_OtherSpeedCfgDesc
                        0x200002d0   0x44  Data  Gb  usbd_cdc.o [1]
USBD_CDC_ReceivePacket  0x08003623   0x26  Code  Gb  usbd_cdc.o [1]
USBD_CDC_RegisterInterface
                        0x080035f9    0xe  Code  Gb  usbd_cdc.o [1]
USBD_CDC_SetRxBuffer    0x08003617    0xc  Code  Gb  usbd_cdc.o [1]
USBD_CDC_SetTxBuffer    0x08003607   0x10  Code  Gb  usbd_cdc.o [1]
USBD_CDC_Setup          0x080034f9   0x66  Code  Lc  usbd_cdc.o [1]
USBD_CDC_Setup::ifalt   0x200041cc    0x1  Data  Lc  usbd_cdc.o [1]
USBD_ClrClassConfig     0x08003273    0xa  Code  Gb  usbd_core.o [1]
USBD_CtlContinueRx      0x08004077    0x4  Code  Gb  usbd_ioreq.o [1]
USBD_CtlContinueSendData
                        0x08004053    0x4  Code  Gb  usbd_ioreq.o [1]
USBD_CtlError           0x08003fe7   0x16  Code  Gb  usbd_ctlreq.o [1]
USBD_CtlPrepareRx       0x08004063   0x14  Code  Gb  usbd_ioreq.o [1]
USBD_CtlReceiveStatus   0x08004095    0xe  Code  Gb  usbd_ioreq.o [1]
USBD_CtlSendData        0x08004043   0x10  Code  Gb  usbd_ioreq.o [1]
USBD_CtlSendStatus      0x08004087    0xe  Code  Gb  usbd_ioreq.o [1]
USBD_FS_ConfigStrDescriptor
                        0x08004f65    0xc  Code  Gb  usbd_desc.o [1]
USBD_FS_DeviceDesc      0x20000340   0x14  Data  Gb  usbd_desc.o [1]
USBD_FS_DeviceDescriptor
                        0x08004f15    0x8  Code  Gb  usbd_desc.o [1]
USBD_FS_InterfaceStrDescriptor
                        0x08004f71    0xc  Code  Gb  usbd_desc.o [1]
USBD_FS_LangIDStrDescriptor
                        0x08004f1d    0x8  Code  Gb  usbd_desc.o [1]
USBD_FS_ManufacturerStrDescriptor
                        0x08004f31    0xa  Code  Gb  usbd_desc.o [1]
USBD_FS_ProductStrDescriptor
                        0x08004f25    0xc  Code  Gb  usbd_desc.o [1]
USBD_FS_SerialStrDescriptor
                        0x08004f45    0xc  Code  Gb  usbd_desc.o [1]
USBD_GetDescriptor      0x08003ec9   0xf0  Code  Lc  usbd_ctlreq.o [1]
USBD_GetString          0x08003ffd   0x46  Code  Gb  usbd_ctlreq.o [1]
USBD_Init               0x0800321d   0x26  Code  Gb  usbd_core.o [1]
USBD_Interface_fops_FS  0x20000314   0x10  Data  Gb  usbd_cdc_if.o [1]
USBD_LL_ClearStallEP    0x08003baf   0x1a  Code  Gb  usbd_conf.o [1]
USBD_LL_CloseEP         0x08003b7b   0x1a  Code  Gb  usbd_conf.o [1]
USBD_LL_DataInStage     0x08003335   0x94  Code  Gb  usbd_core.o [1]
USBD_LL_DataOutStage    0x080032d3   0x62  Code  Gb  usbd_core.o [1]
USBD_LL_GetRxDataSize   0x08003c35    0x8  Code  Gb  usbd_conf.o [1]
USBD_LL_Init            0x08003abb   0x86  Code  Gb  usbd_conf.o [1]
USBD_LL_IsStallEP       0x08003bc9   0x1e  Code  Gb  usbd_conf.o [1]
USBD_LL_OpenEP          0x08003b5b   0x20  Code  Gb  usbd_conf.o [1]
USBD_LL_PrepareReceive  0x08003c1b   0x1a  Code  Gb  usbd_conf.o [1]
USBD_LL_Reset           0x080033c9   0x40  Code  Gb  usbd_core.o [1]
USBD_LL_Resume          0x0800341b    0x6  Code  Gb  usbd_core.o [1]
USBD_LL_SOF             0x08003427   0x18  Code  Gb  usbd_core.o [1]
USBD_LL_SetSpeed        0x08003409    0x6  Code  Gb  usbd_core.o [1]
USBD_LL_SetUSBAddress   0x08003be7   0x1a  Code  Gb  usbd_conf.o [1]
USBD_LL_SetupStage      0x0800327d   0x56  Code  Gb  usbd_core.o [1]
USBD_LL_StallEP         0x08003b95   0x1a  Code  Gb  usbd_conf.o [1]
USBD_LL_Start           0x08003b41   0x1a  Code  Gb  usbd_conf.o [1]
USBD_LL_Suspend         0x0800340f    0xc  Code  Gb  usbd_core.o [1]
USBD_LL_Transmit        0x08003c01   0x1a  Code  Gb  usbd_conf.o [1]
USBD_LangIDDesc         0x20000354    0x4  Data  Gb  usbd_desc.o [1]
USBD_ParseSetupRequest  0x08003fbf   0x28  Code  Gb  usbd_ctlreq.o [1]
USBD_RegisterClass      0x08003243   0x10  Code  Gb  usbd_core.o [1]
USBD_SetClassConfig     0x0800325d   0x16  Code  Gb  usbd_core.o [1]
USBD_SetConfig::cfgidx  0x200041cd    0x1  Data  Lc  usbd_ctlreq.o [1]
USBD_Start              0x08003253    0xa  Code  Gb  usbd_core.o [1]
USBD_StdDevReq          0x08003c99  0x12a  Code  Gb  usbd_ctlreq.o [1]
USBD_StdEPReq           0x08003e01   0xbc  Code  Gb  usbd_ctlreq.o [1]
USBD_StdItfReq          0x08003dc9   0x32  Code  Gb  usbd_ctlreq.o [1]
USBD_StrDesc            0x20003c14  0x200  Data  Gb  usbd_desc.o [1]
USBD_static_free        0x08003c55    0x2  Code  Gb  usbd_conf.o [1]
USBD_static_malloc      0x08003c3d    0x4  Code  Gb  usbd_conf.o [1]
USBD_static_malloc::mem
                        0x200039f4  0x220  Data  Lc  usbd_conf.o [1]
USB_ActivateEndpoint    0x080047c9  0x206  Code  Gb  stm32f1xx_ll_usb.o [1]
USB_CoreInit            0x0800478d    0x4  Code  Gb  stm32f1xx_ll_usb.o [1]
USB_DeactivateEndpoint  0x080049fd   0xd0  Code  Gb  stm32f1xx_ll_usb.o [1]
USB_DevConnect          0x08004d4b    0x4  Code  Gb  stm32f1xx_ll_usb.o [1]
USB_DevDisconnect       0x08004d4f    0x4  Code  Gb  stm32f1xx_ll_usb.o [1]
USB_DevInit             0x080047a9   0x18  Code  Gb  stm32f1xx_ll_usb.o [1]
USB_DisableGlobalInt    0x0800479b    0xa  Code  Gb  stm32f1xx_ll_usb.o [1]
USB_EP0_OutStart        0x08004d59    0x4  Code  Gb  stm32f1xx_ll_usb.o [1]
USB_EPClearStall        0x08004ccf   0x70  Code  Gb  stm32f1xx_ll_usb.o [1]
USB_EPSetStall          0x08004c85   0x4a  Code  Gb  stm32f1xx_ll_usb.o [1]
USB_EPStartXfer         0x08004afb  0x152  Code  Gb  stm32f1xx_ll_usb.o [1]
USB_EnableGlobalInt     0x08004791    0xa  Code  Gb  stm32f1xx_ll_usb.o [1]
USB_LP_CAN1_RX0_IRQHandler
                        0x08004e81    0x6  Code  Gb  stm32f1xx_it.o [1]
USB_ReadInterrupts      0x08004d53    0x6  Code  Gb  stm32f1xx_ll_usb.o [1]
USB_ReadPMA             0x08004d93   0x1c  Code  Gb  stm32f1xx_ll_usb.o [1]
USB_SetCurrentMode      0x080047a5    0x4  Code  Gb  stm32f1xx_ll_usb.o [1]
USB_SetDevAddress       0x08004d3f    0xc  Code  Gb  stm32f1xx_ll_usb.o [1]
USB_WritePMA            0x08004d6f   0x24  Code  Gb  stm32f1xx_ll_usb.o [1]
UsageFault_Handler      0x08004e41    0x2  Code  Gb  stm32f1xx_it.o [1]
UserRxBufferFS          0x20000358  0x800  Data  Gb  usbd_cdc_if.o [1]
UserTxBufferFS          0x20000b58  0x800  Data  Gb  usbd_cdc_if.o [1]
_Error_Handler          0x08001935    0x2  Code  Gb  main.o [1]
__aeabi_memcpy4         0x08004db1         Code  Gb  ABImemcpy.o [4]
__aeabi_memcpy8         0x08004db1         Code  Gb  ABImemcpy.o [4]
__cmain                 0x080050fd         Code  Gb  cmain.o [4]
__exit                  0x08005131   0x14  Code  Gb  exit.o [5]
__iar_data_init3        0x080050b5   0x28  Code  Gb  data_init.o [4]
__iar_lz77_init_single3
                        0x080011c7   0x7a  Code  Gb  lz77_init_single.o [4]
__iar_program_start     0x08005155         Code  Gb  cstartup_M.o [4]
__iar_systems$$module {Abs}
                        0x00000001         Data  Gb  command line/config [2]
__iar_zero_init3        0x08005075   0x40  Code  Gb  zero_init3.o [4]
__low_level_init        0x0800511b    0x4  Code  Gb  low_level_init.o [3]
__vector_table          0x08000000         Data  Gb  startup_stm32f103xe.o [1]
_call_main              0x08005109         Code  Gb  cmain.o [4]
_exit                   0x08005125         Code  Gb  cexit.o [4]
_main                   0x08005117         Code  Gb  cmain.o [4]
ccitt_table             0x20000000  0x200  Data  Lc  DS_Protocol.o [1]
exit                    0x0800511f    0x4  Code  Gb  exit.o [3]
gCortexA9ProtocolCmd    0x20003fcc   0x1c  Data  Gb  main.o [1]
gDoorBoardProtocolCmd   0x20003fe8   0x1c  Data  Gb  main.o [1]
gGentleSensorStatusDetection
                        0x20003fbc    0xc  Data  Gb  main.o [1]
gTIM4Cnt                0x20003fca    0x2  Data  Gb  main.o [1]
gTIM4CntFlag            0x20003fc8    0x1  Data  Gb  main.o [1]
hUsbDeviceFS            0x200037d0  0x224  Data  Gb  usb_device.o [1]
hadc1                   0x20004188   0x30  Data  Gb  adc.o [1]
hcrc                    0x200041b8    0x8  Data  Gb  crc.o [1]
hdma_adc1               0x20004004   0x44  Data  Gb  adc.o [1]
hdma_uart4_tx           0x20003e14   0x44  Data  Gb  usart.o [1]
hdma_usart1_rx          0x20003e58   0x44  Data  Gb  usart.o [1]
hdma_usart1_tx          0x20003e9c   0x44  Data  Gb  usart.o [1]
hdma_usart2_rx          0x20003ee0   0x44  Data  Gb  usart.o [1]
hdma_usart2_tx          0x20003f24   0x44  Data  Gb  usart.o [1]
hi2c2                   0x20003f68   0x54  Data  Gb  i2c.o [1]
hpcd_USB_FS             0x20003370  0x460  Data  Gb  usbd_conf.o [1]
htim4                   0x20004048   0x40  Data  Gb  tim.o [1]
htim5                   0x20004088   0x40  Data  Gb  tim.o [1]
huart1                  0x20004108   0x40  Data  Gb  usart.o [1]
huart2                  0x20004148   0x40  Data  Gb  usart.o [1]
huart4                  0x200040c8   0x40  Data  Gb  usart.o [1]
main                    0x08001669   0xb0  Code  Gb  main.o [1]
uwTick                  0x200041c8    0x4  Data  Gb  stm32f1xx_hal.o [1]


[1] = E:\Users\bertz\Documents\GitHub\DSv1.3\DSPro\EWARM\DSPro\Obj
[2] = command line
[3] = dl7M_tlf.a
[4] = rt7M_tl.a
[5] = shb_l.a

  20 976 bytes of readonly  code memory
     763 bytes of readonly  data memory
  17 870 bytes of readwrite data memory

Errors: none
Warnings: none
