###############################################################################
#
# IAR ELF Linker V8.20.1.14183/W32 for ARM                12/Dec/2017  14:52:50
# Copyright 2007-2017 IAR Systems AB.
#
#    Output file  =  
#        C:\Users\17657\Desktop\DSv1.3\DSPro\EWARM\DSPro\Exe\DSPro.out
#    Map file     =  
#        C:\Users\17657\Desktop\DSv1.3\DSPro\EWARM\DSPro\List\DSPro.map
#    Command line =  
#        -f C:\Users\17657\AppData\Local\Temp\EW9CE2.tmp
#        (C:\Users\17657\Desktop\DSv1.3\DSPro\EWARM\DSPro\Obj\crc.o
#        C:\Users\17657\Desktop\DSv1.3\DSPro\EWARM\DSPro\Obj\dma.o
#        C:\Users\17657\Desktop\DSv1.3\DSPro\EWARM\DSPro\Obj\DS_Protocol.o
#        C:\Users\17657\Desktop\DSv1.3\DSPro\EWARM\DSPro\Obj\GentleSensor.o
#        C:\Users\17657\Desktop\DSv1.3\DSPro\EWARM\DSPro\Obj\gpio.o
#        C:\Users\17657\Desktop\DSv1.3\DSPro\EWARM\DSPro\Obj\main.o
#        C:\Users\17657\Desktop\DSv1.3\DSPro\EWARM\DSPro\Obj\startup_stm32f103xe.o
#        C:\Users\17657\Desktop\DSv1.3\DSPro\EWARM\DSPro\Obj\stm32f1xx_hal.o
#        C:\Users\17657\Desktop\DSv1.3\DSPro\EWARM\DSPro\Obj\stm32f1xx_hal_cortex.o
#        C:\Users\17657\Desktop\DSv1.3\DSPro\EWARM\DSPro\Obj\stm32f1xx_hal_crc.o
#        C:\Users\17657\Desktop\DSv1.3\DSPro\EWARM\DSPro\Obj\stm32f1xx_hal_dma.o
#        C:\Users\17657\Desktop\DSv1.3\DSPro\EWARM\DSPro\Obj\stm32f1xx_hal_flash.o
#        C:\Users\17657\Desktop\DSv1.3\DSPro\EWARM\DSPro\Obj\stm32f1xx_hal_flash_ex.o
#        C:\Users\17657\Desktop\DSv1.3\DSPro\EWARM\DSPro\Obj\stm32f1xx_hal_gpio.o
#        C:\Users\17657\Desktop\DSv1.3\DSPro\EWARM\DSPro\Obj\stm32f1xx_hal_gpio_ex.o
#        C:\Users\17657\Desktop\DSv1.3\DSPro\EWARM\DSPro\Obj\stm32f1xx_hal_msp.o
#        C:\Users\17657\Desktop\DSv1.3\DSPro\EWARM\DSPro\Obj\stm32f1xx_hal_pcd.o
#        C:\Users\17657\Desktop\DSv1.3\DSPro\EWARM\DSPro\Obj\stm32f1xx_hal_pcd_ex.o
#        C:\Users\17657\Desktop\DSv1.3\DSPro\EWARM\DSPro\Obj\stm32f1xx_hal_pwr.o
#        C:\Users\17657\Desktop\DSv1.3\DSPro\EWARM\DSPro\Obj\stm32f1xx_hal_rcc.o
#        C:\Users\17657\Desktop\DSv1.3\DSPro\EWARM\DSPro\Obj\stm32f1xx_hal_rcc_ex.o
#        C:\Users\17657\Desktop\DSv1.3\DSPro\EWARM\DSPro\Obj\stm32f1xx_hal_tim.o
#        C:\Users\17657\Desktop\DSv1.3\DSPro\EWARM\DSPro\Obj\stm32f1xx_hal_tim_ex.o
#        C:\Users\17657\Desktop\DSv1.3\DSPro\EWARM\DSPro\Obj\stm32f1xx_hal_uart.o
#        C:\Users\17657\Desktop\DSv1.3\DSPro\EWARM\DSPro\Obj\stm32f1xx_it.o
#        C:\Users\17657\Desktop\DSv1.3\DSPro\EWARM\DSPro\Obj\stm32f1xx_ll_usb.o
#        C:\Users\17657\Desktop\DSv1.3\DSPro\EWARM\DSPro\Obj\system_stm32f1xx.o
#        C:\Users\17657\Desktop\DSv1.3\DSPro\EWARM\DSPro\Obj\tim.o
#        C:\Users\17657\Desktop\DSv1.3\DSPro\EWARM\DSPro\Obj\usart.o
#        C:\Users\17657\Desktop\DSv1.3\DSPro\EWARM\DSPro\Obj\usb_device.o
#        C:\Users\17657\Desktop\DSv1.3\DSPro\EWARM\DSPro\Obj\usbd_cdc.o
#        C:\Users\17657\Desktop\DSv1.3\DSPro\EWARM\DSPro\Obj\usbd_cdc_if.o
#        C:\Users\17657\Desktop\DSv1.3\DSPro\EWARM\DSPro\Obj\usbd_conf.o
#        C:\Users\17657\Desktop\DSv1.3\DSPro\EWARM\DSPro\Obj\usbd_core.o
#        C:\Users\17657\Desktop\DSv1.3\DSPro\EWARM\DSPro\Obj\usbd_ctlreq.o
#        C:\Users\17657\Desktop\DSv1.3\DSPro\EWARM\DSPro\Obj\usbd_desc.o
#        C:\Users\17657\Desktop\DSv1.3\DSPro\EWARM\DSPro\Obj\usbd_ioreq.o
#        --redirect _Printf=_PrintfFull --redirect _Scanf=_ScanfFull -o
#        C:\Users\17657\Desktop\DSv1.3\DSPro\EWARM\DSPro\Exe\DSPro.out --map
#        C:\Users\17657\Desktop\DSv1.3\DSPro\EWARM\DSPro\List\DSPro.map
#        --config
#        C:\Users\17657\Desktop\DSv1.3\DSPro\EWARM/stm32f103xe_flash.icf
#        --semihosting --entry __iar_program_start --vfe --text_out locale)
#
###############################################################################

*******************************************************************************
*** RUNTIME MODEL ATTRIBUTES
***

CppFlavor       = *
__SystemLibrary = DLib
__dlib_version  = 6


*******************************************************************************
*** HEAP SELECTION
***

The basic heap was selected because no calls to memory allocation
functions were found in the application outside of system library
functions, and there are calls to deallocation functions in the
application.


*******************************************************************************
*** PLACEMENT SUMMARY
***

"A0":  place at 0x08000000 { ro section .intvec };
"P1":  place in [from 0x08000000 to 0x0807ffff] { ro };
define block CSTACK with size = 1K, alignment = 8 { };
define block HEAP with size = 512, alignment = 8 { };
"P2":  place in [from 0x20000000 to 0x2000ffff] {
          rw, block CSTACK, block HEAP };
initialize by copy { rw };

  Section            Kind        Address    Size  Object
  -------            ----        -------    ----  ------
"A0":                                      0x130
  .intvec            ro code  0x08000000   0x130  startup_stm32f103xe.o [1]
                            - 0x08000130   0x130

"P1":                                     0x40f0
  .text              ro code  0x08000130   0x6b2  stm32f1xx_hal_pcd.o [1]
  .text              ro code  0x080007e2    0x7a  lz77_init_single.o [4]
  .text              ro code  0x0800085c   0x264  usbd_conf.o [1]
  .text              ro code  0x08000ac0   0x622  stm32f1xx_ll_usb.o [1]
  .text              ro code  0x080010e4    0x86  ABImemcpy.o [4]
  .text              ro code  0x0800116a   0x228  usbd_core.o [1]
  .text              ro code  0x08001394   0x21e  main.o [1]
  .text              ro code  0x080015b2    0x30  stm32f1xx_hal_pcd_ex.o [1]
  .text              ro code  0x080015e4   0x3aa  usbd_ctlreq.o [1]
  .text              ro code  0x0800198e    0x60  usbd_ioreq.o [1]
  .text              ro code  0x080019f0    0x24  stm32f1xx_hal.o [1]
  .text              ro code  0x08001a14    0xf4  gpio.o [1]
  .text              ro code  0x08001b08    0x20  dma.o [1]
  .text              ro code  0x08001b28    0x38  usb_device.o [1]
  .text              ro code  0x08001b60   0x1f4  usart.o [1]
  .text              ro code  0x08001d54   0x130  tim.o [1]
  .text              ro code  0x08001e84    0x7c  crc.o [1]
  .text              ro code  0x08001f00    0xe6  stm32f1xx_hal_cortex.o [1]
  .text              ro code  0x08001fe8   0x36c  stm32f1xx_hal_tim.o [1]
  .text              ro code  0x08002354   0x5ac  stm32f1xx_hal_uart.o [1]
  .text              ro code  0x08002900   0x358  DS_Protocol.o [1]
  .text              ro code  0x08002c58   0x4de  stm32f1xx_hal_rcc.o [1]
  .text              ro code  0x08003138    0xe8  stm32f1xx_hal_rcc_ex.o [1]
  .text              ro code  0x08003220   0x202  stm32f1xx_hal_gpio.o [1]
  .text              ro code  0x08003424    0x28  stm32f1xx_hal.o [1]
  .text              ro code  0x0800344c    0x8c  stm32f1xx_hal_msp.o [1]
  .text              ro code  0x080034d8   0x204  usbd_cdc.o [1]
  .text              ro code  0x080036dc   0x422  stm32f1xx_hal_dma.o [1]
  .text              ro code  0x08003b00    0x4a  stm32f1xx_hal_tim_ex.o [1]
  .text              ro code  0x08003b4a    0x20  stm32f1xx_hal_crc.o [1]
  .text              ro code  0x08003b6a     0x2  stm32f1xx_hal_tim.o [1]
  .text              ro code  0x08003b6c     0x2  stm32f1xx_hal_tim.o [1]
  .text              ro code  0x08003b6e     0x2  stm32f1xx_hal_tim_ex.o [1]
  .text              ro code  0x08003b70     0x2  stm32f1xx_hal_tim.o [1]
  .text              ro code  0x08003b72     0x2  stm32f1xx_hal_tim_ex.o [1]
  .text              ro code  0x08003b74     0x2  stm32f1xx_hal_tim.o [1]
  .text              ro code  0x08003b76     0x2  stm32f1xx_hal_uart.o [1]
  .text              ro code  0x08003b78     0x2  stm32f1xx_hal_uart.o [1]
  .text              ro code  0x08003b7a     0x2  stm32f1xx_hal_uart.o [1]
  .text              ro code  0x08003b7c     0x2  stm32f1xx_hal_uart.o [1]
  .text              ro code  0x08003b7e     0x2  stm32f1xx_hal_uart.o [1]
  .text              ro code  0x08003b80     0xc  stm32f1xx_hal.o [1]
  .text              ro code  0x08003b8c    0xc0  usbd_desc.o [1]
  .text              ro code  0x08003c4c    0x94  stm32f1xx_it.o [1]
  .text              ro code  0x08003ce0    0x10  stm32f1xx_hal.o [1]
  .text              ro code  0x08003cf0    0x5c  system_stm32f1xx.o [1]
  .text              ro code  0x08003d4c    0x44  usbd_cdc_if.o [1]
  .text              ro code  0x08003d90    0x40  zero_init3.o [4]
  .text              ro code  0x08003dd0    0x28  data_init.o [4]
  .iar.init_table    const    0x08003df8    0x20  - Linker created -
  .text              ro code  0x08003e18    0x1e  cmain.o [4]
  .text              ro code  0x08003e36     0x4  low_level_init.o [3]
  .text              ro code  0x08003e3a     0x4  exit.o [3]
  .text              ro code  0x08003e40     0xa  cexit.o [4]
  .text              ro code  0x08003e4c    0x14  exit.o [5]
  .text              ro code  0x08003e60    0x10  startup_stm32f103xe.o [1]
  .text              ro code  0x08003e70     0xc  cstartup_M.o [4]
  .rodata            const    0x08003e7c     0x8  system_stm32f1xx.o [1]
  .text              ro code  0x08003e84     0x4  startup_stm32f103xe.o [1]
  .text              ro code  0x08003e88     0x4  startup_stm32f103xe.o [1]
  .text              ro code  0x08003e8c     0x4  startup_stm32f103xe.o [1]
  .text              ro code  0x08003e90     0x4  startup_stm32f103xe.o [1]
  .text              ro code  0x08003e94     0x4  startup_stm32f103xe.o [1]
  .text              ro code  0x08003e98     0x4  startup_stm32f103xe.o [1]
  .text              ro code  0x08003e9c     0x4  startup_stm32f103xe.o [1]
  .text              ro code  0x08003ea0     0x4  startup_stm32f103xe.o [1]
  .text              ro code  0x08003ea4     0x4  startup_stm32f103xe.o [1]
  .text              ro code  0x08003ea8     0x4  startup_stm32f103xe.o [1]
  .text              ro code  0x08003eac     0x4  startup_stm32f103xe.o [1]
  .text              ro code  0x08003eb0     0x4  startup_stm32f103xe.o [1]
  .text              ro code  0x08003eb4     0x4  startup_stm32f103xe.o [1]
  .text              ro code  0x08003eb8     0x4  startup_stm32f103xe.o [1]
  .text              ro code  0x08003ebc     0x4  startup_stm32f103xe.o [1]
  .text              ro code  0x08003ec0     0x4  startup_stm32f103xe.o [1]
  .text              ro code  0x08003ec4     0x4  startup_stm32f103xe.o [1]
  .text              ro code  0x08003ec8     0x4  startup_stm32f103xe.o [1]
  .text              ro code  0x08003ecc     0x4  startup_stm32f103xe.o [1]
  .text              ro code  0x08003ed0     0x4  startup_stm32f103xe.o [1]
  .text              ro code  0x08003ed4     0x4  startup_stm32f103xe.o [1]
  .text              ro code  0x08003ed8     0x4  startup_stm32f103xe.o [1]
  .text              ro code  0x08003edc     0x4  startup_stm32f103xe.o [1]
  .text              ro code  0x08003ee0     0x4  startup_stm32f103xe.o [1]
  .text              ro code  0x08003ee4     0x4  startup_stm32f103xe.o [1]
  .text              ro code  0x08003ee8     0x4  startup_stm32f103xe.o [1]
  .text              ro code  0x08003eec     0x4  startup_stm32f103xe.o [1]
  .text              ro code  0x08003ef0     0x4  startup_stm32f103xe.o [1]
  .text              ro code  0x08003ef4     0x4  startup_stm32f103xe.o [1]
  .text              ro code  0x08003ef8     0x4  startup_stm32f103xe.o [1]
  .text              ro code  0x08003efc     0x4  startup_stm32f103xe.o [1]
  .text              ro code  0x08003f00     0x4  startup_stm32f103xe.o [1]
  .text              ro code  0x08003f04     0x4  startup_stm32f103xe.o [1]
  .text              ro code  0x08003f08     0x4  startup_stm32f103xe.o [1]
  .text              ro code  0x08003f0c     0x4  startup_stm32f103xe.o [1]
  .text              ro code  0x08003f10     0x4  startup_stm32f103xe.o [1]
  .text              ro code  0x08003f14     0x4  startup_stm32f103xe.o [1]
  .text              ro code  0x08003f18     0x4  startup_stm32f103xe.o [1]
  .text              ro code  0x08003f1c     0x4  startup_stm32f103xe.o [1]
  .text              ro code  0x08003f20     0x4  startup_stm32f103xe.o [1]
  .text              ro code  0x08003f24     0x4  startup_stm32f103xe.o [1]
  .text              ro code  0x08003f28     0x4  startup_stm32f103xe.o [1]
  .text              ro code  0x08003f2c     0x4  startup_stm32f103xe.o [1]
  .text              ro code  0x08003f30     0x4  startup_stm32f103xe.o [1]
  .text              ro code  0x08003f34     0x4  startup_stm32f103xe.o [1]
  .text              ro code  0x08003f38     0x4  startup_stm32f103xe.o [1]
  .text              ro code  0x08003f3c     0x4  startup_stm32f103xe.o [1]
  .text              ro code  0x08003f40     0x4  startup_stm32f103xe.o [1]
  .text              ro code  0x08003f44     0x4  startup_stm32f103xe.o [1]
  .text              ro code  0x08003f48     0x4  startup_stm32f103xe.o [1]
  .rodata            const    0x08003f4c     0x0  zero_init3.o [4]
  .rodata            const    0x08003f4c     0x0  lz77_init_single.o [4]
  Initializer bytes  const    0x08003f4c   0x2d4  <for P2-1>
                            - 0x08004220  0x40f0

"P2", part 1 of 3:                         0x358
  P2-1                        0x20000000   0x358  <Init block>
    .data            inited   0x20000000   0x200  DS_Protocol.o [1]
    .data            inited   0x20000200     0x4  system_stm32f1xx.o [1]
    .data            inited   0x20000204     0xc  usbd_cdc.o [1]
    .data            inited   0x20000210    0x38  usbd_cdc.o [1]
    .data            inited   0x20000248    0x44  usbd_cdc.o [1]
    .data            inited   0x2000028c    0x44  usbd_cdc.o [1]
    .data            inited   0x200002d0    0x44  usbd_cdc.o [1]
    .data            inited   0x20000314    0x10  usbd_cdc_if.o [1]
    .data            inited   0x20000324    0x1c  usbd_desc.o [1]
    .data            inited   0x20000340    0x14  usbd_desc.o [1]
    .data            inited   0x20000354     0x4  usbd_desc.o [1]
                            - 0x20000358   0x358

"P2", part 2 of 3:                        0x3d24
  .bss               zero     0x20000358  0x1000  usbd_cdc_if.o [1]
  .bss               zero     0x20001358   0x808  DS_Protocol.o [1]
  .bss               zero     0x20001b60   0x808  DS_Protocol.o [1]
  .bss               zero     0x20002368   0x804  DS_Protocol.o [1]
  .bss               zero     0x20002b6c   0x804  DS_Protocol.o [1]
  .bss               zero     0x20003370   0x460  usbd_conf.o [1]
  .bss               zero     0x200037d0   0x224  usb_device.o [1]
  .bss               zero     0x200039f4   0x220  usbd_conf.o [1]
  .bss               zero     0x20003c14   0x200  usbd_desc.o [1]
  .bss               zero     0x20003e14   0x110  usart.o [1]
  .bss               zero     0x20003f24    0x40  tim.o [1]
  .bss               zero     0x20003f64    0x40  tim.o [1]
  .bss               zero     0x20003fa4    0x40  usart.o [1]
  .bss               zero     0x20003fe4    0x40  usart.o [1]
  .bss               zero     0x20004024    0x38  main.o [1]
  .bss               zero     0x2000405c     0x8  crc.o [1]
  .bss               zero     0x20004064     0x8  DS_Protocol.o [1]
  .bss               zero     0x2000406c     0x8  main.o [1]
  .bss               zero     0x20004074     0x4  stm32f1xx_hal.o [1]
  .bss               zero     0x20004078     0x1  usbd_cdc.o [1]
  .bss               zero     0x20004079     0x1  usbd_ctlreq.o [1]
                            - 0x2000407a  0x3d22

"P2", part 3 of 3:                         0x400
  CSTACK                      0x20004080   0x400  <Block>
    CSTACK           uninit   0x20004080   0x400  <Block tail>
                            - 0x20004480   0x400


*******************************************************************************
*** INIT TABLE
***

          Address     Size
          -------     ----
Zero (__iar_zero_init3)
    1 destination range, total size 0x3d22:
          0x20000358  0x3d22

Copy/lz77 (__iar_lz77_init_single3)
    1 source range, total size 0x2d4 (84% of destination):
          0x08003f4c   0x2d4
    1 destination range, total size 0x358:
          0x20000000   0x358



*******************************************************************************
*** MODULE SUMMARY
***

    Module                  ro code  ro data  rw data
    ------                  -------  -------  -------
C:\Users\17657\Desktop\DSv1.3\DSPro\EWARM\DSPro\Obj: [1]
    DS_Protocol.o               856      433    8 736
    crc.o                       124                 8
    dma.o                        32
    gpio.o                      244
    main.o                      542                64
    startup_stm32f103xe.o       520
    stm32f1xx_hal.o             104                 4
    stm32f1xx_hal_cortex.o      230
    stm32f1xx_hal_crc.o          32
    stm32f1xx_hal_dma.o       1 058
    stm32f1xx_hal_gpio.o        514
    stm32f1xx_hal_msp.o         140
    stm32f1xx_hal_pcd.o       1 714
    stm32f1xx_hal_pcd_ex.o       48
    stm32f1xx_hal_rcc.o       1 246
    stm32f1xx_hal_rcc_ex.o      232
    stm32f1xx_hal_tim.o         884
    stm32f1xx_hal_tim_ex.o       78
    stm32f1xx_hal_uart.o      1 462
    stm32f1xx_it.o              148
    stm32f1xx_ll_usb.o        1 570
    system_stm32f1xx.o           92       11        4
    tim.o                       304               128
    usart.o                     500               400
    usb_device.o                 56               548
    usbd_cdc.o                  516      230      273
    usbd_cdc_if.o                68       14    4 112
    usbd_conf.o                 612             1 664
    usbd_core.o                 552
    usbd_ctlreq.o               938                 1
    usbd_desc.o                 192       44      564
    usbd_ioreq.o                 96
    -------------------------------------------------
    Total:                   15 704      732   16 506

command line: [2]
    -------------------------------------------------
    Total:

dl7M_tlf.a: [3]
    exit.o                        4
    low_level_init.o              4
    -------------------------------------------------
    Total:                        8

rt7M_tl.a: [4]
    ABImemcpy.o                 134
    cexit.o                      10
    cmain.o                      30
    cstartup_M.o                 12
    data_init.o                  40
    lz77_init_single.o          122
    zero_init3.o                 64
    -------------------------------------------------
    Total:                      412

shb_l.a: [5]
    exit.o                       20
    -------------------------------------------------
    Total:                       20

    Gaps                         20
    Linker created                        32    1 024
-----------------------------------------------------
    Grand Total:             16 164      764   17 530


*******************************************************************************
*** ENTRY LIST
***

Entry                      Address   Size  Type      Object
-----                      -------   ----  ----      ------
.iar.init_table$$Base   0x08003df8          --   Gb  - Linker created -
.iar.init_table$$Limit  0x08003e18          --   Gb  - Linker created -
?main                   0x08003e19         Code  Gb  cmain.o [4]
AHBPrescTable           0x08003d3c   0x10  Data  Gb  system_stm32f1xx.o [1]
APBPrescTable           0x08003e7c    0x8  Data  Gb  system_stm32f1xx.o [1]
AckCmdBuffer            0x20004064    0x8  Data  Gb  DS_Protocol.o [1]
BusFault_Handler        0x08003c53    0x2  Code  Gb  stm32f1xx_it.o [1]
CDC_Control_FS          0x08003d6f    0x4  Code  Lc  usbd_cdc_if.o [1]
CDC_DeInit_FS           0x08003d6b    0x4  Code  Lc  usbd_cdc_if.o [1]
CDC_Init_FS             0x08003d4d   0x1e  Code  Lc  usbd_cdc_if.o [1]
CDC_Receive_FS          0x08003d73   0x16  Code  Lc  usbd_cdc_if.o [1]
CRC16BIT                0x08002901   0x2e  Code  Lc  DS_Protocol.o [1]
CSTACK$$Base            0x20004080          --   Gb  - Linker created -
CSTACK$$Limit           0x20004480          --   Gb  - Linker created -
CortexA9CmdDataBuffer   0x20001358  0x808  Data  Gb  DS_Protocol.o [1]
CortexA9UsartType       0x20002368  0x804  Data  Gb  DS_Protocol.o [1]
DMA1_Channel4_IRQHandler
                        0x08003c71    0x6  Code  Gb  stm32f1xx_it.o [1]
DMA1_Channel5_IRQHandler
                        0x08003c77    0x6  Code  Gb  stm32f1xx_it.o [1]
DMA1_Channel6_IRQHandler
                        0x08003c7d    0x6  Code  Gb  stm32f1xx_it.o [1]
DMA1_Channel7_IRQHandler
                        0x08003c83    0x6  Code  Gb  stm32f1xx_it.o [1]
DMA_SetConfig           0x08003add   0x22  Code  Lc  stm32f1xx_hal_dma.o [1]
DS_AckRequestCmdFromCortexA9
                        0x08002bf5   0x10  Code  Gb  DS_Protocol.o [1]
DS_CortexA9UsartReceive_IDLE
                        0x0800292f   0x24  Code  Gb  DS_Protocol.o [1]
DS_DoorBoardUsartReceive_IDLE
                        0x08002953   0x24  Code  Gb  DS_Protocol.o [1]
DS_HandingCmdFromCortexA9
                        0x08002b97   0x5e  Code  Gb  DS_Protocol.o [1]
DS_HandingUartDataFromCortexA9
                        0x08002a49   0xc6  Code  Gb  DS_Protocol.o [1]
DS_ProtocolInit         0x080029a9   0x1e  Code  Gb  DS_Protocol.o [1]
DS_SendDataToCortexA9   0x080029c7    0xc  Code  Gb  DS_Protocol.o [1]
DS_SendDataToDoorBoard  0x080029d3    0xc  Code  Gb  DS_Protocol.o [1]
DS_TrySend5TimesCmdToCortexA9
                        0x080029df   0x30  Code  Gb  DS_Protocol.o [1]
DS_TrySend5TimesCmdToDoorBoard
                        0x08002a0f   0x30  Code  Gb  DS_Protocol.o [1]
DebugMon_Handler        0x08003c59    0x2  Code  Gb  stm32f1xx_it.o [1]
DoorBoardCmdDataBuffer  0x20001b60  0x808  Data  Gb  DS_Protocol.o [1]
DoorBoardUsartType      0x20002b6c  0x804  Data  Gb  DS_Protocol.o [1]
EXTI1_IRQHandler        0x08003c6b    0x6  Code  Gb  stm32f1xx_it.o [1]
FS_Desc                 0x20000324   0x1c  Data  Gb  usbd_desc.o [1]
HAL_CRC_Init            0x08003b4b   0x20  Code  Gb  stm32f1xx_hal_crc.o [1]
HAL_CRC_MspInit         0x08001ea3   0x22  Code  Gb  crc.o [1]
HAL_DMA_Abort           0x080037d7   0x32  Code  Gb  stm32f1xx_hal_dma.o [1]
HAL_DMA_Abort_IT        0x08003809   0xdc  Code  Gb  stm32f1xx_hal_dma.o [1]
HAL_DMA_IRQHandler      0x080038e5  0x1b4  Code  Gb  stm32f1xx_hal_dma.o [1]
HAL_DMA_Init            0x080036dd   0x78  Code  Gb  stm32f1xx_hal_dma.o [1]
HAL_DMA_Start_IT        0x08003763   0x74  Code  Gb  stm32f1xx_hal_dma.o [1]
HAL_GPIO_EXTI_IRQHandler
                        0x080033cf   0x10  Code  Gb  stm32f1xx_hal_gpio.o [1]
HAL_GPIO_Init           0x08003221  0x196  Code  Gb  stm32f1xx_hal_gpio.o [1]
HAL_GPIO_ReadPin        0x080033b7    0xc  Code  Gb  stm32f1xx_hal_gpio.o [1]
HAL_GPIO_WritePin       0x080033c3    0xc  Code  Gb  stm32f1xx_hal_gpio.o [1]
HAL_GetTick             0x08003b81    0xc  Code  Wk  stm32f1xx_hal.o [1]
HAL_IncTick             0x08003ce1   0x10  Code  Wk  stm32f1xx_hal.o [1]
HAL_Init                0x080019f1   0x20  Code  Gb  stm32f1xx_hal.o [1]
HAL_InitTick            0x08003425   0x28  Code  Wk  stm32f1xx_hal.o [1]
HAL_MspInit             0x0800344d   0x8c  Code  Gb  stm32f1xx_hal_msp.o [1]
HAL_NVIC_EnableIRQ      0x08001f73    0xa  Code  Gb  stm32f1xx_hal_cortex.o [1]
HAL_NVIC_SetPriority    0x08001f39   0x3a  Code  Gb  stm32f1xx_hal_cortex.o [1]
HAL_NVIC_SetPriorityGrouping
                        0x08001f1f   0x1a  Code  Gb  stm32f1xx_hal_cortex.o [1]
HAL_PCDEx_PMAConfig     0x080015b3   0x30  Code  Gb  stm32f1xx_hal_pcd_ex.o [1]
HAL_PCDEx_SetConnectionState
                        0x08000a8b    0x2  Code  Gb  usbd_conf.o [1]
HAL_PCD_DataInStageCallback
                        0x0800089b    0xe  Code  Gb  usbd_conf.o [1]
HAL_PCD_DataOutStageCallback
                        0x0800088b   0x10  Code  Gb  usbd_conf.o [1]
HAL_PCD_EP_Close        0x08000379   0x30  Code  Gb  stm32f1xx_hal_pcd.o [1]
HAL_PCD_EP_ClrStall     0x08000475   0x42  Code  Gb  stm32f1xx_hal_pcd.o [1]
HAL_PCD_EP_GetRxCount   0x080003d9   0x10  Code  Gb  stm32f1xx_hal_pcd.o [1]
HAL_PCD_EP_Open         0x08000345   0x34  Code  Gb  stm32f1xx_hal_pcd.o [1]
HAL_PCD_EP_Receive      0x080003c1   0x18  Code  Gb  stm32f1xx_hal_pcd.o [1]
HAL_PCD_EP_SetStall     0x0800041b   0x5a  Code  Gb  stm32f1xx_hal_pcd.o [1]
HAL_PCD_EP_Transmit     0x080003e9   0x18  Code  Gb  stm32f1xx_hal_pcd.o [1]
HAL_PCD_IRQHandler      0x080001f9   0xfa  Code  Gb  stm32f1xx_hal_pcd.o [1]
HAL_PCD_Init            0x08000131   0xa0  Code  Gb  stm32f1xx_hal_pcd.o [1]
HAL_PCD_MspInit         0x0800085d   0x22  Code  Gb  usbd_conf.o [1]
HAL_PCD_ResetCallback   0x080008b1   0x1a  Code  Gb  usbd_conf.o [1]
HAL_PCD_ResumeCallback  0x080008e7    0x8  Code  Gb  usbd_conf.o [1]
HAL_PCD_SOFCallback     0x080008a9    0x8  Code  Gb  usbd_conf.o [1]
HAL_PCD_SetAddress      0x08000327   0x1e  Code  Gb  stm32f1xx_hal_pcd.o [1]
HAL_PCD_SetupStageCallback
                        0x0800087f    0xc  Code  Gb  usbd_conf.o [1]
HAL_PCD_Start           0x080001db   0x1e  Code  Gb  stm32f1xx_hal_pcd.o [1]
HAL_PCD_SuspendCallback
                        0x080008cb   0x1c  Code  Gb  usbd_conf.o [1]
HAL_RCCEx_PeriphCLKConfig
                        0x08003139   0xda  Code  Gb  stm32f1xx_hal_rcc_ex.o [1]
HAL_RCC_ClockConfig     0x08002f75  0x10c  Code  Gb  stm32f1xx_hal_rcc.o [1]
HAL_RCC_GetHCLKFreq     0x080030cf    0x6  Code  Gb  stm32f1xx_hal_rcc.o [1]
HAL_RCC_GetPCLK1Freq    0x080030d5   0x10  Code  Gb  stm32f1xx_hal_rcc.o [1]
HAL_RCC_GetPCLK2Freq    0x080030e5    0xe  Code  Gb  stm32f1xx_hal_rcc.o [1]
HAL_RCC_GetSysClockFreq
                        0x08003095   0x3a  Code  Gb  stm32f1xx_hal_rcc.o [1]
HAL_RCC_GetSysClockFreq::aPLLMULFactorTable
                        0x08003124   0x10  Data  Lc  stm32f1xx_hal_rcc.o [1]
HAL_RCC_GetSysClockFreq::aPredivFactorTable
                        0x08003134    0x2  Data  Lc  stm32f1xx_hal_rcc.o [1]
HAL_RCC_OscConfig       0x08002c59  0x314  Code  Gb  stm32f1xx_hal_rcc.o [1]
HAL_SYSTICK_CLKSourceConfig
                        0x08001faf   0x1a  Code  Gb  stm32f1xx_hal_cortex.o [1]
HAL_SYSTICK_Config      0x08001f87   0x28  Code  Gb  stm32f1xx_hal_cortex.o [1]
HAL_SYSTICK_IRQHandler  0x08001fe1    0x4  Code  Gb  stm32f1xx_hal_cortex.o [1]
HAL_TIMEx_BreakCallback
                        0x08003b6f    0x2  Code  Wk  stm32f1xx_hal_tim_ex.o [1]
HAL_TIMEx_CommutationCallback
                        0x08003b73    0x2  Code  Wk  stm32f1xx_hal_tim_ex.o [1]
HAL_TIMEx_MasterConfigSynchronization
                        0x08003b01   0x4a  Code  Gb  stm32f1xx_hal_tim_ex.o [1]
HAL_TIM_Base_Init       0x08001fe9   0x1a  Code  Gb  stm32f1xx_hal_tim.o [1]
HAL_TIM_Base_MspInit    0x08001e09   0x38  Code  Gb  tim.o [1]
HAL_TIM_Base_Start_IT   0x08002003   0x16  Code  Gb  stm32f1xx_hal_tim.o [1]
HAL_TIM_ConfigClockSource
                        0x08002185   0xac  Code  Gb  stm32f1xx_hal_tim.o [1]
HAL_TIM_IRQHandler      0x0800203d  0x142  Code  Gb  stm32f1xx_hal_tim.o [1]
HAL_TIM_PeriodElapsedCallback
                        0x0800153f   0x4e  Code  Gb  main.o [1]
HAL_UART_DMAStop        0x080024d7   0x48  Code  Gb  stm32f1xx_hal_uart.o [1]
HAL_UART_IRQHandler     0x08002537  0x152  Code  Gb  stm32f1xx_hal_uart.o [1]
HAL_UART_Init           0x08002355   0x1e  Code  Gb  stm32f1xx_hal_uart.o [1]
HAL_UART_MspInit        0x08001bb3  0x128  Code  Gb  usart.o [1]
HAL_UART_Receive_DMA    0x08002445   0x92  Code  Gb  stm32f1xx_hal_uart.o [1]
HAL_UART_Transmit_DMA   0x080023cd   0x78  Code  Gb  stm32f1xx_hal_uart.o [1]
HardFault_Handler       0x08003c4f    0x2  Code  Gb  stm32f1xx_it.o [1]
MX_CRC_Init             0x08001e85   0x1e  Code  Gb  crc.o [1]
MX_DMA_Init             0x08001b09   0x20  Code  Gb  dma.o [1]
MX_GPIO_Init            0x08001a15   0xd0  Code  Gb  gpio.o [1]
MX_TIM4_Init            0x08001d55   0x42  Code  Gb  tim.o [1]
MX_TIM5_Init            0x08001d97   0x40  Code  Gb  tim.o [1]
MX_USART1_UART_Init     0x08001b61   0x16  Code  Gb  usart.o [1]
MX_USART2_UART_Init     0x08001b77   0x16  Code  Gb  usart.o [1]
MX_USB_DEVICE_Init      0x08001b29   0x38  Code  Gb  usb_device.o [1]
MemManage_Handler       0x08003c51    0x2  Code  Gb  stm32f1xx_it.o [1]
NMI_Handler             0x08003c4d    0x2  Code  Gb  stm32f1xx_it.o [1]
NVIC_SetPriority        0x08001f01   0x1e  Code  Lc  stm32f1xx_hal_cortex.o [1]
PCD_EP_ISR_Handler      0x080004bf  0x2e8  Code  Lc  stm32f1xx_hal_pcd.o [1]
PendSV_Handler          0x08003c5b    0x2  Code  Gb  stm32f1xx_it.o [1]
Region$$Table$$Base     0x08003df8          --   Gb  - Linker created -
Region$$Table$$Limit    0x08003e18          --   Gb  - Linker created -
SVC_Handler             0x08003c57    0x2  Code  Gb  stm32f1xx_it.o [1]
SysTick_Handler         0x08003c5d    0xe  Code  Gb  stm32f1xx_it.o [1]
SystemClock_Config      0x080014bb   0x84  Code  Gb  main.o [1]
SystemCoreClock         0x20000200    0x4  Data  Gb  system_stm32f1xx.o [1]
SystemInit              0x08003cf1   0x3a  Code  Gb  system_stm32f1xx.o [1]
TIM4_IRQHandler         0x08003c8f    0x6  Code  Gb  stm32f1xx_it.o [1]
TIM5_IRQHandler         0x08003cb5    0x6  Code  Gb  stm32f1xx_it.o [1]
TIM_Base_SetConfig      0x0800225b   0x74  Code  Gb  stm32f1xx_hal_tim.o [1]
TIM_ETR_SetConfig       0x0800233b   0x14  Code  Lc  stm32f1xx_hal_tim.o [1]
TIM_ITRx_SetConfig      0x0800232b   0x10  Code  Lc  stm32f1xx_hal_tim.o [1]
TIM_TI1_ConfigInputStage
                        0x080022e9   0x1e  Code  Lc  stm32f1xx_hal_tim.o [1]
TIM_TI2_ConfigInputStage
                        0x08002307   0x24  Code  Lc  stm32f1xx_hal_tim.o [1]
UART_DMAAbortOnError    0x08002775    0xc  Code  Lc  stm32f1xx_hal_uart.o [1]
UART_DMAError           0x080026fd   0x4a  Code  Lc  stm32f1xx_hal_uart.o [1]
UART_DMAReceiveCplt     0x080026bd   0x38  Code  Lc  stm32f1xx_hal_uart.o [1]
UART_DMARxHalfCplt      0x080026f5    0x6  Code  Lc  stm32f1xx_hal_uart.o [1]
UART_DMATransmitCplt    0x08002689   0x2a  Code  Lc  stm32f1xx_hal_uart.o [1]
UART_DMATxHalfCplt      0x080026b5    0x6  Code  Lc  stm32f1xx_hal_uart.o [1]
UART_EndRxTransfer      0x08002759   0x1c  Code  Lc  stm32f1xx_hal_uart.o [1]
UART_EndTxTransfer      0x08002747   0x12  Code  Lc  stm32f1xx_hal_uart.o [1]
UART_Receive_IT         0x08002781   0x96  Code  Lc  stm32f1xx_hal_uart.o [1]
UART_SetConfig          0x08002817   0xde  Code  Lc  stm32f1xx_hal_uart.o [1]
USART1_IRQHandler       0x08003c95    0xc  Code  Gb  stm32f1xx_it.o [1]
USART2_IRQHandler       0x08003ca1    0xa  Code  Gb  stm32f1xx_it.o [1]
USBD_CDC                0x20000210   0x38  Data  Gb  usbd_cdc.o [1]
USBD_CDC_CfgFSDesc      0x2000028c   0x44  Data  Gb  usbd_cdc.o [1]
USBD_CDC_CfgHSDesc      0x20000248   0x44  Data  Gb  usbd_cdc.o [1]
USBD_CDC_DataIn         0x080035f3   0x14  Code  Lc  usbd_cdc.o [1]
USBD_CDC_DataOut        0x08003607   0x2a  Code  Lc  usbd_cdc.o [1]
USBD_CDC_DeInit         0x08003557   0x36  Code  Lc  usbd_cdc.o [1]
USBD_CDC_DeviceQualifierDesc
                        0x20000204    0xc  Data  Lc  usbd_cdc.o [1]
USBD_CDC_EP0_RxReady    0x08003631   0x26  Code  Lc  usbd_cdc.o [1]
USBD_CDC_GetDeviceQualifierDescriptor
                        0x0800366f    0x8  Code  Gb  usbd_cdc.o [1]
USBD_CDC_GetFSCfgDesc   0x08003657    0x8  Code  Lc  usbd_cdc.o [1]
USBD_CDC_GetHSCfgDesc   0x0800365f    0x8  Code  Lc  usbd_cdc.o [1]
USBD_CDC_GetOtherSpeedCfgDesc
                        0x08003667    0x8  Code  Lc  usbd_cdc.o [1]
USBD_CDC_Init           0x080034d9   0x74  Code  Lc  usbd_cdc.o [1]
USBD_CDC_OtherSpeedCfgDesc
                        0x200002d0   0x44  Data  Gb  usbd_cdc.o [1]
USBD_CDC_ReceivePacket  0x080036b7   0x26  Code  Gb  usbd_cdc.o [1]
USBD_CDC_RegisterInterface
                        0x0800368d    0xe  Code  Gb  usbd_cdc.o [1]
USBD_CDC_SetRxBuffer    0x080036ab    0xc  Code  Gb  usbd_cdc.o [1]
USBD_CDC_SetTxBuffer    0x0800369b   0x10  Code  Gb  usbd_cdc.o [1]
USBD_CDC_Setup          0x0800358d   0x66  Code  Lc  usbd_cdc.o [1]
USBD_CDC_Setup::ifalt   0x20004078    0x1  Data  Lc  usbd_cdc.o [1]
USBD_ClrClassConfig     0x080011c1    0xa  Code  Gb  usbd_core.o [1]
USBD_CtlContinueRx      0x080019c3    0x4  Code  Gb  usbd_ioreq.o [1]
USBD_CtlContinueSendData
                        0x0800199f    0x4  Code  Gb  usbd_ioreq.o [1]
USBD_CtlError           0x08001933   0x16  Code  Gb  usbd_ctlreq.o [1]
USBD_CtlPrepareRx       0x080019af   0x14  Code  Gb  usbd_ioreq.o [1]
USBD_CtlReceiveStatus   0x080019e1    0xe  Code  Gb  usbd_ioreq.o [1]
USBD_CtlSendData        0x0800198f   0x10  Code  Gb  usbd_ioreq.o [1]
USBD_CtlSendStatus      0x080019d3    0xe  Code  Gb  usbd_ioreq.o [1]
USBD_FS_ConfigStrDescriptor
                        0x08003bdd    0xc  Code  Gb  usbd_desc.o [1]
USBD_FS_DeviceDesc      0x20000340   0x14  Data  Gb  usbd_desc.o [1]
USBD_FS_DeviceDescriptor
                        0x08003b8d    0x8  Code  Gb  usbd_desc.o [1]
USBD_FS_InterfaceStrDescriptor
                        0x08003be9    0xc  Code  Gb  usbd_desc.o [1]
USBD_FS_LangIDStrDescriptor
                        0x08003b95    0x8  Code  Gb  usbd_desc.o [1]
USBD_FS_ManufacturerStrDescriptor
                        0x08003ba9    0xa  Code  Gb  usbd_desc.o [1]
USBD_FS_ProductStrDescriptor
                        0x08003b9d    0xc  Code  Gb  usbd_desc.o [1]
USBD_FS_SerialStrDescriptor
                        0x08003bbd    0xc  Code  Gb  usbd_desc.o [1]
USBD_GetDescriptor      0x08001815   0xf0  Code  Lc  usbd_ctlreq.o [1]
USBD_GetString          0x08001949   0x46  Code  Gb  usbd_ctlreq.o [1]
USBD_Init               0x0800116b   0x26  Code  Gb  usbd_core.o [1]
USBD_Interface_fops_FS  0x20000314   0x10  Data  Gb  usbd_cdc_if.o [1]
USBD_LL_ClearStallEP    0x080009e3   0x1a  Code  Gb  usbd_conf.o [1]
USBD_LL_CloseEP         0x080009af   0x1a  Code  Gb  usbd_conf.o [1]
USBD_LL_DataInStage     0x08001283   0x94  Code  Gb  usbd_core.o [1]
USBD_LL_DataOutStage    0x08001221   0x62  Code  Gb  usbd_core.o [1]
USBD_LL_GetRxDataSize   0x08000a69    0x8  Code  Gb  usbd_conf.o [1]
USBD_LL_Init            0x080008ef   0x86  Code  Gb  usbd_conf.o [1]
USBD_LL_IsStallEP       0x080009fd   0x1e  Code  Gb  usbd_conf.o [1]
USBD_LL_OpenEP          0x0800098f   0x20  Code  Gb  usbd_conf.o [1]
USBD_LL_PrepareReceive  0x08000a4f   0x1a  Code  Gb  usbd_conf.o [1]
USBD_LL_Reset           0x08001317   0x40  Code  Gb  usbd_core.o [1]
USBD_LL_Resume          0x08001369    0x6  Code  Gb  usbd_core.o [1]
USBD_LL_SOF             0x08001375   0x18  Code  Gb  usbd_core.o [1]
USBD_LL_SetSpeed        0x08001357    0x6  Code  Gb  usbd_core.o [1]
USBD_LL_SetUSBAddress   0x08000a1b   0x1a  Code  Gb  usbd_conf.o [1]
USBD_LL_SetupStage      0x080011cb   0x56  Code  Gb  usbd_core.o [1]
USBD_LL_StallEP         0x080009c9   0x1a  Code  Gb  usbd_conf.o [1]
USBD_LL_Start           0x08000975   0x1a  Code  Gb  usbd_conf.o [1]
USBD_LL_Suspend         0x0800135d    0xc  Code  Gb  usbd_core.o [1]
USBD_LL_Transmit        0x08000a35   0x1a  Code  Gb  usbd_conf.o [1]
USBD_LangIDDesc         0x20000354    0x4  Data  Gb  usbd_desc.o [1]
USBD_ParseSetupRequest  0x0800190b   0x28  Code  Gb  usbd_ctlreq.o [1]
USBD_RegisterClass      0x08001191   0x10  Code  Gb  usbd_core.o [1]
USBD_SetClassConfig     0x080011ab   0x16  Code  Gb  usbd_core.o [1]
USBD_SetConfig::cfgidx  0x20004079    0x1  Data  Lc  usbd_ctlreq.o [1]
USBD_Start              0x080011a1    0xa  Code  Gb  usbd_core.o [1]
USBD_StdDevReq          0x080015e5  0x12a  Code  Gb  usbd_ctlreq.o [1]
USBD_StdEPReq           0x0800174d   0xbc  Code  Gb  usbd_ctlreq.o [1]
USBD_StdItfReq          0x08001715   0x32  Code  Gb  usbd_ctlreq.o [1]
USBD_StrDesc            0x20003c14  0x200  Data  Gb  usbd_desc.o [1]
USBD_static_free        0x08000a89    0x2  Code  Gb  usbd_conf.o [1]
USBD_static_malloc      0x08000a71    0x4  Code  Gb  usbd_conf.o [1]
USBD_static_malloc::mem
                        0x200039f4  0x220  Data  Lc  usbd_conf.o [1]
USB_ActivateEndpoint    0x08000afd  0x206  Code  Gb  stm32f1xx_ll_usb.o [1]
USB_CoreInit            0x08000ac1    0x4  Code  Gb  stm32f1xx_ll_usb.o [1]
USB_DeactivateEndpoint  0x08000d31   0xd0  Code  Gb  stm32f1xx_ll_usb.o [1]
USB_DevConnect          0x0800107f    0x4  Code  Gb  stm32f1xx_ll_usb.o [1]
USB_DevDisconnect       0x08001083    0x4  Code  Gb  stm32f1xx_ll_usb.o [1]
USB_DevInit             0x08000add   0x18  Code  Gb  stm32f1xx_ll_usb.o [1]
USB_DisableGlobalInt    0x08000acf    0xa  Code  Gb  stm32f1xx_ll_usb.o [1]
USB_EP0_OutStart        0x0800108d    0x4  Code  Gb  stm32f1xx_ll_usb.o [1]
USB_EPClearStall        0x08001003   0x70  Code  Gb  stm32f1xx_ll_usb.o [1]
USB_EPSetStall          0x08000fb9   0x4a  Code  Gb  stm32f1xx_ll_usb.o [1]
USB_EPStartXfer         0x08000e2f  0x152  Code  Gb  stm32f1xx_ll_usb.o [1]
USB_EnableGlobalInt     0x08000ac5    0xa  Code  Gb  stm32f1xx_ll_usb.o [1]
USB_LP_CAN1_RX0_IRQHandler
                        0x08003c89    0x6  Code  Gb  stm32f1xx_it.o [1]
USB_ReadInterrupts      0x08001087    0x6  Code  Gb  stm32f1xx_ll_usb.o [1]
USB_ReadPMA             0x080010c7   0x1c  Code  Gb  stm32f1xx_ll_usb.o [1]
USB_SetCurrentMode      0x08000ad9    0x4  Code  Gb  stm32f1xx_ll_usb.o [1]
USB_SetDevAddress       0x08001073    0xc  Code  Gb  stm32f1xx_ll_usb.o [1]
USB_WritePMA            0x080010a3   0x24  Code  Gb  stm32f1xx_ll_usb.o [1]
UsageFault_Handler      0x08003c55    0x2  Code  Gb  stm32f1xx_it.o [1]
UserRxBufferFS          0x20000358  0x800  Data  Gb  usbd_cdc_if.o [1]
UserTxBufferFS          0x20000b58  0x800  Data  Gb  usbd_cdc_if.o [1]
_Error_Handler          0x080015b1    0x2  Code  Gb  main.o [1]
__aeabi_memcpy4         0x080010e5         Code  Gb  ABImemcpy.o [4]
__aeabi_memcpy8         0x080010e5         Code  Gb  ABImemcpy.o [4]
__cmain                 0x08003e19         Code  Gb  cmain.o [4]
__exit                  0x08003e4d   0x14  Code  Gb  exit.o [5]
__iar_data_init3        0x08003dd1   0x28  Code  Gb  data_init.o [4]
__iar_lz77_init_single3
                        0x080007e3   0x7a  Code  Gb  lz77_init_single.o [4]
__iar_program_start     0x08003e71         Code  Gb  cstartup_M.o [4]
__iar_systems$$module {Abs}
                        0x00000001         Data  Gb  command line/config [2]
__iar_zero_init3        0x08003d91   0x40  Code  Gb  zero_init3.o [4]
__low_level_init        0x08003e37    0x4  Code  Gb  low_level_init.o [3]
__vector_table          0x08000000         Data  Gb  startup_stm32f103xe.o [1]
_call_main              0x08003e25         Code  Gb  cmain.o [4]
_exit                   0x08003e41         Code  Gb  cexit.o [4]
_main                   0x08003e33         Code  Gb  cmain.o [4]
ccitt_table             0x20000000  0x200  Data  Lc  DS_Protocol.o [1]
exit                    0x08003e3b    0x4  Code  Gb  exit.o [3]
gCortexA9ProtocolCmd    0x20004024   0x1c  Data  Gb  main.o [1]
gDoorBoardProtocolCmd   0x20004040   0x1c  Data  Gb  main.o [1]
gGentleSensorStatusDetection
                        0x2000406c    0x8  Data  Gb  main.o [1]
hUsbDeviceFS            0x200037d0  0x224  Data  Gb  usb_device.o [1]
hcrc                    0x2000405c    0x8  Data  Gb  crc.o [1]
hdma_usart1_rx          0x20003e14   0x44  Data  Gb  usart.o [1]
hdma_usart1_tx          0x20003e58   0x44  Data  Gb  usart.o [1]
hdma_usart2_rx          0x20003e9c   0x44  Data  Gb  usart.o [1]
hdma_usart2_tx          0x20003ee0   0x44  Data  Gb  usart.o [1]
hpcd_USB_FS             0x20003370  0x460  Data  Gb  usbd_conf.o [1]
htim4                   0x20003f24   0x40  Data  Gb  tim.o [1]
htim5                   0x20003f64   0x40  Data  Gb  tim.o [1]
huart1                  0x20003fa4   0x40  Data  Gb  usart.o [1]
huart2                  0x20003fe4   0x40  Data  Gb  usart.o [1]
main                    0x08001395  0x126  Code  Gb  main.o [1]
uwTick                  0x20004074    0x4  Data  Gb  stm32f1xx_hal.o [1]


[1] = C:\Users\17657\Desktop\DSv1.3\DSPro\EWARM\DSPro\Obj
[2] = command line
[3] = dl7M_tlf.a
[4] = rt7M_tl.a
[5] = shb_l.a

  16 164 bytes of readonly  code memory
     764 bytes of readonly  data memory
  17 530 bytes of readwrite data memory

Errors: none
Warnings: none
