###############################################################################
#
# IAR ELF Linker V8.20.1.14183/W32 for ARM                25/Dec/2017  15:07:19
# Copyright 2007-2017 IAR Systems AB.
#
#    Output file  =  
#        E:\Users\bertz\Documents\GitHub\DSv1.3\DSPro\EWARM\DSPro\Exe\DSPro.out
#    Map file     =  
#        E:\Users\bertz\Documents\GitHub\DSv1.3\DSPro\EWARM\DSPro\List\DSPro.map
#    Command line =  
#        -f C:\Users\bertz\AppData\Local\Temp\EW679B.tmp
#        (E:\Users\bertz\Documents\GitHub\DSv1.3\DSPro\EWARM\DSPro\Obj\adc.o
#        E:\Users\bertz\Documents\GitHub\DSv1.3\DSPro\EWARM\DSPro\Obj\crc.o
#        E:\Users\bertz\Documents\GitHub\DSv1.3\DSPro\EWARM\DSPro\Obj\dma.o
#        E:\Users\bertz\Documents\GitHub\DSv1.3\DSPro\EWARM\DSPro\Obj\DS_Protocol.o
#        E:\Users\bertz\Documents\GitHub\DSv1.3\DSPro\EWARM\DSPro\Obj\GentleSensor.o
#        E:\Users\bertz\Documents\GitHub\DSv1.3\DSPro\EWARM\DSPro\Obj\gpio.o
#        E:\Users\bertz\Documents\GitHub\DSv1.3\DSPro\EWARM\DSPro\Obj\i2c.o
#        E:\Users\bertz\Documents\GitHub\DSv1.3\DSPro\EWARM\DSPro\Obj\main.o
#        E:\Users\bertz\Documents\GitHub\DSv1.3\DSPro\EWARM\DSPro\Obj\spi.o
#        E:\Users\bertz\Documents\GitHub\DSv1.3\DSPro\EWARM\DSPro\Obj\startup_stm32f103xe.o
#        E:\Users\bertz\Documents\GitHub\DSv1.3\DSPro\EWARM\DSPro\Obj\stm32f1xx_hal.o
#        E:\Users\bertz\Documents\GitHub\DSv1.3\DSPro\EWARM\DSPro\Obj\stm32f1xx_hal_adc.o
#        E:\Users\bertz\Documents\GitHub\DSv1.3\DSPro\EWARM\DSPro\Obj\stm32f1xx_hal_adc_ex.o
#        E:\Users\bertz\Documents\GitHub\DSv1.3\DSPro\EWARM\DSPro\Obj\stm32f1xx_hal_cortex.o
#        E:\Users\bertz\Documents\GitHub\DSv1.3\DSPro\EWARM\DSPro\Obj\stm32f1xx_hal_crc.o
#        E:\Users\bertz\Documents\GitHub\DSv1.3\DSPro\EWARM\DSPro\Obj\stm32f1xx_hal_dma.o
#        E:\Users\bertz\Documents\GitHub\DSv1.3\DSPro\EWARM\DSPro\Obj\stm32f1xx_hal_flash.o
#        E:\Users\bertz\Documents\GitHub\DSv1.3\DSPro\EWARM\DSPro\Obj\stm32f1xx_hal_flash_ex.o
#        E:\Users\bertz\Documents\GitHub\DSv1.3\DSPro\EWARM\DSPro\Obj\stm32f1xx_hal_gpio.o
#        E:\Users\bertz\Documents\GitHub\DSv1.3\DSPro\EWARM\DSPro\Obj\stm32f1xx_hal_gpio_ex.o
#        E:\Users\bertz\Documents\GitHub\DSv1.3\DSPro\EWARM\DSPro\Obj\stm32f1xx_hal_i2c.o
#        E:\Users\bertz\Documents\GitHub\DSv1.3\DSPro\EWARM\DSPro\Obj\stm32f1xx_hal_msp.o
#        E:\Users\bertz\Documents\GitHub\DSv1.3\DSPro\EWARM\DSPro\Obj\stm32f1xx_hal_pcd.o
#        E:\Users\bertz\Documents\GitHub\DSv1.3\DSPro\EWARM\DSPro\Obj\stm32f1xx_hal_pcd_ex.o
#        E:\Users\bertz\Documents\GitHub\DSv1.3\DSPro\EWARM\DSPro\Obj\stm32f1xx_hal_pwr.o
#        E:\Users\bertz\Documents\GitHub\DSv1.3\DSPro\EWARM\DSPro\Obj\stm32f1xx_hal_rcc.o
#        E:\Users\bertz\Documents\GitHub\DSv1.3\DSPro\EWARM\DSPro\Obj\stm32f1xx_hal_rcc_ex.o
#        E:\Users\bertz\Documents\GitHub\DSv1.3\DSPro\EWARM\DSPro\Obj\stm32f1xx_hal_spi.o
#        E:\Users\bertz\Documents\GitHub\DSv1.3\DSPro\EWARM\DSPro\Obj\stm32f1xx_hal_spi_ex.o
#        E:\Users\bertz\Documents\GitHub\DSv1.3\DSPro\EWARM\DSPro\Obj\stm32f1xx_hal_tim.o
#        E:\Users\bertz\Documents\GitHub\DSv1.3\DSPro\EWARM\DSPro\Obj\stm32f1xx_hal_tim_ex.o
#        E:\Users\bertz\Documents\GitHub\DSv1.3\DSPro\EWARM\DSPro\Obj\stm32f1xx_hal_uart.o
#        E:\Users\bertz\Documents\GitHub\DSv1.3\DSPro\EWARM\DSPro\Obj\stm32f1xx_it.o
#        E:\Users\bertz\Documents\GitHub\DSv1.3\DSPro\EWARM\DSPro\Obj\stm32f1xx_ll_usb.o
#        E:\Users\bertz\Documents\GitHub\DSv1.3\DSPro\EWARM\DSPro\Obj\system_stm32f1xx.o
#        E:\Users\bertz\Documents\GitHub\DSv1.3\DSPro\EWARM\DSPro\Obj\tim.o
#        E:\Users\bertz\Documents\GitHub\DSv1.3\DSPro\EWARM\DSPro\Obj\usart.o
#        E:\Users\bertz\Documents\GitHub\DSv1.3\DSPro\EWARM\DSPro\Obj\usb_device.o
#        E:\Users\bertz\Documents\GitHub\DSv1.3\DSPro\EWARM\DSPro\Obj\usbd_cdc.o
#        E:\Users\bertz\Documents\GitHub\DSv1.3\DSPro\EWARM\DSPro\Obj\usbd_cdc_if.o
#        E:\Users\bertz\Documents\GitHub\DSv1.3\DSPro\EWARM\DSPro\Obj\usbd_conf.o
#        E:\Users\bertz\Documents\GitHub\DSv1.3\DSPro\EWARM\DSPro\Obj\usbd_core.o
#        E:\Users\bertz\Documents\GitHub\DSv1.3\DSPro\EWARM\DSPro\Obj\usbd_ctlreq.o
#        E:\Users\bertz\Documents\GitHub\DSv1.3\DSPro\EWARM\DSPro\Obj\usbd_desc.o
#        E:\Users\bertz\Documents\GitHub\DSv1.3\DSPro\EWARM\DSPro\Obj\usbd_ioreq.o
#        --redirect _Printf=_PrintfFull --redirect _Scanf=_ScanfFull -o
#        E:\Users\bertz\Documents\GitHub\DSv1.3\DSPro\EWARM\DSPro\Exe\DSPro.out
#        --map
#        E:\Users\bertz\Documents\GitHub\DSv1.3\DSPro\EWARM\DSPro\List\DSPro.map
#        --config
#        E:\Users\bertz\Documents\GitHub\DSv1.3\DSPro\EWARM/stm32f103xe_flash.icf
#        --semihosting --entry __iar_program_start --vfe --text_out locale)
#
###############################################################################

*******************************************************************************
*** RUNTIME MODEL ATTRIBUTES
***

CppFlavor       = *
__SystemLibrary = DLib
__dlib_version  = 6


*******************************************************************************
*** HEAP SELECTION
***

The basic heap was selected because no calls to memory allocation
functions were found in the application outside of system library
functions, and there are calls to deallocation functions in the
application.


*******************************************************************************
*** PLACEMENT SUMMARY
***

"A0":  place at 0x08000000 { ro section .intvec };
"P1":  place in [from 0x08000000 to 0x0807ffff] { ro };
define block CSTACK with size = 1K, alignment = 8 { };
define block HEAP with size = 512, alignment = 8 { };
"P2":  place in [from 0x20000000 to 0x2000ffff] {
          rw, block CSTACK, block HEAP };
initialize by copy { rw };

  Section            Kind        Address    Size  Object
  -------            ----        -------    ----  ------
"A0":                                      0x130
  .intvec            ro code  0x08000000   0x130  startup_stm32f103xe.o [1]
                            - 0x08000130   0x130

"P1":                                     0x5748
  .text              ro code  0x08000130   0xae8  stm32f1xx_hal_i2c.o [1]
  .text              ro code  0x08000c18    0xc0  i2c.o [1]
  .text              ro code  0x08000cd8   0x4de  stm32f1xx_hal_rcc.o [1]
  .text              ro code  0x080011b6     0x2  stm32f1xx_hal_i2c.o [1]
  .text              ro code  0x080011b8     0x2  stm32f1xx_hal_i2c.o [1]
  .text              ro code  0x080011ba     0x2  stm32f1xx_hal_i2c.o [1]
  .text              ro code  0x080011bc     0x2  stm32f1xx_hal_i2c.o [1]
  .text              ro code  0x080011be     0x2  stm32f1xx_hal_i2c.o [1]
  .text              ro code  0x080011c0     0x2  stm32f1xx_hal_i2c.o [1]
  .text              ro code  0x080011c2     0x2  stm32f1xx_hal_i2c.o [1]
  .text              ro code  0x080011c4     0x2  stm32f1xx_hal_i2c.o [1]
  .text              ro code  0x080011c6    0x7a  lz77_init_single.o [4]
  .text              ro code  0x08001240   0x422  stm32f1xx_hal_dma.o [1]
  .text              ro code  0x08001662     0x2  stm32f1xx_hal_i2c.o [1]
  .text              ro code  0x08001664     0x2  stm32f1xx_hal_i2c.o [1]
  .text              ro code  0x08001668   0x2d2  main.o [1]
  .text              ro code  0x0800193c   0x202  stm32f1xx_hal_gpio.o [1]
  .text              ro code  0x08001b40     0xc  stm32f1xx_hal.o [1]
  .text              ro code  0x08001b4c    0x28  stm32f1xx_hal.o [1]
  .text              ro code  0x08001b74    0x24  stm32f1xx_hal.o [1]
  .text              ro code  0x08001b98    0xec  gpio.o [1]
  .text              ro code  0x08001c84    0x30  dma.o [1]
  .text              ro code  0x08001cb4    0x38  usb_device.o [1]
  .text              ro code  0x08001cec   0x28c  usart.o [1]
  .text              ro code  0x08001f78   0x138  tim.o [1]
  .text              ro code  0x080020b0    0x84  crc.o [1]
  .text              ro code  0x08002134   0x140  adc.o [1]
  .text              ro code  0x08002274    0xf4  spi.o [1]
  .text              ro code  0x08002368   0x36c  stm32f1xx_hal_tim.o [1]
  .text              ro code  0x080026d4   0x5ac  stm32f1xx_hal_uart.o [1]
  .text              ro code  0x08002c80    0x58  GentleSensor.o [1]
  .text              ro code  0x08002cd8   0x508  DS_Protocol.o [1]
  .text              ro code  0x080031e0    0xe8  stm32f1xx_hal_rcc_ex.o [1]
  .text              ro code  0x080032c8    0xe6  stm32f1xx_hal_cortex.o [1]
  .text              ro code  0x080033b0    0x8c  stm32f1xx_hal_msp.o [1]
  .text              ro code  0x0800343c   0x228  usbd_core.o [1]
  .text              ro code  0x08003664   0x204  usbd_cdc.o [1]
  .text              ro code  0x08003868    0x4a  stm32f1xx_hal_tim_ex.o [1]
  .text              ro code  0x080038b2    0x20  stm32f1xx_hal_crc.o [1]
  .text              ro code  0x080038d4   0x35c  stm32f1xx_hal_adc.o [1]
  .text              ro code  0x08003c30    0x82  stm32f1xx_hal_spi_ex.o [1]
  .text              ro code  0x08003cb2     0x2  stm32f1xx_hal_tim.o [1]
  .text              ro code  0x08003cb4     0x2  stm32f1xx_hal_tim.o [1]
  .text              ro code  0x08003cb6     0x2  stm32f1xx_hal_tim_ex.o [1]
  .text              ro code  0x08003cb8     0x2  stm32f1xx_hal_tim.o [1]
  .text              ro code  0x08003cba     0x2  stm32f1xx_hal_tim_ex.o [1]
  .text              ro code  0x08003cbc     0x2  stm32f1xx_hal_tim.o [1]
  .text              ro code  0x08003cbe     0x2  stm32f1xx_hal_uart.o [1]
  .text              ro code  0x08003cc0     0x2  stm32f1xx_hal_uart.o [1]
  .text              ro code  0x08003cc2     0x2  stm32f1xx_hal_uart.o [1]
  .text              ro code  0x08003cc4     0x2  stm32f1xx_hal_uart.o [1]
  .text              ro code  0x08003cc6     0x2  stm32f1xx_hal_uart.o [1]
  .text              ro code  0x08003cc8   0x270  usbd_conf.o [1]
  .text              ro code  0x08003f38   0x3aa  usbd_ctlreq.o [1]
  .text              ro code  0x080042e2    0x60  usbd_ioreq.o [1]
  .text              ro code  0x08004342     0x2  stm32f1xx_hal_adc.o [1]
  .text              ro code  0x08004344     0x2  stm32f1xx_hal_adc_ex.o [1]
  .text              ro code  0x08004346     0x2  stm32f1xx_hal_adc.o [1]
  .text              ro code  0x08004348   0x6b2  stm32f1xx_hal_pcd.o [1]
  .text              ro code  0x080049fa    0x30  stm32f1xx_hal_pcd_ex.o [1]
  .text              ro code  0x08004a2c   0x622  stm32f1xx_ll_usb.o [1]
  .text              ro code  0x08005050    0x86  ABImemcpy.o [4]
  .text              ro code  0x080050d8    0xe8  stm32f1xx_hal_spi.o [1]
  .text              ro code  0x080051c0     0x2  stm32f1xx_hal_spi.o [1]
  .text              ro code  0x080051c4    0xd4  stm32f1xx_it.o [1]
  .text              ro code  0x08005298    0x10  stm32f1xx_hal.o [1]
  .text              ro code  0x080052a8    0xc0  usbd_desc.o [1]
  .text              ro code  0x08005368    0x5c  system_stm32f1xx.o [1]
  .text              ro code  0x080053c4    0x44  usbd_cdc_if.o [1]
  .text              ro code  0x08005408    0x40  zero_init3.o [4]
  .text              ro code  0x08005448    0x28  data_init.o [4]
  .iar.init_table    const    0x08005470    0x20  - Linker created -
  .text              ro code  0x08005490    0x1e  cmain.o [4]
  .text              ro code  0x080054ae     0x4  low_level_init.o [3]
  .text              ro code  0x080054b2     0x4  exit.o [3]
  .text              ro code  0x080054b8     0xa  cexit.o [4]
  .text              ro code  0x080054c4    0x14  exit.o [5]
  .text              ro code  0x080054d8    0x10  startup_stm32f103xe.o [1]
  .text              ro code  0x080054e8     0xc  cstartup_M.o [4]
  .rodata            const    0x080054f4     0x8  system_stm32f1xx.o [1]
  .text              ro code  0x080054fc     0x4  startup_stm32f103xe.o [1]
  .text              ro code  0x08005500     0x4  startup_stm32f103xe.o [1]
  .text              ro code  0x08005504     0x4  startup_stm32f103xe.o [1]
  .text              ro code  0x08005508     0x4  startup_stm32f103xe.o [1]
  .text              ro code  0x0800550c     0x4  startup_stm32f103xe.o [1]
  .text              ro code  0x08005510     0x4  startup_stm32f103xe.o [1]
  .text              ro code  0x08005514     0x4  startup_stm32f103xe.o [1]
  .text              ro code  0x08005518     0x4  startup_stm32f103xe.o [1]
  .text              ro code  0x0800551c     0x4  startup_stm32f103xe.o [1]
  .text              ro code  0x08005520     0x4  startup_stm32f103xe.o [1]
  .text              ro code  0x08005524     0x4  startup_stm32f103xe.o [1]
  .text              ro code  0x08005528     0x4  startup_stm32f103xe.o [1]
  .text              ro code  0x0800552c     0x4  startup_stm32f103xe.o [1]
  .text              ro code  0x08005530     0x4  startup_stm32f103xe.o [1]
  .text              ro code  0x08005534     0x4  startup_stm32f103xe.o [1]
  .text              ro code  0x08005538     0x4  startup_stm32f103xe.o [1]
  .text              ro code  0x0800553c     0x4  startup_stm32f103xe.o [1]
  .text              ro code  0x08005540     0x4  startup_stm32f103xe.o [1]
  .text              ro code  0x08005544     0x4  startup_stm32f103xe.o [1]
  .text              ro code  0x08005548     0x4  startup_stm32f103xe.o [1]
  .text              ro code  0x0800554c     0x4  startup_stm32f103xe.o [1]
  .text              ro code  0x08005550     0x4  startup_stm32f103xe.o [1]
  .text              ro code  0x08005554     0x4  startup_stm32f103xe.o [1]
  .text              ro code  0x08005558     0x4  startup_stm32f103xe.o [1]
  .text              ro code  0x0800555c     0x4  startup_stm32f103xe.o [1]
  .text              ro code  0x08005560     0x4  startup_stm32f103xe.o [1]
  .text              ro code  0x08005564     0x4  startup_stm32f103xe.o [1]
  .text              ro code  0x08005568     0x4  startup_stm32f103xe.o [1]
  .text              ro code  0x0800556c     0x4  startup_stm32f103xe.o [1]
  .text              ro code  0x08005570     0x4  startup_stm32f103xe.o [1]
  .text              ro code  0x08005574     0x4  startup_stm32f103xe.o [1]
  .text              ro code  0x08005578     0x4  startup_stm32f103xe.o [1]
  .text              ro code  0x0800557c     0x4  startup_stm32f103xe.o [1]
  .text              ro code  0x08005580     0x4  startup_stm32f103xe.o [1]
  .text              ro code  0x08005584     0x4  startup_stm32f103xe.o [1]
  .text              ro code  0x08005588     0x4  startup_stm32f103xe.o [1]
  .text              ro code  0x0800558c     0x4  startup_stm32f103xe.o [1]
  .text              ro code  0x08005590     0x4  startup_stm32f103xe.o [1]
  .text              ro code  0x08005594     0x4  startup_stm32f103xe.o [1]
  .text              ro code  0x08005598     0x4  startup_stm32f103xe.o [1]
  .text              ro code  0x0800559c     0x4  startup_stm32f103xe.o [1]
  .text              ro code  0x080055a0     0x4  startup_stm32f103xe.o [1]
  .text              ro code  0x080055a4     0x4  startup_stm32f103xe.o [1]
  .rodata            const    0x080055a8     0x0  zero_init3.o [4]
  .rodata            const    0x080055a8     0x0  lz77_init_single.o [4]
  Initializer bytes  const    0x080055a8   0x2d0  <for P2-1>
                            - 0x08005878  0x5748

"P2", part 1 of 3:                         0x358
  P2-1                        0x20000000   0x358  <Init block>
    .data            inited   0x20000000   0x200  DS_Protocol.o [1]
    .data            inited   0x20000200     0x4  system_stm32f1xx.o [1]
    .data            inited   0x20000204     0xc  usbd_cdc.o [1]
    .data            inited   0x20000210    0x38  usbd_cdc.o [1]
    .data            inited   0x20000248    0x44  usbd_cdc.o [1]
    .data            inited   0x2000028c    0x44  usbd_cdc.o [1]
    .data            inited   0x200002d0    0x44  usbd_cdc.o [1]
    .data            inited   0x20000314    0x10  usbd_cdc_if.o [1]
    .data            inited   0x20000324    0x1c  usbd_desc.o [1]
    .data            inited   0x20000340    0x14  usbd_desc.o [1]
    .data            inited   0x20000354     0x4  usbd_desc.o [1]
                            - 0x20000358   0x358

"P2", part 2 of 3:                        0x3ed0
  .bss               zero     0x20000358  0x1000  usbd_cdc_if.o [1]
  .bss               zero     0x20001358   0x808  DS_Protocol.o [1]
  .bss               zero     0x20001b60   0x808  DS_Protocol.o [1]
  .bss               zero     0x20002368   0x804  DS_Protocol.o [1]
  .bss               zero     0x20002b6c   0x804  DS_Protocol.o [1]
  .bss               zero     0x20003370   0x460  usbd_conf.o [1]
  .bss               zero     0x200037d0   0x224  usb_device.o [1]
  .bss               zero     0x200039f4   0x220  usbd_conf.o [1]
  .bss               zero     0x20003c14   0x200  usbd_desc.o [1]
  .bss               zero     0x20003e14   0x154  usart.o [1]
  .bss               zero     0x20003f68    0x58  spi.o [1]
  .bss               zero     0x20003fc0    0x54  i2c.o [1]
  .bss               zero     0x20004014    0x48  main.o [1]
  .bss               zero     0x2000405c    0x44  adc.o [1]
  .bss               zero     0x200040a0    0x40  tim.o [1]
  .bss               zero     0x200040e0    0x40  tim.o [1]
  .bss               zero     0x20004120    0x40  usart.o [1]
  .bss               zero     0x20004160    0x40  usart.o [1]
  .bss               zero     0x200041a0    0x40  usart.o [1]
  .bss               zero     0x200041e0    0x30  adc.o [1]
  .bss               zero     0x20004210     0x8  crc.o [1]
  .bss               zero     0x20004218     0x8  DS_Protocol.o [1]
  .bss               zero     0x20004220     0x4  stm32f1xx_hal.o [1]
  .bss               zero     0x20004224     0x1  usbd_cdc.o [1]
  .bss               zero     0x20004225     0x1  usbd_ctlreq.o [1]
                            - 0x20004226  0x3ece

"P2", part 3 of 3:                         0x400
  CSTACK                      0x20004228   0x400  <Block>
    CSTACK           uninit   0x20004228   0x400  <Block tail>
                            - 0x20004628   0x400


*******************************************************************************
*** INIT TABLE
***

          Address     Size
          -------     ----
Zero (__iar_zero_init3)
    1 destination range, total size 0x3ece:
          0x20000358  0x3ece

Copy/lz77 (__iar_lz77_init_single3)
    1 source range, total size 0x2d0 (84% of destination):
          0x080055a8   0x2d0
    1 destination range, total size 0x358:
          0x20000000   0x358



*******************************************************************************
*** MODULE SUMMARY
***

    Module                  ro code  ro data  rw data
    ------                  -------  -------  -------
E:\Users\bertz\Documents\GitHub\DSv1.3\DSPro\EWARM\DSPro\Obj: [1]
    DS_Protocol.o             1 288      430    8 736
    GentleSensor.o               88
    adc.o                       320               116
    crc.o                       132                 8
    dma.o                        48
    gpio.o                      236
    i2c.o                       192                84
    main.o                      722                72
    spi.o                       244                88
    startup_stm32f103xe.o       492
    stm32f1xx_hal.o             104                 4
    stm32f1xx_hal_adc.o         864
    stm32f1xx_hal_adc_ex.o        2
    stm32f1xx_hal_cortex.o      230
    stm32f1xx_hal_crc.o          32
    stm32f1xx_hal_dma.o       1 058
    stm32f1xx_hal_gpio.o        514
    stm32f1xx_hal_i2c.o       2 812
    stm32f1xx_hal_msp.o         140
    stm32f1xx_hal_pcd.o       1 714
    stm32f1xx_hal_pcd_ex.o       48
    stm32f1xx_hal_rcc.o       1 246
    stm32f1xx_hal_rcc_ex.o      232
    stm32f1xx_hal_spi.o         234
    stm32f1xx_hal_spi_ex.o      130
    stm32f1xx_hal_tim.o         884
    stm32f1xx_hal_tim_ex.o       78
    stm32f1xx_hal_uart.o      1 462
    stm32f1xx_it.o              212
    stm32f1xx_ll_usb.o        1 570
    system_stm32f1xx.o           92       12        4
    tim.o                       312               128
    usart.o                     652               532
    usb_device.o                 56               548
    usbd_cdc.o                  516      228      273
    usbd_cdc_if.o                68       14    4 112
    usbd_conf.o                 624             1 664
    usbd_core.o                 552
    usbd_ctlreq.o               938                 1
    usbd_desc.o                 192       44      564
    usbd_ioreq.o                 96
    -------------------------------------------------
    Total:                   21 426      728   16 934

command line: [2]
    -------------------------------------------------
    Total:

dl7M_tlf.a: [3]
    exit.o                        4
    low_level_init.o              4
    -------------------------------------------------
    Total:                        8

rt7M_tl.a: [4]
    ABImemcpy.o                 134
    cexit.o                      10
    cmain.o                      30
    cstartup_M.o                 12
    data_init.o                  40
    lz77_init_single.o          122
    zero_init3.o                 64
    -------------------------------------------------
    Total:                      412

shb_l.a: [5]
    exit.o                       20
    -------------------------------------------------
    Total:                       20

    Gaps                         22
    Linker created                        32    1 024
-----------------------------------------------------
    Grand Total:             21 888      760   17 958


*******************************************************************************
*** ENTRY LIST
***

Entry                      Address   Size  Type      Object
-----                      -------   ----  ----      ------
.iar.init_table$$Base   0x08005470          --   Gb  - Linker created -
.iar.init_table$$Limit  0x08005490          --   Gb  - Linker created -
?main                   0x08005491         Code  Gb  cmain.o [4]
ADC1_2_IRQHandler       0x08005207    0x6  Code  Gb  stm32f1xx_it.o [1]
ADC_ConversionStop_Disable
                        0x08003bed   0x44  Code  Gb  stm32f1xx_hal_adc.o [1]
AHBPrescTable           0x080053b4   0x10  Data  Gb  system_stm32f1xx.o [1]
APBPrescTable           0x080054f4    0x8  Data  Gb  system_stm32f1xx.o [1]
AckCmdBuffer            0x20004218    0x8  Data  Gb  DS_Protocol.o [1]
BSP_LED_OUT_OFF         0x08001c5f    0x4  Code  Gb  gpio.o [1]
BSP_LED_OUT_ON          0x08001c63    0x2  Code  Gb  gpio.o [1]
BSP_RUNNINGLED_ON       0x08001c57    0x8  Code  Gb  gpio.o [1]
BusFault_Handler        0x080051cb    0x2  Code  Gb  stm32f1xx_it.o [1]
CDC_Control_FS          0x080053e7    0x4  Code  Lc  usbd_cdc_if.o [1]
CDC_DeInit_FS           0x080053e3    0x4  Code  Lc  usbd_cdc_if.o [1]
CDC_Init_FS             0x080053c5   0x1e  Code  Lc  usbd_cdc_if.o [1]
CDC_Receive_FS          0x080053eb   0x16  Code  Lc  usbd_cdc_if.o [1]
CRC16BIT                0x08002cd9   0x2e  Code  Lc  DS_Protocol.o [1]
CSTACK$$Base            0x20004228          --   Gb  - Linker created -
CSTACK$$Limit           0x20004628          --   Gb  - Linker created -
CortexA9CmdDataBuffer   0x20001358  0x808  Data  Gb  DS_Protocol.o [1]
CortexA9UsartType       0x20002368  0x804  Data  Gb  DS_Protocol.o [1]
DMA1_Channel1_IRQHandler
                        0x080051e9    0x6  Code  Gb  stm32f1xx_it.o [1]
DMA1_Channel4_IRQHandler
                        0x080051ef    0x6  Code  Gb  stm32f1xx_it.o [1]
DMA1_Channel5_IRQHandler
                        0x080051f5    0x6  Code  Gb  stm32f1xx_it.o [1]
DMA1_Channel6_IRQHandler
                        0x080051fb    0x6  Code  Gb  stm32f1xx_it.o [1]
DMA1_Channel7_IRQHandler
                        0x08005201    0x6  Code  Gb  stm32f1xx_it.o [1]
DMA2_Channel4_5_IRQHandler
                        0x08005257    0x6  Code  Gb  stm32f1xx_it.o [1]
DMA_SetConfig           0x08001641   0x22  Code  Lc  stm32f1xx_hal_dma.o [1]
DS_AckRequestCmdFromCortexA9
                        0x08003177   0x10  Code  Gb  DS_Protocol.o [1]
DS_CortexA9UsartReceive_IDLE
                        0x08002d4d   0x24  Code  Gb  DS_Protocol.o [1]
DS_DoorBoardUsartReceive_IDLE
                        0x08002d71   0x24  Code  Gb  DS_Protocol.o [1]
DS_GentleSensorCheck    0x08002c89   0x44  Code  Gb  GentleSensor.o [1]
DS_GentleSensorInit     0x08002c81    0x8  Code  Gb  GentleSensor.o [1]
DS_HandingCmdFromCortexA9
                        0x080030c3   0x7a  Code  Gb  DS_Protocol.o [1]
DS_HandingCmdFromDoorBoard
                        0x0800313d   0x3a  Code  Gb  DS_Protocol.o [1]
DS_HandingUartDataFromCortexA9
                        0x08002eab   0xca  Code  Gb  DS_Protocol.o [1]
DS_HandingUartDataFromDoorBoard
                        0x08002f75   0xc0  Code  Gb  DS_Protocol.o [1]
DS_ProtocolInit         0x08002dc7   0x2c  Code  Gb  DS_Protocol.o [1]
DS_SendDataToCortexA9   0x08002df3    0xc  Code  Gb  DS_Protocol.o [1]
DS_SendDataToDoorBoard  0x08002dff    0xc  Code  Gb  DS_Protocol.o [1]
DS_SendRequestCmd       0x08002d07   0x46  Code  Lc  DS_Protocol.o [1]
DS_SendRequestCmdToCortexA9
                        0x08002e0b   0x12  Code  Gb  DS_Protocol.o [1]
DS_SendRequestCmdToDoorBoard
                        0x08002e1d   0x12  Code  Gb  DS_Protocol.o [1]
DS_TrySend5TimesCmdToCortexA9
                        0x08002e2f   0x30  Code  Gb  DS_Protocol.o [1]
DS_TrySend5TimesCmdToDoorBoard
                        0x08002e5f   0x30  Code  Gb  DS_Protocol.o [1]
DebugMon_Handler        0x080051d1    0x2  Code  Gb  stm32f1xx_it.o [1]
DoorBoardCmdDataBuffer  0x20001b60  0x808  Data  Gb  DS_Protocol.o [1]
DoorBoardUsartType      0x20002b6c  0x804  Data  Gb  DS_Protocol.o [1]
EXTI1_IRQHandler        0x080051e3    0x6  Code  Gb  stm32f1xx_it.o [1]
FS_Desc                 0x20000324   0x1c  Data  Gb  usbd_desc.o [1]
HAL_ADCEx_InjectedConvCpltCallback
                        0x08004345    0x2  Code  Wk  stm32f1xx_hal_adc_ex.o [1]
HAL_ADC_ConfigChannel   0x08003ad5   0xe4  Code  Gb  stm32f1xx_hal_adc.o [1]
HAL_ADC_IRQHandler      0x080039e5   0xd8  Code  Gb  stm32f1xx_hal_adc.o [1]
HAL_ADC_Init            0x080038d5  0x110  Code  Gb  stm32f1xx_hal_adc.o [1]
HAL_ADC_MspInit         0x080021a5   0x80  Code  Gb  adc.o [1]
HAL_CRC_Init            0x080038b3   0x20  Code  Gb  stm32f1xx_hal_crc.o [1]
HAL_CRC_MspInit         0x080020cf   0x22  Code  Gb  crc.o [1]
HAL_DMA_Abort           0x0800133b   0x32  Code  Gb  stm32f1xx_hal_dma.o [1]
HAL_DMA_Abort_IT        0x0800136d   0xdc  Code  Gb  stm32f1xx_hal_dma.o [1]
HAL_DMA_IRQHandler      0x08001449  0x1b4  Code  Gb  stm32f1xx_hal_dma.o [1]
HAL_DMA_Init            0x08001241   0x78  Code  Gb  stm32f1xx_hal_dma.o [1]
HAL_DMA_Start_IT        0x080012c7   0x74  Code  Gb  stm32f1xx_hal_dma.o [1]
HAL_GPIO_EXTI_IRQHandler
                        0x08001aeb   0x10  Code  Gb  stm32f1xx_hal_gpio.o [1]
HAL_GPIO_Init           0x0800193d  0x196  Code  Gb  stm32f1xx_hal_gpio.o [1]
HAL_GPIO_ReadPin        0x08001ad3    0xc  Code  Gb  stm32f1xx_hal_gpio.o [1]
HAL_GPIO_WritePin       0x08001adf    0xc  Code  Gb  stm32f1xx_hal_gpio.o [1]
HAL_GetTick             0x08001b41    0xc  Code  Wk  stm32f1xx_hal.o [1]
HAL_I2C_ER_IRQHandler   0x0800044b   0xc0  Code  Gb  stm32f1xx_hal_i2c.o [1]
HAL_I2C_EV_IRQHandler   0x08000219  0x20e  Code  Gb  stm32f1xx_hal_i2c.o [1]
HAL_I2C_Init            0x08000131   0xc8  Code  Gb  stm32f1xx_hal_i2c.o [1]
HAL_I2C_MspInit         0x08000c51   0x3a  Code  Gb  i2c.o [1]
HAL_IncTick             0x08005299   0x10  Code  Wk  stm32f1xx_hal.o [1]
HAL_Init                0x08001b75   0x20  Code  Gb  stm32f1xx_hal.o [1]
HAL_InitTick            0x08001b4d   0x28  Code  Wk  stm32f1xx_hal.o [1]
HAL_MspInit             0x080033b1   0x8c  Code  Gb  stm32f1xx_hal_msp.o [1]
HAL_NVIC_EnableIRQ      0x0800333b    0xa  Code  Gb  stm32f1xx_hal_cortex.o [1]
HAL_NVIC_SetPriority    0x08003301   0x3a  Code  Gb  stm32f1xx_hal_cortex.o [1]
HAL_NVIC_SetPriorityGrouping
                        0x080032e7   0x1a  Code  Gb  stm32f1xx_hal_cortex.o [1]
HAL_PCDEx_PMAConfig     0x080049fb   0x30  Code  Gb  stm32f1xx_hal_pcd_ex.o [1]
HAL_PCDEx_SetConnectionState
                        0x08003ef7    0x2  Code  Gb  usbd_conf.o [1]
HAL_PCD_DataInStageCallback
                        0x08003d07    0xe  Code  Gb  usbd_conf.o [1]
HAL_PCD_DataOutStageCallback
                        0x08003cf7   0x10  Code  Gb  usbd_conf.o [1]
HAL_PCD_EP_Close        0x08004591   0x30  Code  Gb  stm32f1xx_hal_pcd.o [1]
HAL_PCD_EP_ClrStall     0x0800468d   0x42  Code  Gb  stm32f1xx_hal_pcd.o [1]
HAL_PCD_EP_GetRxCount   0x080045f1   0x10  Code  Gb  stm32f1xx_hal_pcd.o [1]
HAL_PCD_EP_Open         0x0800455d   0x34  Code  Gb  stm32f1xx_hal_pcd.o [1]
HAL_PCD_EP_Receive      0x080045d9   0x18  Code  Gb  stm32f1xx_hal_pcd.o [1]
HAL_PCD_EP_SetStall     0x08004633   0x5a  Code  Gb  stm32f1xx_hal_pcd.o [1]
HAL_PCD_EP_Transmit     0x08004601   0x18  Code  Gb  stm32f1xx_hal_pcd.o [1]
HAL_PCD_IRQHandler      0x08004411   0xfa  Code  Gb  stm32f1xx_hal_pcd.o [1]
HAL_PCD_Init            0x08004349   0xa0  Code  Gb  stm32f1xx_hal_pcd.o [1]
HAL_PCD_MspInit         0x08003cc9   0x22  Code  Gb  usbd_conf.o [1]
HAL_PCD_ResetCallback   0x08003d1d   0x1a  Code  Gb  usbd_conf.o [1]
HAL_PCD_ResumeCallback  0x08003d53    0x8  Code  Gb  usbd_conf.o [1]
HAL_PCD_SOFCallback     0x08003d15    0x8  Code  Gb  usbd_conf.o [1]
HAL_PCD_SetAddress      0x0800453f   0x1e  Code  Gb  stm32f1xx_hal_pcd.o [1]
HAL_PCD_SetupStageCallback
                        0x08003ceb    0xc  Code  Gb  usbd_conf.o [1]
HAL_PCD_Start           0x080043f3   0x1e  Code  Gb  stm32f1xx_hal_pcd.o [1]
HAL_PCD_SuspendCallback
                        0x08003d37   0x1c  Code  Gb  usbd_conf.o [1]
HAL_RCCEx_PeriphCLKConfig
                        0x080031e1   0xda  Code  Gb  stm32f1xx_hal_rcc_ex.o [1]
HAL_RCC_ClockConfig     0x08000ff5  0x10c  Code  Gb  stm32f1xx_hal_rcc.o [1]
HAL_RCC_GetHCLKFreq     0x0800114f    0x6  Code  Gb  stm32f1xx_hal_rcc.o [1]
HAL_RCC_GetPCLK1Freq    0x08001155   0x10  Code  Gb  stm32f1xx_hal_rcc.o [1]
HAL_RCC_GetPCLK2Freq    0x08001165    0xe  Code  Gb  stm32f1xx_hal_rcc.o [1]
HAL_RCC_GetSysClockFreq
                        0x08001115   0x3a  Code  Gb  stm32f1xx_hal_rcc.o [1]
HAL_RCC_GetSysClockFreq::aPLLMULFactorTable
                        0x080011a4   0x10  Data  Lc  stm32f1xx_hal_rcc.o [1]
HAL_RCC_GetSysClockFreq::aPredivFactorTable
                        0x080011b4    0x2  Data  Lc  stm32f1xx_hal_rcc.o [1]
HAL_RCC_OscConfig       0x08000cd9  0x314  Code  Gb  stm32f1xx_hal_rcc.o [1]
HAL_SPI_IRQHandler      0x080050d9   0xdc  Code  Gb  stm32f1xx_hal_spi.o [1]
HAL_SPI_Init            0x08003c31   0x82  Code  Gb  stm32f1xx_hal_spi_ex.o [1]
HAL_SPI_MspInit         0x080022c1   0x5e  Code  Gb  spi.o [1]
HAL_SYSTICK_CLKSourceConfig
                        0x08003377   0x1a  Code  Gb  stm32f1xx_hal_cortex.o [1]
HAL_SYSTICK_Config      0x0800334f   0x28  Code  Gb  stm32f1xx_hal_cortex.o [1]
HAL_SYSTICK_IRQHandler  0x080033a9    0x4  Code  Gb  stm32f1xx_hal_cortex.o [1]
HAL_TIMEx_BreakCallback
                        0x08003cb7    0x2  Code  Wk  stm32f1xx_hal_tim_ex.o [1]
HAL_TIMEx_CommutationCallback
                        0x08003cbb    0x2  Code  Wk  stm32f1xx_hal_tim_ex.o [1]
HAL_TIMEx_MasterConfigSynchronization
                        0x08003869   0x4a  Code  Gb  stm32f1xx_hal_tim_ex.o [1]
HAL_TIM_Base_Init       0x08002369   0x1a  Code  Gb  stm32f1xx_hal_tim.o [1]
HAL_TIM_Base_MspInit    0x0800202d   0x38  Code  Gb  tim.o [1]
HAL_TIM_Base_Start_IT   0x08002383   0x16  Code  Gb  stm32f1xx_hal_tim.o [1]
HAL_TIM_ConfigClockSource
                        0x08002505   0xac  Code  Gb  stm32f1xx_hal_tim.o [1]
HAL_TIM_IRQHandler      0x080023bd  0x142  Code  Gb  stm32f1xx_hal_tim.o [1]
HAL_TIM_PeriodElapsedCallback
                        0x080018a9   0x70  Code  Gb  main.o [1]
HAL_UART_DMAStop        0x08002857   0x48  Code  Gb  stm32f1xx_hal_uart.o [1]
HAL_UART_IRQHandler     0x080028b7  0x152  Code  Gb  stm32f1xx_hal_uart.o [1]
HAL_UART_Init           0x080026d5   0x1e  Code  Gb  stm32f1xx_hal_uart.o [1]
HAL_UART_MspInit        0x08001d55  0x17c  Code  Gb  usart.o [1]
HAL_UART_Receive_DMA    0x080027c5   0x92  Code  Gb  stm32f1xx_hal_uart.o [1]
HAL_UART_Transmit_DMA   0x0800274d   0x78  Code  Gb  stm32f1xx_hal_uart.o [1]
HardFault_Handler       0x080051c7    0x2  Code  Gb  stm32f1xx_it.o [1]
I2C2_ER_IRQHandler      0x0800521f    0x6  Code  Gb  stm32f1xx_it.o [1]
I2C2_EV_IRQHandler      0x08005219    0x6  Code  Gb  stm32f1xx_it.o [1]
I2C_DMAAbort            0x08000bc9   0x50  Code  Lc  stm32f1xx_hal_i2c.o [1]
I2C_ITError             0x08000a91   0xde  Code  Lc  stm32f1xx_hal_i2c.o [1]
I2C_MasterReceive_BTF   0x0800071d   0x90  Code  Lc  stm32f1xx_hal_i2c.o [1]
I2C_MasterReceive_RXNE  0x08000669   0x9c  Code  Lc  stm32f1xx_hal_i2c.o [1]
I2C_MasterTransmit_BTF  0x080005d3   0x48  Code  Lc  stm32f1xx_hal_i2c.o [1]
I2C_MasterTransmit_TXE  0x0800050b   0xc8  Code  Lc  stm32f1xx_hal_i2c.o [1]
I2C_Master_ADDR         0x080007d5  0x12c  Code  Lc  stm32f1xx_hal_i2c.o [1]
I2C_Slave_AF            0x08000a19   0x78  Code  Lc  stm32f1xx_hal_i2c.o [1]
I2C_Slave_STOPF         0x0800093d   0xd6  Code  Lc  stm32f1xx_hal_i2c.o [1]
MX_ADC1_Init            0x08002135   0x70  Code  Gb  adc.o [1]
MX_CRC_Init             0x080020b1   0x1e  Code  Gb  crc.o [1]
MX_DMA_Init             0x08001c85   0x30  Code  Gb  dma.o [1]
MX_GPIO_Init            0x08001b99   0xbe  Code  Gb  gpio.o [1]
MX_I2C2_Init            0x08000c19   0x38  Code  Gb  i2c.o [1]
MX_NVIC_Init            0x080017b3   0xf6  Code  Lc  main.o [1]
MX_SPI1_Init            0x08002275   0x4c  Code  Gb  spi.o [1]
MX_TIM4_Init            0x08001f79   0x42  Code  Gb  tim.o [1]
MX_TIM5_Init            0x08001fbb   0x40  Code  Gb  tim.o [1]
MX_UART4_Init           0x08001ced   0x16  Code  Gb  usart.o [1]
MX_USART1_UART_Init     0x08001d03   0x16  Code  Gb  usart.o [1]
MX_USART2_UART_Init     0x08001d3f   0x16  Code  Gb  usart.o [1]
MX_USB_DEVICE_Init      0x08001cb5   0x38  Code  Gb  usb_device.o [1]
MemManage_Handler       0x080051c9    0x2  Code  Gb  stm32f1xx_it.o [1]
NMI_Handler             0x080051c5    0x2  Code  Gb  stm32f1xx_it.o [1]
NVIC_SetPriority        0x080032c9   0x1e  Code  Lc  stm32f1xx_hal_cortex.o [1]
PCD_EP_ISR_Handler      0x080046d7  0x2e8  Code  Lc  stm32f1xx_hal_pcd.o [1]
PendSV_Handler          0x080051d3    0x2  Code  Gb  stm32f1xx_it.o [1]
Region$$Table$$Base     0x08005470          --   Gb  - Linker created -
Region$$Table$$Limit    0x08005490          --   Gb  - Linker created -
SPI1_IRQHandler         0x08005225    0x6  Code  Gb  stm32f1xx_it.o [1]
SPI_DMAAbortOnError     0x080051b5    0xc  Code  Lc  stm32f1xx_hal_spi.o [1]
SVC_Handler             0x080051cf    0x2  Code  Gb  stm32f1xx_it.o [1]
SysTick_Handler         0x080051d5    0xe  Code  Gb  stm32f1xx_it.o [1]
SystemClock_Config      0x08001729   0x8a  Code  Gb  main.o [1]
SystemCoreClock         0x20000200    0x4  Data  Gb  system_stm32f1xx.o [1]
SystemInit              0x08005369   0x3a  Code  Gb  system_stm32f1xx.o [1]
TIM4_IRQHandler         0x08005213    0x6  Code  Gb  stm32f1xx_it.o [1]
TIM5_IRQHandler         0x0800524b    0x6  Code  Gb  stm32f1xx_it.o [1]
TIM_Base_SetConfig      0x080025db   0x74  Code  Gb  stm32f1xx_hal_tim.o [1]
TIM_ETR_SetConfig       0x080026bb   0x14  Code  Lc  stm32f1xx_hal_tim.o [1]
TIM_ITRx_SetConfig      0x080026ab   0x10  Code  Lc  stm32f1xx_hal_tim.o [1]
TIM_TI1_ConfigInputStage
                        0x08002669   0x1e  Code  Lc  stm32f1xx_hal_tim.o [1]
TIM_TI2_ConfigInputStage
                        0x08002687   0x24  Code  Lc  stm32f1xx_hal_tim.o [1]
UART4_IRQHandler        0x08005251    0x6  Code  Gb  stm32f1xx_it.o [1]
UART_DMAAbortOnError    0x08002af5    0xc  Code  Lc  stm32f1xx_hal_uart.o [1]
UART_DMAError           0x08002a7d   0x4a  Code  Lc  stm32f1xx_hal_uart.o [1]
UART_DMAReceiveCplt     0x08002a3d   0x38  Code  Lc  stm32f1xx_hal_uart.o [1]
UART_DMARxHalfCplt      0x08002a75    0x6  Code  Lc  stm32f1xx_hal_uart.o [1]
UART_DMATransmitCplt    0x08002a09   0x2a  Code  Lc  stm32f1xx_hal_uart.o [1]
UART_DMATxHalfCplt      0x08002a35    0x6  Code  Lc  stm32f1xx_hal_uart.o [1]
UART_EndRxTransfer      0x08002ad9   0x1c  Code  Lc  stm32f1xx_hal_uart.o [1]
UART_EndTxTransfer      0x08002ac7   0x12  Code  Lc  stm32f1xx_hal_uart.o [1]
UART_Receive_IT         0x08002b01   0x96  Code  Lc  stm32f1xx_hal_uart.o [1]
UART_SetConfig          0x08002b97   0xde  Code  Lc  stm32f1xx_hal_uart.o [1]
USART1_IRQHandler       0x0800522b    0xc  Code  Gb  stm32f1xx_it.o [1]
USART2_IRQHandler       0x08005237    0xa  Code  Gb  stm32f1xx_it.o [1]
USBD_CDC                0x20000210   0x38  Data  Gb  usbd_cdc.o [1]
USBD_CDC_CfgFSDesc      0x2000028c   0x44  Data  Gb  usbd_cdc.o [1]
USBD_CDC_CfgHSDesc      0x20000248   0x44  Data  Gb  usbd_cdc.o [1]
USBD_CDC_DataIn         0x0800377f   0x14  Code  Lc  usbd_cdc.o [1]
USBD_CDC_DataOut        0x08003793   0x2a  Code  Lc  usbd_cdc.o [1]
USBD_CDC_DeInit         0x080036e3   0x36  Code  Lc  usbd_cdc.o [1]
USBD_CDC_DeviceQualifierDesc
                        0x20000204    0xc  Data  Lc  usbd_cdc.o [1]
USBD_CDC_EP0_RxReady    0x080037bd   0x26  Code  Lc  usbd_cdc.o [1]
USBD_CDC_GetDeviceQualifierDescriptor
                        0x080037fb    0x8  Code  Gb  usbd_cdc.o [1]
USBD_CDC_GetFSCfgDesc   0x080037e3    0x8  Code  Lc  usbd_cdc.o [1]
USBD_CDC_GetHSCfgDesc   0x080037eb    0x8  Code  Lc  usbd_cdc.o [1]
USBD_CDC_GetOtherSpeedCfgDesc
                        0x080037f3    0x8  Code  Lc  usbd_cdc.o [1]
USBD_CDC_Init           0x08003665   0x74  Code  Lc  usbd_cdc.o [1]
USBD_CDC_OtherSpeedCfgDesc
                        0x200002d0   0x44  Data  Gb  usbd_cdc.o [1]
USBD_CDC_ReceivePacket  0x08003843   0x26  Code  Gb  usbd_cdc.o [1]
USBD_CDC_RegisterInterface
                        0x08003819    0xe  Code  Gb  usbd_cdc.o [1]
USBD_CDC_SetRxBuffer    0x08003837    0xc  Code  Gb  usbd_cdc.o [1]
USBD_CDC_SetTxBuffer    0x08003827   0x10  Code  Gb  usbd_cdc.o [1]
USBD_CDC_Setup          0x08003719   0x66  Code  Lc  usbd_cdc.o [1]
USBD_CDC_Setup::ifalt   0x20004224    0x1  Data  Lc  usbd_cdc.o [1]
USBD_ClrClassConfig     0x08003493    0xa  Code  Gb  usbd_core.o [1]
USBD_CtlContinueRx      0x08004317    0x4  Code  Gb  usbd_ioreq.o [1]
USBD_CtlContinueSendData
                        0x080042f3    0x4  Code  Gb  usbd_ioreq.o [1]
USBD_CtlError           0x08004287   0x16  Code  Gb  usbd_ctlreq.o [1]
USBD_CtlPrepareRx       0x08004303   0x14  Code  Gb  usbd_ioreq.o [1]
USBD_CtlReceiveStatus   0x08004335    0xe  Code  Gb  usbd_ioreq.o [1]
USBD_CtlSendData        0x080042e3   0x10  Code  Gb  usbd_ioreq.o [1]
USBD_CtlSendStatus      0x08004327    0xe  Code  Gb  usbd_ioreq.o [1]
USBD_FS_ConfigStrDescriptor
                        0x080052f9    0xc  Code  Gb  usbd_desc.o [1]
USBD_FS_DeviceDesc      0x20000340   0x14  Data  Gb  usbd_desc.o [1]
USBD_FS_DeviceDescriptor
                        0x080052a9    0x8  Code  Gb  usbd_desc.o [1]
USBD_FS_InterfaceStrDescriptor
                        0x08005305    0xc  Code  Gb  usbd_desc.o [1]
USBD_FS_LangIDStrDescriptor
                        0x080052b1    0x8  Code  Gb  usbd_desc.o [1]
USBD_FS_ManufacturerStrDescriptor
                        0x080052c5    0xa  Code  Gb  usbd_desc.o [1]
USBD_FS_ProductStrDescriptor
                        0x080052b9    0xc  Code  Gb  usbd_desc.o [1]
USBD_FS_SerialStrDescriptor
                        0x080052d9    0xc  Code  Gb  usbd_desc.o [1]
USBD_GetDescriptor      0x08004169   0xf0  Code  Lc  usbd_ctlreq.o [1]
USBD_GetString          0x0800429d   0x46  Code  Gb  usbd_ctlreq.o [1]
USBD_Init               0x0800343d   0x26  Code  Gb  usbd_core.o [1]
USBD_Interface_fops_FS  0x20000314   0x10  Data  Gb  usbd_cdc_if.o [1]
USBD_LL_ClearStallEP    0x08003e4f   0x1a  Code  Gb  usbd_conf.o [1]
USBD_LL_CloseEP         0x08003e1b   0x1a  Code  Gb  usbd_conf.o [1]
USBD_LL_DataInStage     0x08003555   0x94  Code  Gb  usbd_core.o [1]
USBD_LL_DataOutStage    0x080034f3   0x62  Code  Gb  usbd_core.o [1]
USBD_LL_GetRxDataSize   0x08003ed5    0x8  Code  Gb  usbd_conf.o [1]
USBD_LL_Init            0x08003d5b   0x86  Code  Gb  usbd_conf.o [1]
USBD_LL_IsStallEP       0x08003e69   0x1e  Code  Gb  usbd_conf.o [1]
USBD_LL_OpenEP          0x08003dfb   0x20  Code  Gb  usbd_conf.o [1]
USBD_LL_PrepareReceive  0x08003ebb   0x1a  Code  Gb  usbd_conf.o [1]
USBD_LL_Reset           0x080035e9   0x40  Code  Gb  usbd_core.o [1]
USBD_LL_Resume          0x0800363b    0x6  Code  Gb  usbd_core.o [1]
USBD_LL_SOF             0x08003647   0x18  Code  Gb  usbd_core.o [1]
USBD_LL_SetSpeed        0x08003629    0x6  Code  Gb  usbd_core.o [1]
USBD_LL_SetUSBAddress   0x08003e87   0x1a  Code  Gb  usbd_conf.o [1]
USBD_LL_SetupStage      0x0800349d   0x56  Code  Gb  usbd_core.o [1]
USBD_LL_StallEP         0x08003e35   0x1a  Code  Gb  usbd_conf.o [1]
USBD_LL_Start           0x08003de1   0x1a  Code  Gb  usbd_conf.o [1]
USBD_LL_Suspend         0x0800362f    0xc  Code  Gb  usbd_core.o [1]
USBD_LL_Transmit        0x08003ea1   0x1a  Code  Gb  usbd_conf.o [1]
USBD_LangIDDesc         0x20000354    0x4  Data  Gb  usbd_desc.o [1]
USBD_ParseSetupRequest  0x0800425f   0x28  Code  Gb  usbd_ctlreq.o [1]
USBD_RegisterClass      0x08003463   0x10  Code  Gb  usbd_core.o [1]
USBD_SetClassConfig     0x0800347d   0x16  Code  Gb  usbd_core.o [1]
USBD_SetConfig::cfgidx  0x20004225    0x1  Data  Lc  usbd_ctlreq.o [1]
USBD_Start              0x08003473    0xa  Code  Gb  usbd_core.o [1]
USBD_StdDevReq          0x08003f39  0x12a  Code  Gb  usbd_ctlreq.o [1]
USBD_StdEPReq           0x080040a1   0xbc  Code  Gb  usbd_ctlreq.o [1]
USBD_StdItfReq          0x08004069   0x32  Code  Gb  usbd_ctlreq.o [1]
USBD_StrDesc            0x20003c14  0x200  Data  Gb  usbd_desc.o [1]
USBD_static_free        0x08003ef5    0x2  Code  Gb  usbd_conf.o [1]
USBD_static_malloc      0x08003edd    0x4  Code  Gb  usbd_conf.o [1]
USBD_static_malloc::mem
                        0x200039f4  0x220  Data  Lc  usbd_conf.o [1]
USB_ActivateEndpoint    0x08004a69  0x206  Code  Gb  stm32f1xx_ll_usb.o [1]
USB_CoreInit            0x08004a2d    0x4  Code  Gb  stm32f1xx_ll_usb.o [1]
USB_DeactivateEndpoint  0x08004c9d   0xd0  Code  Gb  stm32f1xx_ll_usb.o [1]
USB_DevConnect          0x08004feb    0x4  Code  Gb  stm32f1xx_ll_usb.o [1]
USB_DevDisconnect       0x08004fef    0x4  Code  Gb  stm32f1xx_ll_usb.o [1]
USB_DevInit             0x08004a49   0x18  Code  Gb  stm32f1xx_ll_usb.o [1]
USB_DisableGlobalInt    0x08004a3b    0xa  Code  Gb  stm32f1xx_ll_usb.o [1]
USB_EP0_OutStart        0x08004ff9    0x4  Code  Gb  stm32f1xx_ll_usb.o [1]
USB_EPClearStall        0x08004f6f   0x70  Code  Gb  stm32f1xx_ll_usb.o [1]
USB_EPSetStall          0x08004f25   0x4a  Code  Gb  stm32f1xx_ll_usb.o [1]
USB_EPStartXfer         0x08004d9b  0x152  Code  Gb  stm32f1xx_ll_usb.o [1]
USB_EnableGlobalInt     0x08004a31    0xa  Code  Gb  stm32f1xx_ll_usb.o [1]
USB_LP_CAN1_RX0_IRQHandler
                        0x0800520d    0x6  Code  Gb  stm32f1xx_it.o [1]
USB_ReadInterrupts      0x08004ff3    0x6  Code  Gb  stm32f1xx_ll_usb.o [1]
USB_ReadPMA             0x08005033   0x1c  Code  Gb  stm32f1xx_ll_usb.o [1]
USB_SetCurrentMode      0x08004a45    0x4  Code  Gb  stm32f1xx_ll_usb.o [1]
USB_SetDevAddress       0x08004fdf    0xc  Code  Gb  stm32f1xx_ll_usb.o [1]
USB_WritePMA            0x0800500f   0x24  Code  Gb  stm32f1xx_ll_usb.o [1]
UsageFault_Handler      0x080051cd    0x2  Code  Gb  stm32f1xx_it.o [1]
UserRxBufferFS          0x20000358  0x800  Data  Gb  usbd_cdc_if.o [1]
UserTxBufferFS          0x20000b58  0x800  Data  Gb  usbd_cdc_if.o [1]
_Error_Handler          0x08001939    0x2  Code  Gb  main.o [1]
__aeabi_memcpy4         0x08005051         Code  Gb  ABImemcpy.o [4]
__aeabi_memcpy8         0x08005051         Code  Gb  ABImemcpy.o [4]
__cmain                 0x08005491         Code  Gb  cmain.o [4]
__exit                  0x080054c5   0x14  Code  Gb  exit.o [5]
__iar_data_init3        0x08005449   0x28  Code  Gb  data_init.o [4]
__iar_lz77_init_single3
                        0x080011c7   0x7a  Code  Gb  lz77_init_single.o [4]
__iar_program_start     0x080054e9         Code  Gb  cstartup_M.o [4]
__iar_systems$$module {Abs}
                        0x00000001         Data  Gb  command line/config [2]
__iar_zero_init3        0x08005409   0x40  Code  Gb  zero_init3.o [4]
__low_level_init        0x080054af    0x4  Code  Gb  low_level_init.o [3]
__vector_table          0x08000000         Data  Gb  startup_stm32f103xe.o [1]
_call_main              0x0800549d         Code  Gb  cmain.o [4]
_exit                   0x080054b9         Code  Gb  cexit.o [4]
_main                   0x080054ab         Code  Gb  cmain.o [4]
ccitt_table             0x20000000  0x200  Data  Lc  DS_Protocol.o [1]
exit                    0x080054b3    0x4  Code  Gb  exit.o [3]
gCortexA9ProtocolCmd    0x20004024   0x1c  Data  Gb  main.o [1]
gDoorBoardProtocolCmd   0x20004040   0x1c  Data  Gb  main.o [1]
gGentleSensorStatusDetection
                        0x20004014    0xc  Data  Gb  main.o [1]
gTIM4Cnt                0x20004022    0x2  Data  Gb  main.o [1]
gTIM4CntFlag            0x20004020    0x1  Data  Gb  main.o [1]
hUsbDeviceFS            0x200037d0  0x224  Data  Gb  usb_device.o [1]
hadc1                   0x200041e0   0x30  Data  Gb  adc.o [1]
hcrc                    0x20004210    0x8  Data  Gb  crc.o [1]
hdma_adc1               0x2000405c   0x44  Data  Gb  adc.o [1]
hdma_uart4_tx           0x20003e14   0x44  Data  Gb  usart.o [1]
hdma_usart1_rx          0x20003e58   0x44  Data  Gb  usart.o [1]
hdma_usart1_tx          0x20003e9c   0x44  Data  Gb  usart.o [1]
hdma_usart2_rx          0x20003ee0   0x44  Data  Gb  usart.o [1]
hdma_usart2_tx          0x20003f24   0x44  Data  Gb  usart.o [1]
hi2c2                   0x20003fc0   0x54  Data  Gb  i2c.o [1]
hpcd_USB_FS             0x20003370  0x460  Data  Gb  usbd_conf.o [1]
hspi1                   0x20003f68   0x58  Data  Gb  spi.o [1]
htim4                   0x200040a0   0x40  Data  Gb  tim.o [1]
htim5                   0x200040e0   0x40  Data  Gb  tim.o [1]
huart1                  0x20004160   0x40  Data  Gb  usart.o [1]
huart2                  0x200041a0   0x40  Data  Gb  usart.o [1]
huart4                  0x20004120   0x40  Data  Gb  usart.o [1]
main                    0x08001669   0xc0  Code  Gb  main.o [1]
uwTick                  0x20004220    0x4  Data  Gb  stm32f1xx_hal.o [1]


[1] = E:\Users\bertz\Documents\GitHub\DSv1.3\DSPro\EWARM\DSPro\Obj
[2] = command line
[3] = dl7M_tlf.a
[4] = rt7M_tl.a
[5] = shb_l.a

  21 888 bytes of readonly  code memory
     760 bytes of readonly  data memory
  17 958 bytes of readwrite data memory

Errors: none
Warnings: none
