###############################################################################
#
# IAR ELF Linker V8.20.1.14183/W32 for ARM                12/Dec/2017  18:04:15
# Copyright 2007-2017 IAR Systems AB.
#
#    Output file  =  
#        C:\Users\17657\Desktop\DSv1.3\DSPro\EWARM\DSPro\Exe\DSPro.out
#    Map file     =  
#        C:\Users\17657\Desktop\DSv1.3\DSPro\EWARM\DSPro\List\DSPro.map
#    Command line =  
#        -f C:\Users\17657\AppData\Local\Temp\EWDCC0.tmp
#        (C:\Users\17657\Desktop\DSv1.3\DSPro\EWARM\DSPro\Obj\adc.o
#        C:\Users\17657\Desktop\DSv1.3\DSPro\EWARM\DSPro\Obj\crc.o
#        C:\Users\17657\Desktop\DSv1.3\DSPro\EWARM\DSPro\Obj\dma.o
#        C:\Users\17657\Desktop\DSv1.3\DSPro\EWARM\DSPro\Obj\DS_Protocol.o
#        C:\Users\17657\Desktop\DSv1.3\DSPro\EWARM\DSPro\Obj\GentleSensor.o
#        C:\Users\17657\Desktop\DSv1.3\DSPro\EWARM\DSPro\Obj\gpio.o
#        C:\Users\17657\Desktop\DSv1.3\DSPro\EWARM\DSPro\Obj\i2c.o
#        C:\Users\17657\Desktop\DSv1.3\DSPro\EWARM\DSPro\Obj\main.o
#        C:\Users\17657\Desktop\DSv1.3\DSPro\EWARM\DSPro\Obj\startup_stm32f103xe.o
#        C:\Users\17657\Desktop\DSv1.3\DSPro\EWARM\DSPro\Obj\stm32f1xx_hal.o
#        C:\Users\17657\Desktop\DSv1.3\DSPro\EWARM\DSPro\Obj\stm32f1xx_hal_adc.o
#        C:\Users\17657\Desktop\DSv1.3\DSPro\EWARM\DSPro\Obj\stm32f1xx_hal_adc_ex.o
#        C:\Users\17657\Desktop\DSv1.3\DSPro\EWARM\DSPro\Obj\stm32f1xx_hal_cortex.o
#        C:\Users\17657\Desktop\DSv1.3\DSPro\EWARM\DSPro\Obj\stm32f1xx_hal_crc.o
#        C:\Users\17657\Desktop\DSv1.3\DSPro\EWARM\DSPro\Obj\stm32f1xx_hal_dma.o
#        C:\Users\17657\Desktop\DSv1.3\DSPro\EWARM\DSPro\Obj\stm32f1xx_hal_flash.o
#        C:\Users\17657\Desktop\DSv1.3\DSPro\EWARM\DSPro\Obj\stm32f1xx_hal_flash_ex.o
#        C:\Users\17657\Desktop\DSv1.3\DSPro\EWARM\DSPro\Obj\stm32f1xx_hal_gpio.o
#        C:\Users\17657\Desktop\DSv1.3\DSPro\EWARM\DSPro\Obj\stm32f1xx_hal_gpio_ex.o
#        C:\Users\17657\Desktop\DSv1.3\DSPro\EWARM\DSPro\Obj\stm32f1xx_hal_i2c.o
#        C:\Users\17657\Desktop\DSv1.3\DSPro\EWARM\DSPro\Obj\stm32f1xx_hal_msp.o
#        C:\Users\17657\Desktop\DSv1.3\DSPro\EWARM\DSPro\Obj\stm32f1xx_hal_pcd.o
#        C:\Users\17657\Desktop\DSv1.3\DSPro\EWARM\DSPro\Obj\stm32f1xx_hal_pcd_ex.o
#        C:\Users\17657\Desktop\DSv1.3\DSPro\EWARM\DSPro\Obj\stm32f1xx_hal_pwr.o
#        C:\Users\17657\Desktop\DSv1.3\DSPro\EWARM\DSPro\Obj\stm32f1xx_hal_rcc.o
#        C:\Users\17657\Desktop\DSv1.3\DSPro\EWARM\DSPro\Obj\stm32f1xx_hal_rcc_ex.o
#        C:\Users\17657\Desktop\DSv1.3\DSPro\EWARM\DSPro\Obj\stm32f1xx_hal_tim.o
#        C:\Users\17657\Desktop\DSv1.3\DSPro\EWARM\DSPro\Obj\stm32f1xx_hal_tim_ex.o
#        C:\Users\17657\Desktop\DSv1.3\DSPro\EWARM\DSPro\Obj\stm32f1xx_hal_uart.o
#        C:\Users\17657\Desktop\DSv1.3\DSPro\EWARM\DSPro\Obj\stm32f1xx_it.o
#        C:\Users\17657\Desktop\DSv1.3\DSPro\EWARM\DSPro\Obj\stm32f1xx_ll_usb.o
#        C:\Users\17657\Desktop\DSv1.3\DSPro\EWARM\DSPro\Obj\system_stm32f1xx.o
#        C:\Users\17657\Desktop\DSv1.3\DSPro\EWARM\DSPro\Obj\tim.o
#        C:\Users\17657\Desktop\DSv1.3\DSPro\EWARM\DSPro\Obj\usart.o
#        C:\Users\17657\Desktop\DSv1.3\DSPro\EWARM\DSPro\Obj\usb_device.o
#        C:\Users\17657\Desktop\DSv1.3\DSPro\EWARM\DSPro\Obj\usbd_cdc.o
#        C:\Users\17657\Desktop\DSv1.3\DSPro\EWARM\DSPro\Obj\usbd_cdc_if.o
#        C:\Users\17657\Desktop\DSv1.3\DSPro\EWARM\DSPro\Obj\usbd_conf.o
#        C:\Users\17657\Desktop\DSv1.3\DSPro\EWARM\DSPro\Obj\usbd_core.o
#        C:\Users\17657\Desktop\DSv1.3\DSPro\EWARM\DSPro\Obj\usbd_ctlreq.o
#        C:\Users\17657\Desktop\DSv1.3\DSPro\EWARM\DSPro\Obj\usbd_desc.o
#        C:\Users\17657\Desktop\DSv1.3\DSPro\EWARM\DSPro\Obj\usbd_ioreq.o
#        --redirect _Printf=_PrintfFull --redirect _Scanf=_ScanfFull -o
#        C:\Users\17657\Desktop\DSv1.3\DSPro\EWARM\DSPro\Exe\DSPro.out --map
#        C:\Users\17657\Desktop\DSv1.3\DSPro\EWARM\DSPro\List\DSPro.map
#        --config
#        C:\Users\17657\Desktop\DSv1.3\DSPro\EWARM/stm32f103xe_flash.icf
#        --semihosting --entry __iar_program_start --vfe --text_out locale)
#
###############################################################################

*******************************************************************************
*** RUNTIME MODEL ATTRIBUTES
***

CppFlavor       = *
__SystemLibrary = DLib
__dlib_version  = 6


*******************************************************************************
*** HEAP SELECTION
***

The basic heap was selected because no calls to memory allocation
functions were found in the application outside of system library
functions, and there are calls to deallocation functions in the
application.


*******************************************************************************
*** PLACEMENT SUMMARY
***

"A0":  place at 0x08000000 { ro section .intvec };
"P1":  place in [from 0x08000000 to 0x0807ffff] { ro };
define block CSTACK with size = 1K, alignment = 8 { };
define block HEAP with size = 512, alignment = 8 { };
"P2":  place in [from 0x20000000 to 0x2000ffff] {
          rw, block CSTACK, block HEAP };
initialize by copy { rw };

  Section            Kind        Address    Size  Object
  -------            ----        -------    ----  ------
"A0":                                      0x130
  .intvec            ro code  0x08000000   0x130  startup_stm32f103xe.o [1]
                            - 0x08000130   0x130

"P1":                                     0x5333
  .text              ro code  0x08000130   0xae8  stm32f1xx_hal_i2c.o [1]
  .text              ro code  0x08000c18    0xb8  i2c.o [1]
  .text              ro code  0x08000cd0   0x4de  stm32f1xx_hal_rcc.o [1]
  .text              ro code  0x080011ae     0x2  stm32f1xx_hal_i2c.o [1]
  .text              ro code  0x080011b0     0x2  stm32f1xx_hal_i2c.o [1]
  .text              ro code  0x080011b2     0x2  stm32f1xx_hal_i2c.o [1]
  .text              ro code  0x080011b4     0x2  stm32f1xx_hal_i2c.o [1]
  .text              ro code  0x080011b6     0x2  stm32f1xx_hal_i2c.o [1]
  .text              ro code  0x080011b8     0x2  stm32f1xx_hal_i2c.o [1]
  .text              ro code  0x080011ba     0x2  stm32f1xx_hal_i2c.o [1]
  .text              ro code  0x080011bc     0x2  stm32f1xx_hal_i2c.o [1]
  .text              ro code  0x080011be    0x7a  lz77_init_single.o [4]
  .text              ro code  0x08001238   0x422  stm32f1xx_hal_dma.o [1]
  .text              ro code  0x0800165a     0x2  stm32f1xx_hal_i2c.o [1]
  .text              ro code  0x0800165c     0x2  stm32f1xx_hal_i2c.o [1]
  .text              ro code  0x08001660   0x2ba  main.o [1]
  .text              ro code  0x0800191c   0x202  stm32f1xx_hal_gpio.o [1]
  .text              ro code  0x08001b20     0xc  stm32f1xx_hal.o [1]
  .text              ro code  0x08001b2c    0x28  stm32f1xx_hal.o [1]
  .text              ro code  0x08001b54    0x24  stm32f1xx_hal.o [1]
  .text              ro code  0x08001b78    0xf4  gpio.o [1]
  .text              ro code  0x08001c6c    0x30  dma.o [1]
  .text              ro code  0x08001c9c    0x38  usb_device.o [1]
  .text              ro code  0x08001cd4   0x280  usart.o [1]
  .text              ro code  0x08001f54   0x130  tim.o [1]
  .text              ro code  0x08002084    0x7c  crc.o [1]
  .text              ro code  0x08002100   0x138  adc.o [1]
  .text              ro code  0x08002238   0x36c  stm32f1xx_hal_tim.o [1]
  .text              ro code  0x080025a4   0x5ac  stm32f1xx_hal_uart.o [1]
  .text              ro code  0x08002b50   0x3c0  DS_Protocol.o [1]
  .text              ro code  0x08002f10    0x34  GentleSensor.o [1]
  .text              ro code  0x08002f44    0xe8  stm32f1xx_hal_rcc_ex.o [1]
  .text              ro code  0x0800302c    0xe6  stm32f1xx_hal_cortex.o [1]
  .text              ro code  0x08003114    0x8c  stm32f1xx_hal_msp.o [1]
  .text              ro code  0x080031a0   0x228  usbd_core.o [1]
  .text              ro code  0x080033c8   0x204  usbd_cdc.o [1]
  .text              ro code  0x080035cc    0x4a  stm32f1xx_hal_tim_ex.o [1]
  .text              ro code  0x08003616    0x20  stm32f1xx_hal_crc.o [1]
  .text              ro code  0x08003638   0x35c  stm32f1xx_hal_adc.o [1]
  .text              ro code  0x08003994     0x2  stm32f1xx_hal_tim.o [1]
  .text              ro code  0x08003996     0x2  stm32f1xx_hal_tim.o [1]
  .text              ro code  0x08003998     0x2  stm32f1xx_hal_tim_ex.o [1]
  .text              ro code  0x0800399a     0x2  stm32f1xx_hal_tim.o [1]
  .text              ro code  0x0800399c     0x2  stm32f1xx_hal_tim_ex.o [1]
  .text              ro code  0x0800399e     0x2  stm32f1xx_hal_tim.o [1]
  .text              ro code  0x080039a0     0x2  stm32f1xx_hal_uart.o [1]
  .text              ro code  0x080039a2     0x2  stm32f1xx_hal_uart.o [1]
  .text              ro code  0x080039a4     0x2  stm32f1xx_hal_uart.o [1]
  .text              ro code  0x080039a6     0x2  stm32f1xx_hal_uart.o [1]
  .text              ro code  0x080039a8     0x2  stm32f1xx_hal_uart.o [1]
  .text              ro code  0x080039ac   0x264  usbd_conf.o [1]
  .text              ro code  0x08003c10   0x3aa  usbd_ctlreq.o [1]
  .text              ro code  0x08003fba    0x60  usbd_ioreq.o [1]
  .text              ro code  0x0800401a     0x2  stm32f1xx_hal_adc.o [1]
  .text              ro code  0x0800401c     0x2  stm32f1xx_hal_adc_ex.o [1]
  .text              ro code  0x0800401e     0x2  stm32f1xx_hal_adc.o [1]
  .text              ro code  0x08004020   0x6b2  stm32f1xx_hal_pcd.o [1]
  .text              ro code  0x080046d2    0x30  stm32f1xx_hal_pcd_ex.o [1]
  .text              ro code  0x08004704   0x622  stm32f1xx_ll_usb.o [1]
  .text              ro code  0x08004d28    0x86  ABImemcpy.o [4]
  .text              ro code  0x08004db0    0xcc  stm32f1xx_it.o [1]
  .text              ro code  0x08004e7c    0x10  stm32f1xx_hal.o [1]
  .text              ro code  0x08004e8c    0xc0  usbd_desc.o [1]
  .text              ro code  0x08004f4c    0x5c  system_stm32f1xx.o [1]
  .text              ro code  0x08004fa8    0x44  usbd_cdc_if.o [1]
  .text              ro code  0x08004fec    0x40  zero_init3.o [4]
  .text              ro code  0x0800502c    0x28  data_init.o [4]
  .iar.init_table    const    0x08005054    0x20  - Linker created -
  .text              ro code  0x08005074    0x1e  cmain.o [4]
  .text              ro code  0x08005092     0x4  low_level_init.o [3]
  .text              ro code  0x08005096     0x4  exit.o [3]
  .text              ro code  0x0800509c     0xa  cexit.o [4]
  .text              ro code  0x080050a8    0x14  exit.o [5]
  .text              ro code  0x080050bc    0x10  startup_stm32f103xe.o [1]
  .text              ro code  0x080050cc     0xc  cstartup_M.o [4]
  .rodata            const    0x080050d8     0x8  system_stm32f1xx.o [1]
  .text              ro code  0x080050e0     0x4  startup_stm32f103xe.o [1]
  .text              ro code  0x080050e4     0x4  startup_stm32f103xe.o [1]
  .text              ro code  0x080050e8     0x4  startup_stm32f103xe.o [1]
  .text              ro code  0x080050ec     0x4  startup_stm32f103xe.o [1]
  .text              ro code  0x080050f0     0x4  startup_stm32f103xe.o [1]
  .text              ro code  0x080050f4     0x4  startup_stm32f103xe.o [1]
  .text              ro code  0x080050f8     0x4  startup_stm32f103xe.o [1]
  .text              ro code  0x080050fc     0x4  startup_stm32f103xe.o [1]
  .text              ro code  0x08005100     0x4  startup_stm32f103xe.o [1]
  .text              ro code  0x08005104     0x4  startup_stm32f103xe.o [1]
  .text              ro code  0x08005108     0x4  startup_stm32f103xe.o [1]
  .text              ro code  0x0800510c     0x4  startup_stm32f103xe.o [1]
  .text              ro code  0x08005110     0x4  startup_stm32f103xe.o [1]
  .text              ro code  0x08005114     0x4  startup_stm32f103xe.o [1]
  .text              ro code  0x08005118     0x4  startup_stm32f103xe.o [1]
  .text              ro code  0x0800511c     0x4  startup_stm32f103xe.o [1]
  .text              ro code  0x08005120     0x4  startup_stm32f103xe.o [1]
  .text              ro code  0x08005124     0x4  startup_stm32f103xe.o [1]
  .text              ro code  0x08005128     0x4  startup_stm32f103xe.o [1]
  .text              ro code  0x0800512c     0x4  startup_stm32f103xe.o [1]
  .text              ro code  0x08005130     0x4  startup_stm32f103xe.o [1]
  .text              ro code  0x08005134     0x4  startup_stm32f103xe.o [1]
  .text              ro code  0x08005138     0x4  startup_stm32f103xe.o [1]
  .text              ro code  0x0800513c     0x4  startup_stm32f103xe.o [1]
  .text              ro code  0x08005140     0x4  startup_stm32f103xe.o [1]
  .text              ro code  0x08005144     0x4  startup_stm32f103xe.o [1]
  .text              ro code  0x08005148     0x4  startup_stm32f103xe.o [1]
  .text              ro code  0x0800514c     0x4  startup_stm32f103xe.o [1]
  .text              ro code  0x08005150     0x4  startup_stm32f103xe.o [1]
  .text              ro code  0x08005154     0x4  startup_stm32f103xe.o [1]
  .text              ro code  0x08005158     0x4  startup_stm32f103xe.o [1]
  .text              ro code  0x0800515c     0x4  startup_stm32f103xe.o [1]
  .text              ro code  0x08005160     0x4  startup_stm32f103xe.o [1]
  .text              ro code  0x08005164     0x4  startup_stm32f103xe.o [1]
  .text              ro code  0x08005168     0x4  startup_stm32f103xe.o [1]
  .text              ro code  0x0800516c     0x4  startup_stm32f103xe.o [1]
  .text              ro code  0x08005170     0x4  startup_stm32f103xe.o [1]
  .text              ro code  0x08005174     0x4  startup_stm32f103xe.o [1]
  .text              ro code  0x08005178     0x4  startup_stm32f103xe.o [1]
  .text              ro code  0x0800517c     0x4  startup_stm32f103xe.o [1]
  .text              ro code  0x08005180     0x4  startup_stm32f103xe.o [1]
  .text              ro code  0x08005184     0x4  startup_stm32f103xe.o [1]
  .text              ro code  0x08005188     0x4  startup_stm32f103xe.o [1]
  .text              ro code  0x0800518c     0x4  startup_stm32f103xe.o [1]
  .rodata            const    0x08005190     0x0  zero_init3.o [4]
  .rodata            const    0x08005190     0x0  lz77_init_single.o [4]
  Initializer bytes  const    0x08005190   0x2d3  <for P2-1>
                            - 0x08005463  0x5333

"P2", part 1 of 3:                         0x358
  P2-1                        0x20000000   0x358  <Init block>
    .data            inited   0x20000000   0x200  DS_Protocol.o [1]
    .data            inited   0x20000200     0x4  system_stm32f1xx.o [1]
    .data            inited   0x20000204     0xc  usbd_cdc.o [1]
    .data            inited   0x20000210    0x38  usbd_cdc.o [1]
    .data            inited   0x20000248    0x44  usbd_cdc.o [1]
    .data            inited   0x2000028c    0x44  usbd_cdc.o [1]
    .data            inited   0x200002d0    0x44  usbd_cdc.o [1]
    .data            inited   0x20000314    0x10  usbd_cdc_if.o [1]
    .data            inited   0x20000324    0x1c  usbd_desc.o [1]
    .data            inited   0x20000340    0x14  usbd_desc.o [1]
    .data            inited   0x20000354     0x4  usbd_desc.o [1]
                            - 0x20000358   0x358

"P2", part 2 of 3:                        0x3e74
  .bss               zero     0x20000358  0x1000  usbd_cdc_if.o [1]
  .bss               zero     0x20001358   0x808  DS_Protocol.o [1]
  .bss               zero     0x20001b60   0x808  DS_Protocol.o [1]
  .bss               zero     0x20002368   0x804  DS_Protocol.o [1]
  .bss               zero     0x20002b6c   0x804  DS_Protocol.o [1]
  .bss               zero     0x20003370   0x460  usbd_conf.o [1]
  .bss               zero     0x200037d0   0x224  usb_device.o [1]
  .bss               zero     0x200039f4   0x220  usbd_conf.o [1]
  .bss               zero     0x20003c14   0x200  usbd_desc.o [1]
  .bss               zero     0x20003e14   0x154  usart.o [1]
  .bss               zero     0x20003f68    0x54  i2c.o [1]
  .bss               zero     0x20003fbc    0x44  adc.o [1]
  .bss               zero     0x20004000    0x44  main.o [1]
  .bss               zero     0x20004044    0x40  tim.o [1]
  .bss               zero     0x20004084    0x40  tim.o [1]
  .bss               zero     0x200040c4    0x40  usart.o [1]
  .bss               zero     0x20004104    0x40  usart.o [1]
  .bss               zero     0x20004144    0x40  usart.o [1]
  .bss               zero     0x20004184    0x30  adc.o [1]
  .bss               zero     0x200041b4     0x8  crc.o [1]
  .bss               zero     0x200041bc     0x8  DS_Protocol.o [1]
  .bss               zero     0x200041c4     0x4  stm32f1xx_hal.o [1]
  .bss               zero     0x200041c8     0x1  usbd_cdc.o [1]
  .bss               zero     0x200041c9     0x1  usbd_ctlreq.o [1]
                            - 0x200041ca  0x3e72

"P2", part 3 of 3:                         0x400
  CSTACK                      0x200041d0   0x400  <Block>
    CSTACK           uninit   0x200041d0   0x400  <Block tail>
                            - 0x200045d0   0x400


*******************************************************************************
*** INIT TABLE
***

          Address     Size
          -------     ----
Zero (__iar_zero_init3)
    1 destination range, total size 0x3e72:
          0x20000358  0x3e72

Copy/lz77 (__iar_lz77_init_single3)
    1 source range, total size 0x2d3 (84% of destination):
          0x08005190   0x2d3
    1 destination range, total size 0x358:
          0x20000000   0x358



*******************************************************************************
*** MODULE SUMMARY
***

    Module                  ro code  ro data  rw data
    ------                  -------  -------  -------
C:\Users\17657\Desktop\DSv1.3\DSPro\EWARM\DSPro\Obj: [1]
    DS_Protocol.o               960      432    8 736
    GentleSensor.o               52
    adc.o                       312               116
    crc.o                       124                 8
    dma.o                        48
    gpio.o                      244
    i2c.o                       184                84
    main.o                      698                68
    startup_stm32f103xe.o       496
    stm32f1xx_hal.o             104                 4
    stm32f1xx_hal_adc.o         864
    stm32f1xx_hal_adc_ex.o        2
    stm32f1xx_hal_cortex.o      230
    stm32f1xx_hal_crc.o          32
    stm32f1xx_hal_dma.o       1 058
    stm32f1xx_hal_gpio.o        514
    stm32f1xx_hal_i2c.o       2 812
    stm32f1xx_hal_msp.o         140
    stm32f1xx_hal_pcd.o       1 714
    stm32f1xx_hal_pcd_ex.o       48
    stm32f1xx_hal_rcc.o       1 246
    stm32f1xx_hal_rcc_ex.o      232
    stm32f1xx_hal_tim.o         884
    stm32f1xx_hal_tim_ex.o       78
    stm32f1xx_hal_uart.o      1 462
    stm32f1xx_it.o              204
    stm32f1xx_ll_usb.o        1 570
    system_stm32f1xx.o           92       11        4
    tim.o                       304               128
    usart.o                     640               532
    usb_device.o                 56               548
    usbd_cdc.o                  516      230      273
    usbd_cdc_if.o                68       14    4 112
    usbd_conf.o                 612             1 664
    usbd_core.o                 552
    usbd_ctlreq.o               938                 1
    usbd_desc.o                 192       44      564
    usbd_ioreq.o                 96
    -------------------------------------------------
    Total:                   20 378      731   16 842

command line: [2]
    -------------------------------------------------
    Total:

dl7M_tlf.a: [3]
    exit.o                        4
    low_level_init.o              4
    -------------------------------------------------
    Total:                        8

rt7M_tl.a: [4]
    ABImemcpy.o                 134
    cexit.o                      10
    cmain.o                      30
    cstartup_M.o                 12
    data_init.o                  40
    lz77_init_single.o          122
    zero_init3.o                 64
    -------------------------------------------------
    Total:                      412

shb_l.a: [5]
    exit.o                       20
    -------------------------------------------------
    Total:                       20

    Gaps                         22
    Linker created                        32    1 024
-----------------------------------------------------
    Grand Total:             20 840      763   17 866


*******************************************************************************
*** ENTRY LIST
***

Entry                      Address   Size  Type      Object
-----                      -------   ----  ----      ------
.iar.init_table$$Base   0x08005054          --   Gb  - Linker created -
.iar.init_table$$Limit  0x08005074          --   Gb  - Linker created -
?main                   0x08005075         Code  Gb  cmain.o [4]
ADC1_2_IRQHandler       0x08004df3    0x6  Code  Gb  stm32f1xx_it.o [1]
ADC_ConversionStop_Disable
                        0x08003951   0x44  Code  Gb  stm32f1xx_hal_adc.o [1]
AHBPrescTable           0x08004f98   0x10  Data  Gb  system_stm32f1xx.o [1]
APBPrescTable           0x080050d8    0x8  Data  Gb  system_stm32f1xx.o [1]
AckCmdBuffer            0x200041bc    0x8  Data  Gb  DS_Protocol.o [1]
BusFault_Handler        0x08004db7    0x2  Code  Gb  stm32f1xx_it.o [1]
CDC_Control_FS          0x08004fcb    0x4  Code  Lc  usbd_cdc_if.o [1]
CDC_DeInit_FS           0x08004fc7    0x4  Code  Lc  usbd_cdc_if.o [1]
CDC_Init_FS             0x08004fa9   0x1e  Code  Lc  usbd_cdc_if.o [1]
CDC_Receive_FS          0x08004fcf   0x16  Code  Lc  usbd_cdc_if.o [1]
CRC16BIT                0x08002b51   0x2e  Code  Lc  DS_Protocol.o [1]
CSTACK$$Base            0x200041d0          --   Gb  - Linker created -
CSTACK$$Limit           0x200045d0          --   Gb  - Linker created -
CortexA9CmdDataBuffer   0x20001358  0x808  Data  Gb  DS_Protocol.o [1]
CortexA9UsartType       0x20002368  0x804  Data  Gb  DS_Protocol.o [1]
DMA1_Channel1_IRQHandler
                        0x08004dd5    0x6  Code  Gb  stm32f1xx_it.o [1]
DMA1_Channel4_IRQHandler
                        0x08004ddb    0x6  Code  Gb  stm32f1xx_it.o [1]
DMA1_Channel5_IRQHandler
                        0x08004de1    0x6  Code  Gb  stm32f1xx_it.o [1]
DMA1_Channel6_IRQHandler
                        0x08004de7    0x6  Code  Gb  stm32f1xx_it.o [1]
DMA1_Channel7_IRQHandler
                        0x08004ded    0x6  Code  Gb  stm32f1xx_it.o [1]
DMA2_Channel4_5_IRQHandler
                        0x08004e3d    0x6  Code  Gb  stm32f1xx_it.o [1]
DMA_SetConfig           0x08001639   0x22  Code  Lc  stm32f1xx_hal_dma.o [1]
DS_AckRequestCmdFromCortexA9
                        0x08002ead   0x10  Code  Gb  DS_Protocol.o [1]
DS_CortexA9UsartReceive_IDLE
                        0x08002bc5   0x24  Code  Gb  DS_Protocol.o [1]
DS_DoorBoardUsartReceive_IDLE
                        0x08002be9   0x24  Code  Gb  DS_Protocol.o [1]
DS_GentleSensorCheck    0x08002f11   0x2c  Code  Gb  GentleSensor.o [1]
DS_HandingCmdFromCortexA9
                        0x08002e57   0x56  Code  Gb  DS_Protocol.o [1]
DS_HandingUartDataFromCortexA9
                        0x08002d03   0xc6  Code  Gb  DS_Protocol.o [1]
DS_ProtocolInit         0x08002c3f   0x1e  Code  Gb  DS_Protocol.o [1]
DS_SendDataToCortexA9   0x08002c5d    0xc  Code  Gb  DS_Protocol.o [1]
DS_SendDataToDoorBoard  0x08002c69    0xc  Code  Gb  DS_Protocol.o [1]
DS_SendRequestCmd       0x08002b7f   0x46  Code  Lc  DS_Protocol.o [1]
DS_SendRequestCmdToCortexA9
                        0x08002c75   0x12  Code  Gb  DS_Protocol.o [1]
DS_TrySend5TimesCmdToCortexA9
                        0x08002c87   0x30  Code  Gb  DS_Protocol.o [1]
DS_TrySend5TimesCmdToDoorBoard
                        0x08002cb7   0x30  Code  Gb  DS_Protocol.o [1]
DebugMon_Handler        0x08004dbd    0x2  Code  Gb  stm32f1xx_it.o [1]
DoorBoardCmdDataBuffer  0x20001b60  0x808  Data  Gb  DS_Protocol.o [1]
DoorBoardUsartType      0x20002b6c  0x804  Data  Gb  DS_Protocol.o [1]
EXTI1_IRQHandler        0x08004dcf    0x6  Code  Gb  stm32f1xx_it.o [1]
FS_Desc                 0x20000324   0x1c  Data  Gb  usbd_desc.o [1]
HAL_ADCEx_InjectedConvCpltCallback
                        0x0800401d    0x2  Code  Wk  stm32f1xx_hal_adc_ex.o [1]
HAL_ADC_ConfigChannel   0x08003839   0xe4  Code  Gb  stm32f1xx_hal_adc.o [1]
HAL_ADC_IRQHandler      0x08003749   0xd8  Code  Gb  stm32f1xx_hal_adc.o [1]
HAL_ADC_Init            0x08003639  0x110  Code  Gb  stm32f1xx_hal_adc.o [1]
HAL_ADC_MspInit         0x08002171   0x80  Code  Gb  adc.o [1]
HAL_CRC_Init            0x08003617   0x20  Code  Gb  stm32f1xx_hal_crc.o [1]
HAL_CRC_MspInit         0x080020a3   0x22  Code  Gb  crc.o [1]
HAL_DMA_Abort           0x08001333   0x32  Code  Gb  stm32f1xx_hal_dma.o [1]
HAL_DMA_Abort_IT        0x08001365   0xdc  Code  Gb  stm32f1xx_hal_dma.o [1]
HAL_DMA_IRQHandler      0x08001441  0x1b4  Code  Gb  stm32f1xx_hal_dma.o [1]
HAL_DMA_Init            0x08001239   0x78  Code  Gb  stm32f1xx_hal_dma.o [1]
HAL_DMA_Start_IT        0x080012bf   0x74  Code  Gb  stm32f1xx_hal_dma.o [1]
HAL_GPIO_EXTI_IRQHandler
                        0x08001acb   0x10  Code  Gb  stm32f1xx_hal_gpio.o [1]
HAL_GPIO_Init           0x0800191d  0x196  Code  Gb  stm32f1xx_hal_gpio.o [1]
HAL_GPIO_ReadPin        0x08001ab3    0xc  Code  Gb  stm32f1xx_hal_gpio.o [1]
HAL_GPIO_WritePin       0x08001abf    0xc  Code  Gb  stm32f1xx_hal_gpio.o [1]
HAL_GetTick             0x08001b21    0xc  Code  Wk  stm32f1xx_hal.o [1]
HAL_I2C_ER_IRQHandler   0x0800044b   0xc0  Code  Gb  stm32f1xx_hal_i2c.o [1]
HAL_I2C_EV_IRQHandler   0x08000219  0x20e  Code  Gb  stm32f1xx_hal_i2c.o [1]
HAL_I2C_Init            0x08000131   0xc8  Code  Gb  stm32f1xx_hal_i2c.o [1]
HAL_I2C_MspInit         0x08000c51   0x3a  Code  Gb  i2c.o [1]
HAL_IncTick             0x08004e7d   0x10  Code  Wk  stm32f1xx_hal.o [1]
HAL_Init                0x08001b55   0x20  Code  Gb  stm32f1xx_hal.o [1]
HAL_InitTick            0x08001b2d   0x28  Code  Wk  stm32f1xx_hal.o [1]
HAL_MspInit             0x08003115   0x8c  Code  Gb  stm32f1xx_hal_msp.o [1]
HAL_NVIC_EnableIRQ      0x0800309f    0xa  Code  Gb  stm32f1xx_hal_cortex.o [1]
HAL_NVIC_SetPriority    0x08003065   0x3a  Code  Gb  stm32f1xx_hal_cortex.o [1]
HAL_NVIC_SetPriorityGrouping
                        0x0800304b   0x1a  Code  Gb  stm32f1xx_hal_cortex.o [1]
HAL_PCDEx_PMAConfig     0x080046d3   0x30  Code  Gb  stm32f1xx_hal_pcd_ex.o [1]
HAL_PCDEx_SetConnectionState
                        0x08003bdb    0x2  Code  Gb  usbd_conf.o [1]
HAL_PCD_DataInStageCallback
                        0x080039eb    0xe  Code  Gb  usbd_conf.o [1]
HAL_PCD_DataOutStageCallback
                        0x080039db   0x10  Code  Gb  usbd_conf.o [1]
HAL_PCD_EP_Close        0x08004269   0x30  Code  Gb  stm32f1xx_hal_pcd.o [1]
HAL_PCD_EP_ClrStall     0x08004365   0x42  Code  Gb  stm32f1xx_hal_pcd.o [1]
HAL_PCD_EP_GetRxCount   0x080042c9   0x10  Code  Gb  stm32f1xx_hal_pcd.o [1]
HAL_PCD_EP_Open         0x08004235   0x34  Code  Gb  stm32f1xx_hal_pcd.o [1]
HAL_PCD_EP_Receive      0x080042b1   0x18  Code  Gb  stm32f1xx_hal_pcd.o [1]
HAL_PCD_EP_SetStall     0x0800430b   0x5a  Code  Gb  stm32f1xx_hal_pcd.o [1]
HAL_PCD_EP_Transmit     0x080042d9   0x18  Code  Gb  stm32f1xx_hal_pcd.o [1]
HAL_PCD_IRQHandler      0x080040e9   0xfa  Code  Gb  stm32f1xx_hal_pcd.o [1]
HAL_PCD_Init            0x08004021   0xa0  Code  Gb  stm32f1xx_hal_pcd.o [1]
HAL_PCD_MspInit         0x080039ad   0x22  Code  Gb  usbd_conf.o [1]
HAL_PCD_ResetCallback   0x08003a01   0x1a  Code  Gb  usbd_conf.o [1]
HAL_PCD_ResumeCallback  0x08003a37    0x8  Code  Gb  usbd_conf.o [1]
HAL_PCD_SOFCallback     0x080039f9    0x8  Code  Gb  usbd_conf.o [1]
HAL_PCD_SetAddress      0x08004217   0x1e  Code  Gb  stm32f1xx_hal_pcd.o [1]
HAL_PCD_SetupStageCallback
                        0x080039cf    0xc  Code  Gb  usbd_conf.o [1]
HAL_PCD_Start           0x080040cb   0x1e  Code  Gb  stm32f1xx_hal_pcd.o [1]
HAL_PCD_SuspendCallback
                        0x08003a1b   0x1c  Code  Gb  usbd_conf.o [1]
HAL_RCCEx_PeriphCLKConfig
                        0x08002f45   0xda  Code  Gb  stm32f1xx_hal_rcc_ex.o [1]
HAL_RCC_ClockConfig     0x08000fed  0x10c  Code  Gb  stm32f1xx_hal_rcc.o [1]
HAL_RCC_GetHCLKFreq     0x08001147    0x6  Code  Gb  stm32f1xx_hal_rcc.o [1]
HAL_RCC_GetPCLK1Freq    0x0800114d   0x10  Code  Gb  stm32f1xx_hal_rcc.o [1]
HAL_RCC_GetPCLK2Freq    0x0800115d    0xe  Code  Gb  stm32f1xx_hal_rcc.o [1]
HAL_RCC_GetSysClockFreq
                        0x0800110d   0x3a  Code  Gb  stm32f1xx_hal_rcc.o [1]
HAL_RCC_GetSysClockFreq::aPLLMULFactorTable
                        0x0800119c   0x10  Data  Lc  stm32f1xx_hal_rcc.o [1]
HAL_RCC_GetSysClockFreq::aPredivFactorTable
                        0x080011ac    0x2  Data  Lc  stm32f1xx_hal_rcc.o [1]
HAL_RCC_OscConfig       0x08000cd1  0x314  Code  Gb  stm32f1xx_hal_rcc.o [1]
HAL_SYSTICK_CLKSourceConfig
                        0x080030db   0x1a  Code  Gb  stm32f1xx_hal_cortex.o [1]
HAL_SYSTICK_Config      0x080030b3   0x28  Code  Gb  stm32f1xx_hal_cortex.o [1]
HAL_SYSTICK_IRQHandler  0x0800310d    0x4  Code  Gb  stm32f1xx_hal_cortex.o [1]
HAL_TIMEx_BreakCallback
                        0x08003999    0x2  Code  Wk  stm32f1xx_hal_tim_ex.o [1]
HAL_TIMEx_CommutationCallback
                        0x0800399d    0x2  Code  Wk  stm32f1xx_hal_tim_ex.o [1]
HAL_TIMEx_MasterConfigSynchronization
                        0x080035cd   0x4a  Code  Gb  stm32f1xx_hal_tim_ex.o [1]
HAL_TIM_Base_Init       0x08002239   0x1a  Code  Gb  stm32f1xx_hal_tim.o [1]
HAL_TIM_Base_MspInit    0x08002009   0x38  Code  Gb  tim.o [1]
HAL_TIM_Base_Start_IT   0x08002253   0x16  Code  Gb  stm32f1xx_hal_tim.o [1]
HAL_TIM_ConfigClockSource
                        0x080023d5   0xac  Code  Gb  stm32f1xx_hal_tim.o [1]
HAL_TIM_IRQHandler      0x0800228d  0x142  Code  Gb  stm32f1xx_hal_tim.o [1]
HAL_TIM_PeriodElapsedCallback
                        0x08001889   0x70  Code  Gb  main.o [1]
HAL_UART_DMAStop        0x08002727   0x48  Code  Gb  stm32f1xx_hal_uart.o [1]
HAL_UART_IRQHandler     0x08002787  0x152  Code  Gb  stm32f1xx_hal_uart.o [1]
HAL_UART_Init           0x080025a5   0x1e  Code  Gb  stm32f1xx_hal_uart.o [1]
HAL_UART_MspInit        0x08001d3d  0x17c  Code  Gb  usart.o [1]
HAL_UART_Receive_DMA    0x08002695   0x92  Code  Gb  stm32f1xx_hal_uart.o [1]
HAL_UART_Transmit_DMA   0x0800261d   0x78  Code  Gb  stm32f1xx_hal_uart.o [1]
HardFault_Handler       0x08004db3    0x2  Code  Gb  stm32f1xx_it.o [1]
I2C2_ER_IRQHandler      0x08004e0b    0x6  Code  Gb  stm32f1xx_it.o [1]
I2C2_EV_IRQHandler      0x08004e05    0x6  Code  Gb  stm32f1xx_it.o [1]
I2C_DMAAbort            0x08000bc9   0x50  Code  Lc  stm32f1xx_hal_i2c.o [1]
I2C_ITError             0x08000a91   0xde  Code  Lc  stm32f1xx_hal_i2c.o [1]
I2C_MasterReceive_BTF   0x0800071d   0x90  Code  Lc  stm32f1xx_hal_i2c.o [1]
I2C_MasterReceive_RXNE  0x08000669   0x9c  Code  Lc  stm32f1xx_hal_i2c.o [1]
I2C_MasterTransmit_BTF  0x080005d3   0x48  Code  Lc  stm32f1xx_hal_i2c.o [1]
I2C_MasterTransmit_TXE  0x0800050b   0xc8  Code  Lc  stm32f1xx_hal_i2c.o [1]
I2C_Master_ADDR         0x080007d5  0x12c  Code  Lc  stm32f1xx_hal_i2c.o [1]
I2C_Slave_AF            0x08000a19   0x78  Code  Lc  stm32f1xx_hal_i2c.o [1]
I2C_Slave_STOPF         0x0800093d   0xd6  Code  Lc  stm32f1xx_hal_i2c.o [1]
MX_ADC1_Init            0x08002101   0x70  Code  Gb  adc.o [1]
MX_CRC_Init             0x08002085   0x1e  Code  Gb  crc.o [1]
MX_DMA_Init             0x08001c6d   0x30  Code  Gb  dma.o [1]
MX_GPIO_Init            0x08001b79   0xd0  Code  Gb  gpio.o [1]
MX_I2C2_Init            0x08000c19   0x38  Code  Gb  i2c.o [1]
MX_NVIC_Init            0x08001793   0xf6  Code  Lc  main.o [1]
MX_TIM4_Init            0x08001f55   0x42  Code  Gb  tim.o [1]
MX_TIM5_Init            0x08001f97   0x40  Code  Gb  tim.o [1]
MX_UART4_Init           0x08001cd5   0x16  Code  Gb  usart.o [1]
MX_USART1_UART_Init     0x08001ceb   0x16  Code  Gb  usart.o [1]
MX_USART2_UART_Init     0x08001d27   0x16  Code  Gb  usart.o [1]
MX_USB_DEVICE_Init      0x08001c9d   0x38  Code  Gb  usb_device.o [1]
MemManage_Handler       0x08004db5    0x2  Code  Gb  stm32f1xx_it.o [1]
NMI_Handler             0x08004db1    0x2  Code  Gb  stm32f1xx_it.o [1]
NVIC_SetPriority        0x0800302d   0x1e  Code  Lc  stm32f1xx_hal_cortex.o [1]
PCD_EP_ISR_Handler      0x080043af  0x2e8  Code  Lc  stm32f1xx_hal_pcd.o [1]
PendSV_Handler          0x08004dbf    0x2  Code  Gb  stm32f1xx_it.o [1]
Region$$Table$$Base     0x08005054          --   Gb  - Linker created -
Region$$Table$$Limit    0x08005074          --   Gb  - Linker created -
SVC_Handler             0x08004dbb    0x2  Code  Gb  stm32f1xx_it.o [1]
SysTick_Handler         0x08004dc1    0xe  Code  Gb  stm32f1xx_it.o [1]
SystemClock_Config      0x08001709   0x8a  Code  Gb  main.o [1]
SystemCoreClock         0x20000200    0x4  Data  Gb  system_stm32f1xx.o [1]
SystemInit              0x08004f4d   0x3a  Code  Gb  system_stm32f1xx.o [1]
TIM4_IRQHandler         0x08004dff    0x6  Code  Gb  stm32f1xx_it.o [1]
TIM5_IRQHandler         0x08004e31    0x6  Code  Gb  stm32f1xx_it.o [1]
TIM_Base_SetConfig      0x080024ab   0x74  Code  Gb  stm32f1xx_hal_tim.o [1]
TIM_ETR_SetConfig       0x0800258b   0x14  Code  Lc  stm32f1xx_hal_tim.o [1]
TIM_ITRx_SetConfig      0x0800257b   0x10  Code  Lc  stm32f1xx_hal_tim.o [1]
TIM_TI1_ConfigInputStage
                        0x08002539   0x1e  Code  Lc  stm32f1xx_hal_tim.o [1]
TIM_TI2_ConfigInputStage
                        0x08002557   0x24  Code  Lc  stm32f1xx_hal_tim.o [1]
UART4_IRQHandler        0x08004e37    0x6  Code  Gb  stm32f1xx_it.o [1]
UART_DMAAbortOnError    0x080029c5    0xc  Code  Lc  stm32f1xx_hal_uart.o [1]
UART_DMAError           0x0800294d   0x4a  Code  Lc  stm32f1xx_hal_uart.o [1]
UART_DMAReceiveCplt     0x0800290d   0x38  Code  Lc  stm32f1xx_hal_uart.o [1]
UART_DMARxHalfCplt      0x08002945    0x6  Code  Lc  stm32f1xx_hal_uart.o [1]
UART_DMATransmitCplt    0x080028d9   0x2a  Code  Lc  stm32f1xx_hal_uart.o [1]
UART_DMATxHalfCplt      0x08002905    0x6  Code  Lc  stm32f1xx_hal_uart.o [1]
UART_EndRxTransfer      0x080029a9   0x1c  Code  Lc  stm32f1xx_hal_uart.o [1]
UART_EndTxTransfer      0x08002997   0x12  Code  Lc  stm32f1xx_hal_uart.o [1]
UART_Receive_IT         0x080029d1   0x96  Code  Lc  stm32f1xx_hal_uart.o [1]
UART_SetConfig          0x08002a67   0xde  Code  Lc  stm32f1xx_hal_uart.o [1]
USART1_IRQHandler       0x08004e11    0xc  Code  Gb  stm32f1xx_it.o [1]
USART2_IRQHandler       0x08004e1d    0xa  Code  Gb  stm32f1xx_it.o [1]
USBD_CDC                0x20000210   0x38  Data  Gb  usbd_cdc.o [1]
USBD_CDC_CfgFSDesc      0x2000028c   0x44  Data  Gb  usbd_cdc.o [1]
USBD_CDC_CfgHSDesc      0x20000248   0x44  Data  Gb  usbd_cdc.o [1]
USBD_CDC_DataIn         0x080034e3   0x14  Code  Lc  usbd_cdc.o [1]
USBD_CDC_DataOut        0x080034f7   0x2a  Code  Lc  usbd_cdc.o [1]
USBD_CDC_DeInit         0x08003447   0x36  Code  Lc  usbd_cdc.o [1]
USBD_CDC_DeviceQualifierDesc
                        0x20000204    0xc  Data  Lc  usbd_cdc.o [1]
USBD_CDC_EP0_RxReady    0x08003521   0x26  Code  Lc  usbd_cdc.o [1]
USBD_CDC_GetDeviceQualifierDescriptor
                        0x0800355f    0x8  Code  Gb  usbd_cdc.o [1]
USBD_CDC_GetFSCfgDesc   0x08003547    0x8  Code  Lc  usbd_cdc.o [1]
USBD_CDC_GetHSCfgDesc   0x0800354f    0x8  Code  Lc  usbd_cdc.o [1]
USBD_CDC_GetOtherSpeedCfgDesc
                        0x08003557    0x8  Code  Lc  usbd_cdc.o [1]
USBD_CDC_Init           0x080033c9   0x74  Code  Lc  usbd_cdc.o [1]
USBD_CDC_OtherSpeedCfgDesc
                        0x200002d0   0x44  Data  Gb  usbd_cdc.o [1]
USBD_CDC_ReceivePacket  0x080035a7   0x26  Code  Gb  usbd_cdc.o [1]
USBD_CDC_RegisterInterface
                        0x0800357d    0xe  Code  Gb  usbd_cdc.o [1]
USBD_CDC_SetRxBuffer    0x0800359b    0xc  Code  Gb  usbd_cdc.o [1]
USBD_CDC_SetTxBuffer    0x0800358b   0x10  Code  Gb  usbd_cdc.o [1]
USBD_CDC_Setup          0x0800347d   0x66  Code  Lc  usbd_cdc.o [1]
USBD_CDC_Setup::ifalt   0x200041c8    0x1  Data  Lc  usbd_cdc.o [1]
USBD_ClrClassConfig     0x080031f7    0xa  Code  Gb  usbd_core.o [1]
USBD_CtlContinueRx      0x08003fef    0x4  Code  Gb  usbd_ioreq.o [1]
USBD_CtlContinueSendData
                        0x08003fcb    0x4  Code  Gb  usbd_ioreq.o [1]
USBD_CtlError           0x08003f5f   0x16  Code  Gb  usbd_ctlreq.o [1]
USBD_CtlPrepareRx       0x08003fdb   0x14  Code  Gb  usbd_ioreq.o [1]
USBD_CtlReceiveStatus   0x0800400d    0xe  Code  Gb  usbd_ioreq.o [1]
USBD_CtlSendData        0x08003fbb   0x10  Code  Gb  usbd_ioreq.o [1]
USBD_CtlSendStatus      0x08003fff    0xe  Code  Gb  usbd_ioreq.o [1]
USBD_FS_ConfigStrDescriptor
                        0x08004edd    0xc  Code  Gb  usbd_desc.o [1]
USBD_FS_DeviceDesc      0x20000340   0x14  Data  Gb  usbd_desc.o [1]
USBD_FS_DeviceDescriptor
                        0x08004e8d    0x8  Code  Gb  usbd_desc.o [1]
USBD_FS_InterfaceStrDescriptor
                        0x08004ee9    0xc  Code  Gb  usbd_desc.o [1]
USBD_FS_LangIDStrDescriptor
                        0x08004e95    0x8  Code  Gb  usbd_desc.o [1]
USBD_FS_ManufacturerStrDescriptor
                        0x08004ea9    0xa  Code  Gb  usbd_desc.o [1]
USBD_FS_ProductStrDescriptor
                        0x08004e9d    0xc  Code  Gb  usbd_desc.o [1]
USBD_FS_SerialStrDescriptor
                        0x08004ebd    0xc  Code  Gb  usbd_desc.o [1]
USBD_GetDescriptor      0x08003e41   0xf0  Code  Lc  usbd_ctlreq.o [1]
USBD_GetString          0x08003f75   0x46  Code  Gb  usbd_ctlreq.o [1]
USBD_Init               0x080031a1   0x26  Code  Gb  usbd_core.o [1]
USBD_Interface_fops_FS  0x20000314   0x10  Data  Gb  usbd_cdc_if.o [1]
USBD_LL_ClearStallEP    0x08003b33   0x1a  Code  Gb  usbd_conf.o [1]
USBD_LL_CloseEP         0x08003aff   0x1a  Code  Gb  usbd_conf.o [1]
USBD_LL_DataInStage     0x080032b9   0x94  Code  Gb  usbd_core.o [1]
USBD_LL_DataOutStage    0x08003257   0x62  Code  Gb  usbd_core.o [1]
USBD_LL_GetRxDataSize   0x08003bb9    0x8  Code  Gb  usbd_conf.o [1]
USBD_LL_Init            0x08003a3f   0x86  Code  Gb  usbd_conf.o [1]
USBD_LL_IsStallEP       0x08003b4d   0x1e  Code  Gb  usbd_conf.o [1]
USBD_LL_OpenEP          0x08003adf   0x20  Code  Gb  usbd_conf.o [1]
USBD_LL_PrepareReceive  0x08003b9f   0x1a  Code  Gb  usbd_conf.o [1]
USBD_LL_Reset           0x0800334d   0x40  Code  Gb  usbd_core.o [1]
USBD_LL_Resume          0x0800339f    0x6  Code  Gb  usbd_core.o [1]
USBD_LL_SOF             0x080033ab   0x18  Code  Gb  usbd_core.o [1]
USBD_LL_SetSpeed        0x0800338d    0x6  Code  Gb  usbd_core.o [1]
USBD_LL_SetUSBAddress   0x08003b6b   0x1a  Code  Gb  usbd_conf.o [1]
USBD_LL_SetupStage      0x08003201   0x56  Code  Gb  usbd_core.o [1]
USBD_LL_StallEP         0x08003b19   0x1a  Code  Gb  usbd_conf.o [1]
USBD_LL_Start           0x08003ac5   0x1a  Code  Gb  usbd_conf.o [1]
USBD_LL_Suspend         0x08003393    0xc  Code  Gb  usbd_core.o [1]
USBD_LL_Transmit        0x08003b85   0x1a  Code  Gb  usbd_conf.o [1]
USBD_LangIDDesc         0x20000354    0x4  Data  Gb  usbd_desc.o [1]
USBD_ParseSetupRequest  0x08003f37   0x28  Code  Gb  usbd_ctlreq.o [1]
USBD_RegisterClass      0x080031c7   0x10  Code  Gb  usbd_core.o [1]
USBD_SetClassConfig     0x080031e1   0x16  Code  Gb  usbd_core.o [1]
USBD_SetConfig::cfgidx  0x200041c9    0x1  Data  Lc  usbd_ctlreq.o [1]
USBD_Start              0x080031d7    0xa  Code  Gb  usbd_core.o [1]
USBD_StdDevReq          0x08003c11  0x12a  Code  Gb  usbd_ctlreq.o [1]
USBD_StdEPReq           0x08003d79   0xbc  Code  Gb  usbd_ctlreq.o [1]
USBD_StdItfReq          0x08003d41   0x32  Code  Gb  usbd_ctlreq.o [1]
USBD_StrDesc            0x20003c14  0x200  Data  Gb  usbd_desc.o [1]
USBD_static_free        0x08003bd9    0x2  Code  Gb  usbd_conf.o [1]
USBD_static_malloc      0x08003bc1    0x4  Code  Gb  usbd_conf.o [1]
USBD_static_malloc::mem
                        0x200039f4  0x220  Data  Lc  usbd_conf.o [1]
USB_ActivateEndpoint    0x08004741  0x206  Code  Gb  stm32f1xx_ll_usb.o [1]
USB_CoreInit            0x08004705    0x4  Code  Gb  stm32f1xx_ll_usb.o [1]
USB_DeactivateEndpoint  0x08004975   0xd0  Code  Gb  stm32f1xx_ll_usb.o [1]
USB_DevConnect          0x08004cc3    0x4  Code  Gb  stm32f1xx_ll_usb.o [1]
USB_DevDisconnect       0x08004cc7    0x4  Code  Gb  stm32f1xx_ll_usb.o [1]
USB_DevInit             0x08004721   0x18  Code  Gb  stm32f1xx_ll_usb.o [1]
USB_DisableGlobalInt    0x08004713    0xa  Code  Gb  stm32f1xx_ll_usb.o [1]
USB_EP0_OutStart        0x08004cd1    0x4  Code  Gb  stm32f1xx_ll_usb.o [1]
USB_EPClearStall        0x08004c47   0x70  Code  Gb  stm32f1xx_ll_usb.o [1]
USB_EPSetStall          0x08004bfd   0x4a  Code  Gb  stm32f1xx_ll_usb.o [1]
USB_EPStartXfer         0x08004a73  0x152  Code  Gb  stm32f1xx_ll_usb.o [1]
USB_EnableGlobalInt     0x08004709    0xa  Code  Gb  stm32f1xx_ll_usb.o [1]
USB_LP_CAN1_RX0_IRQHandler
                        0x08004df9    0x6  Code  Gb  stm32f1xx_it.o [1]
USB_ReadInterrupts      0x08004ccb    0x6  Code  Gb  stm32f1xx_ll_usb.o [1]
USB_ReadPMA             0x08004d0b   0x1c  Code  Gb  stm32f1xx_ll_usb.o [1]
USB_SetCurrentMode      0x0800471d    0x4  Code  Gb  stm32f1xx_ll_usb.o [1]
USB_SetDevAddress       0x08004cb7    0xc  Code  Gb  stm32f1xx_ll_usb.o [1]
USB_WritePMA            0x08004ce7   0x24  Code  Gb  stm32f1xx_ll_usb.o [1]
UsageFault_Handler      0x08004db9    0x2  Code  Gb  stm32f1xx_it.o [1]
UserRxBufferFS          0x20000358  0x800  Data  Gb  usbd_cdc_if.o [1]
UserTxBufferFS          0x20000b58  0x800  Data  Gb  usbd_cdc_if.o [1]
_Error_Handler          0x08001919    0x2  Code  Gb  main.o [1]
__aeabi_memcpy4         0x08004d29         Code  Gb  ABImemcpy.o [4]
__aeabi_memcpy8         0x08004d29         Code  Gb  ABImemcpy.o [4]
__cmain                 0x08005075         Code  Gb  cmain.o [4]
__exit                  0x080050a9   0x14  Code  Gb  exit.o [5]
__iar_data_init3        0x0800502d   0x28  Code  Gb  data_init.o [4]
__iar_lz77_init_single3
                        0x080011bf   0x7a  Code  Gb  lz77_init_single.o [4]
__iar_program_start     0x080050cd         Code  Gb  cstartup_M.o [4]
__iar_systems$$module {Abs}
                        0x00000001         Data  Gb  command line/config [2]
__iar_zero_init3        0x08004fed   0x40  Code  Gb  zero_init3.o [4]
__low_level_init        0x08005093    0x4  Code  Gb  low_level_init.o [3]
__vector_table          0x08000000         Data  Gb  startup_stm32f103xe.o [1]
_call_main              0x08005081         Code  Gb  cmain.o [4]
_exit                   0x0800509d         Code  Gb  cexit.o [4]
_main                   0x0800508f         Code  Gb  cmain.o [4]
ccitt_table             0x20000000  0x200  Data  Lc  DS_Protocol.o [1]
exit                    0x08005097    0x4  Code  Gb  exit.o [3]
gCortexA9ProtocolCmd    0x2000400c   0x1c  Data  Gb  main.o [1]
gDoorBoardProtocolCmd   0x20004028   0x1c  Data  Gb  main.o [1]
gGentleSensorStatusDetection
                        0x20004000    0x8  Data  Gb  main.o [1]
gTIM4Cnt                0x2000400a    0x2  Data  Gb  main.o [1]
gTIM4CntFlag            0x20004008    0x1  Data  Gb  main.o [1]
hUsbDeviceFS            0x200037d0  0x224  Data  Gb  usb_device.o [1]
hadc1                   0x20004184   0x30  Data  Gb  adc.o [1]
hcrc                    0x200041b4    0x8  Data  Gb  crc.o [1]
hdma_adc1               0x20003fbc   0x44  Data  Gb  adc.o [1]
hdma_uart4_tx           0x20003e14   0x44  Data  Gb  usart.o [1]
hdma_usart1_rx          0x20003e58   0x44  Data  Gb  usart.o [1]
hdma_usart1_tx          0x20003e9c   0x44  Data  Gb  usart.o [1]
hdma_usart2_rx          0x20003ee0   0x44  Data  Gb  usart.o [1]
hdma_usart2_tx          0x20003f24   0x44  Data  Gb  usart.o [1]
hi2c2                   0x20003f68   0x54  Data  Gb  i2c.o [1]
hpcd_USB_FS             0x20003370  0x460  Data  Gb  usbd_conf.o [1]
htim4                   0x20004044   0x40  Data  Gb  tim.o [1]
htim5                   0x20004084   0x40  Data  Gb  tim.o [1]
huart1                  0x20004104   0x40  Data  Gb  usart.o [1]
huart2                  0x20004144   0x40  Data  Gb  usart.o [1]
huart4                  0x200040c4   0x40  Data  Gb  usart.o [1]
main                    0x08001661   0xa8  Code  Gb  main.o [1]
uwTick                  0x200041c4    0x4  Data  Gb  stm32f1xx_hal.o [1]


[1] = C:\Users\17657\Desktop\DSv1.3\DSPro\EWARM\DSPro\Obj
[2] = command line
[3] = dl7M_tlf.a
[4] = rt7M_tl.a
[5] = shb_l.a

  20 840 bytes of readonly  code memory
     763 bytes of readonly  data memory
  17 866 bytes of readwrite data memory

Errors: none
Warnings: none
