###############################################################################
#
# IAR ELF Linker V8.20.1.14183/W32 for ARM                07/Dec/2017  17:56:18
# Copyright 2007-2017 IAR Systems AB.
#
#    Output file  =  
#        C:\Users\17657\Desktop\DSv1.3\DSPro\EWARM\DSPro\Exe\DSPro.out
#    Map file     =  
#        C:\Users\17657\Desktop\DSv1.3\DSPro\EWARM\DSPro\List\DSPro.map
#    Command line =  
#        -f C:\Users\17657\AppData\Local\Temp\EWADE5.tmp
#        (C:\Users\17657\Desktop\DSv1.3\DSPro\EWARM\DSPro\Obj\dma.o
#        C:\Users\17657\Desktop\DSv1.3\DSPro\EWARM\DSPro\Obj\DS_Protocol.o
#        C:\Users\17657\Desktop\DSv1.3\DSPro\EWARM\DSPro\Obj\GentleSensor.o
#        C:\Users\17657\Desktop\DSv1.3\DSPro\EWARM\DSPro\Obj\gpio.o
#        C:\Users\17657\Desktop\DSv1.3\DSPro\EWARM\DSPro\Obj\main.o
#        C:\Users\17657\Desktop\DSv1.3\DSPro\EWARM\DSPro\Obj\startup_stm32f103xe.o
#        C:\Users\17657\Desktop\DSv1.3\DSPro\EWARM\DSPro\Obj\stm32f1xx_hal.o
#        C:\Users\17657\Desktop\DSv1.3\DSPro\EWARM\DSPro\Obj\stm32f1xx_hal_cortex.o
#        C:\Users\17657\Desktop\DSv1.3\DSPro\EWARM\DSPro\Obj\stm32f1xx_hal_dma.o
#        C:\Users\17657\Desktop\DSv1.3\DSPro\EWARM\DSPro\Obj\stm32f1xx_hal_flash.o
#        C:\Users\17657\Desktop\DSv1.3\DSPro\EWARM\DSPro\Obj\stm32f1xx_hal_flash_ex.o
#        C:\Users\17657\Desktop\DSv1.3\DSPro\EWARM\DSPro\Obj\stm32f1xx_hal_gpio.o
#        C:\Users\17657\Desktop\DSv1.3\DSPro\EWARM\DSPro\Obj\stm32f1xx_hal_gpio_ex.o
#        C:\Users\17657\Desktop\DSv1.3\DSPro\EWARM\DSPro\Obj\stm32f1xx_hal_msp.o
#        C:\Users\17657\Desktop\DSv1.3\DSPro\EWARM\DSPro\Obj\stm32f1xx_hal_pcd.o
#        C:\Users\17657\Desktop\DSv1.3\DSPro\EWARM\DSPro\Obj\stm32f1xx_hal_pcd_ex.o
#        C:\Users\17657\Desktop\DSv1.3\DSPro\EWARM\DSPro\Obj\stm32f1xx_hal_pwr.o
#        C:\Users\17657\Desktop\DSv1.3\DSPro\EWARM\DSPro\Obj\stm32f1xx_hal_rcc.o
#        C:\Users\17657\Desktop\DSv1.3\DSPro\EWARM\DSPro\Obj\stm32f1xx_hal_rcc_ex.o
#        C:\Users\17657\Desktop\DSv1.3\DSPro\EWARM\DSPro\Obj\stm32f1xx_hal_tim.o
#        C:\Users\17657\Desktop\DSv1.3\DSPro\EWARM\DSPro\Obj\stm32f1xx_hal_tim_ex.o
#        C:\Users\17657\Desktop\DSv1.3\DSPro\EWARM\DSPro\Obj\stm32f1xx_hal_uart.o
#        C:\Users\17657\Desktop\DSv1.3\DSPro\EWARM\DSPro\Obj\stm32f1xx_it.o
#        C:\Users\17657\Desktop\DSv1.3\DSPro\EWARM\DSPro\Obj\stm32f1xx_ll_usb.o
#        C:\Users\17657\Desktop\DSv1.3\DSPro\EWARM\DSPro\Obj\system_stm32f1xx.o
#        C:\Users\17657\Desktop\DSv1.3\DSPro\EWARM\DSPro\Obj\tim.o
#        C:\Users\17657\Desktop\DSv1.3\DSPro\EWARM\DSPro\Obj\usart.o
#        C:\Users\17657\Desktop\DSv1.3\DSPro\EWARM\DSPro\Obj\usb_device.o
#        C:\Users\17657\Desktop\DSv1.3\DSPro\EWARM\DSPro\Obj\usbd_cdc.o
#        C:\Users\17657\Desktop\DSv1.3\DSPro\EWARM\DSPro\Obj\usbd_cdc_if.o
#        C:\Users\17657\Desktop\DSv1.3\DSPro\EWARM\DSPro\Obj\usbd_conf.o
#        C:\Users\17657\Desktop\DSv1.3\DSPro\EWARM\DSPro\Obj\usbd_core.o
#        C:\Users\17657\Desktop\DSv1.3\DSPro\EWARM\DSPro\Obj\usbd_ctlreq.o
#        C:\Users\17657\Desktop\DSv1.3\DSPro\EWARM\DSPro\Obj\usbd_desc.o
#        C:\Users\17657\Desktop\DSv1.3\DSPro\EWARM\DSPro\Obj\usbd_ioreq.o
#        --redirect _Printf=_PrintfFull --redirect _Scanf=_ScanfFull -o
#        C:\Users\17657\Desktop\DSv1.3\DSPro\EWARM\DSPro\Exe\DSPro.out --map
#        C:\Users\17657\Desktop\DSv1.3\DSPro\EWARM\DSPro\List\DSPro.map
#        --config
#        C:\Users\17657\Desktop\DSv1.3\DSPro\EWARM/stm32f103xe_flash.icf
#        --semihosting --entry __iar_program_start --vfe --text_out locale)
#
###############################################################################

*******************************************************************************
*** RUNTIME MODEL ATTRIBUTES
***

CppFlavor       = *
__SystemLibrary = DLib
__dlib_version  = 6


*******************************************************************************
*** HEAP SELECTION
***

The basic heap was selected because no calls to memory allocation
functions were found in the application outside of system library
functions, and there are calls to deallocation functions in the
application.


*******************************************************************************
*** PLACEMENT SUMMARY
***

"A0":  place at 0x08000000 { ro section .intvec };
"P1":  place in [from 0x08000000 to 0x0807ffff] { ro };
define block CSTACK with size = 1K, alignment = 8 { };
define block HEAP with size = 512, alignment = 8 { };
"P2":  place in [from 0x20000000 to 0x2000ffff] {
          rw, block CSTACK, block HEAP };
initialize by copy { rw };

  Section            Kind        Address    Size  Object
  -------            ----        -------    ----  ------
"A0":                                      0x130
  .intvec            ro code  0x08000000   0x130  startup_stm32f103xe.o [1]
                            - 0x08000130   0x130

"P1":                                     0x378c
  .text              ro code  0x08000130   0x6b2  stm32f1xx_hal_pcd.o [1]
  .text              ro code  0x080007e2    0x7a  lz77_init_single.o [4]
  .text              ro code  0x0800085c   0x264  usbd_conf.o [1]
  .text              ro code  0x08000ac0   0x622  stm32f1xx_ll_usb.o [1]
  .text              ro code  0x080010e4    0x86  ABImemcpy.o [4]
  .text              ro code  0x0800116a   0x228  usbd_core.o [1]
  .text              ro code  0x08001394   0x1ba  main.o [1]
  .text              ro code  0x0800154e    0x30  stm32f1xx_hal_pcd_ex.o [1]
  .text              ro code  0x08001580   0x3aa  usbd_ctlreq.o [1]
  .text              ro code  0x0800192a    0x60  usbd_ioreq.o [1]
  .text              ro code  0x0800198c    0x24  stm32f1xx_hal.o [1]
  .text              ro code  0x080019b0    0xf4  gpio.o [1]
  .text              ro code  0x08001aa4    0x20  dma.o [1]
  .text              ro code  0x08001ac4    0x38  usb_device.o [1]
  .text              ro code  0x08001afc   0x1f4  usart.o [1]
  .text              ro code  0x08001cf0   0x130  tim.o [1]
  .text              ro code  0x08001e20    0xe6  stm32f1xx_hal_cortex.o [1]
  .text              ro code  0x08001f08   0x36c  stm32f1xx_hal_tim.o [1]
  .text              ro code  0x08002274   0x4de  stm32f1xx_hal_rcc.o [1]
  .text              ro code  0x08002754    0xe8  stm32f1xx_hal_rcc_ex.o [1]
  .text              ro code  0x0800283c   0x202  stm32f1xx_hal_gpio.o [1]
  .text              ro code  0x08002a40    0x28  stm32f1xx_hal.o [1]
  .text              ro code  0x08002a68    0x8c  stm32f1xx_hal_msp.o [1]
  .text              ro code  0x08002af4   0x204  usbd_cdc.o [1]
  .text              ro code  0x08002cf8   0x380  stm32f1xx_hal_uart.o [1]
  .text              ro code  0x08003078   0x35c  stm32f1xx_hal_dma.o [1]
  .text              ro code  0x080033d4    0x4a  stm32f1xx_hal_tim_ex.o [1]
  .text              ro code  0x0800341e     0x2  stm32f1xx_hal_tim.o [1]
  .text              ro code  0x08003420     0x2  stm32f1xx_hal_tim.o [1]
  .text              ro code  0x08003422     0x2  stm32f1xx_hal_tim_ex.o [1]
  .text              ro code  0x08003424     0x2  stm32f1xx_hal_tim.o [1]
  .text              ro code  0x08003426     0x2  stm32f1xx_hal_tim_ex.o [1]
  .text              ro code  0x08003428     0x2  stm32f1xx_hal_tim.o [1]
  .text              ro code  0x0800342c     0xc  stm32f1xx_hal.o [1]
  .text              ro code  0x08003438     0x2  stm32f1xx_hal_uart.o [1]
  .text              ro code  0x0800343a     0x2  stm32f1xx_hal_uart.o [1]
  .text              ro code  0x0800343c     0x2  stm32f1xx_hal_uart.o [1]
  .text              ro code  0x08003440    0xc0  usbd_desc.o [1]
  .text              ro code  0x08003500    0x80  stm32f1xx_it.o [1]
  .text              ro code  0x08003580    0x10  stm32f1xx_hal.o [1]
  .text              ro code  0x08003590    0x5c  system_stm32f1xx.o [1]
  .text              ro code  0x080035ec    0x44  usbd_cdc_if.o [1]
  .text              ro code  0x08003630    0x40  zero_init3.o [4]
  .text              ro code  0x08003670    0x28  data_init.o [4]
  .iar.init_table    const    0x08003698    0x20  - Linker created -
  .text              ro code  0x080036b8    0x1e  cmain.o [4]
  .text              ro code  0x080036d6     0x4  low_level_init.o [3]
  .text              ro code  0x080036da     0x4  exit.o [3]
  .text              ro code  0x080036e0     0xa  cexit.o [4]
  .text              ro code  0x080036ec    0x14  exit.o [5]
  .text              ro code  0x08003700    0x10  startup_stm32f103xe.o [1]
  .text              ro code  0x08003710     0xc  cstartup_M.o [4]
  .rodata            const    0x0800371c     0x8  system_stm32f1xx.o [1]
  .text              ro code  0x08003724     0x4  startup_stm32f103xe.o [1]
  .text              ro code  0x08003728     0x4  startup_stm32f103xe.o [1]
  .text              ro code  0x0800372c     0x4  startup_stm32f103xe.o [1]
  .text              ro code  0x08003730     0x4  startup_stm32f103xe.o [1]
  .text              ro code  0x08003734     0x4  startup_stm32f103xe.o [1]
  .text              ro code  0x08003738     0x4  startup_stm32f103xe.o [1]
  .text              ro code  0x0800373c     0x4  startup_stm32f103xe.o [1]
  .text              ro code  0x08003740     0x4  startup_stm32f103xe.o [1]
  .text              ro code  0x08003744     0x4  startup_stm32f103xe.o [1]
  .text              ro code  0x08003748     0x4  startup_stm32f103xe.o [1]
  .text              ro code  0x0800374c     0x4  startup_stm32f103xe.o [1]
  .text              ro code  0x08003750     0x4  startup_stm32f103xe.o [1]
  .text              ro code  0x08003754     0x4  startup_stm32f103xe.o [1]
  .text              ro code  0x08003758     0x4  startup_stm32f103xe.o [1]
  .text              ro code  0x0800375c     0x4  startup_stm32f103xe.o [1]
  .text              ro code  0x08003760     0x4  startup_stm32f103xe.o [1]
  .text              ro code  0x08003764     0x4  startup_stm32f103xe.o [1]
  .text              ro code  0x08003768     0x4  startup_stm32f103xe.o [1]
  .text              ro code  0x0800376c     0x4  startup_stm32f103xe.o [1]
  .text              ro code  0x08003770     0x4  startup_stm32f103xe.o [1]
  .text              ro code  0x08003774     0x4  startup_stm32f103xe.o [1]
  .text              ro code  0x08003778     0x4  startup_stm32f103xe.o [1]
  .text              ro code  0x0800377c     0x4  startup_stm32f103xe.o [1]
  .text              ro code  0x08003780     0x4  startup_stm32f103xe.o [1]
  .text              ro code  0x08003784     0x4  startup_stm32f103xe.o [1]
  .text              ro code  0x08003788     0x4  startup_stm32f103xe.o [1]
  .text              ro code  0x0800378c     0x4  startup_stm32f103xe.o [1]
  .text              ro code  0x08003790     0x4  startup_stm32f103xe.o [1]
  .text              ro code  0x08003794     0x4  startup_stm32f103xe.o [1]
  .text              ro code  0x08003798     0x4  startup_stm32f103xe.o [1]
  .text              ro code  0x0800379c     0x4  startup_stm32f103xe.o [1]
  .text              ro code  0x080037a0     0x4  startup_stm32f103xe.o [1]
  .text              ro code  0x080037a4     0x4  startup_stm32f103xe.o [1]
  .text              ro code  0x080037a8     0x4  startup_stm32f103xe.o [1]
  .text              ro code  0x080037ac     0x4  startup_stm32f103xe.o [1]
  .text              ro code  0x080037b0     0x4  startup_stm32f103xe.o [1]
  .text              ro code  0x080037b4     0x4  startup_stm32f103xe.o [1]
  .text              ro code  0x080037b8     0x4  startup_stm32f103xe.o [1]
  .text              ro code  0x080037bc     0x4  startup_stm32f103xe.o [1]
  .text              ro code  0x080037c0     0x4  startup_stm32f103xe.o [1]
  .text              ro code  0x080037c4     0x4  startup_stm32f103xe.o [1]
  .text              ro code  0x080037c8     0x4  startup_stm32f103xe.o [1]
  .text              ro code  0x080037cc     0x4  startup_stm32f103xe.o [1]
  .text              ro code  0x080037d0     0x4  startup_stm32f103xe.o [1]
  .text              ro code  0x080037d4     0x4  startup_stm32f103xe.o [1]
  .text              ro code  0x080037d8     0x4  startup_stm32f103xe.o [1]
  .text              ro code  0x080037dc     0x4  startup_stm32f103xe.o [1]
  .text              ro code  0x080037e0     0x4  startup_stm32f103xe.o [1]
  .text              ro code  0x080037e4     0x4  startup_stm32f103xe.o [1]
  .text              ro code  0x080037e8     0x4  startup_stm32f103xe.o [1]
  .rodata            const    0x080037ec     0x0  zero_init3.o [4]
  .rodata            const    0x080037ec     0x0  lz77_init_single.o [4]
  Initializer bytes  const    0x080037ec    0xd0  <for P2-1>
                            - 0x080038bc  0x378c

"P2", part 1 of 3:                         0x158
  P2-1                        0x20000000   0x158  <Init block>
    .data            inited   0x20000000     0x4  system_stm32f1xx.o [1]
    .data            inited   0x20000004     0xc  usbd_cdc.o [1]
    .data            inited   0x20000010    0x38  usbd_cdc.o [1]
    .data            inited   0x20000048    0x44  usbd_cdc.o [1]
    .data            inited   0x2000008c    0x44  usbd_cdc.o [1]
    .data            inited   0x200000d0    0x44  usbd_cdc.o [1]
    .data            inited   0x20000114    0x10  usbd_cdc_if.o [1]
    .data            inited   0x20000124    0x1c  usbd_desc.o [1]
    .data            inited   0x20000140    0x14  usbd_desc.o [1]
    .data            inited   0x20000154     0x4  usbd_desc.o [1]
                            - 0x20000158   0x158

"P2", part 2 of 3:                        0x1cc4
  .bss               zero     0x20000158  0x1000  usbd_cdc_if.o [1]
  .bss               zero     0x20001158   0x460  usbd_conf.o [1]
  .bss               zero     0x200015b8   0x224  usb_device.o [1]
  .bss               zero     0x200017dc   0x220  usbd_conf.o [1]
  .bss               zero     0x200019fc   0x200  usbd_desc.o [1]
  .bss               zero     0x20001bfc   0x110  usart.o [1]
  .bss               zero     0x20001d0c    0x40  tim.o [1]
  .bss               zero     0x20001d4c    0x40  tim.o [1]
  .bss               zero     0x20001d8c    0x40  usart.o [1]
  .bss               zero     0x20001dcc    0x40  usart.o [1]
  .bss               zero     0x20001e0c     0x8  main.o [1]
  .bss               zero     0x20001e14     0x4  stm32f1xx_hal.o [1]
  .bss               zero     0x20001e18     0x1  usbd_cdc.o [1]
  .bss               zero     0x20001e19     0x1  usbd_ctlreq.o [1]
                            - 0x20001e1a  0x1cc2

"P2", part 3 of 3:                         0x400
  CSTACK                      0x20001e20   0x400  <Block>
    CSTACK           uninit   0x20001e20   0x400  <Block tail>
                            - 0x20002220   0x400


*******************************************************************************
*** INIT TABLE
***

          Address     Size
          -------     ----
Zero (__iar_zero_init3)
    1 destination range, total size 0x1cc2:
          0x20000158  0x1cc2

Copy/lz77 (__iar_lz77_init_single3)
    1 source range, total size 0xd0 (60% of destination):
          0x080037ec    0xd0
    1 destination range, total size 0x158:
          0x20000000   0x158



*******************************************************************************
*** MODULE SUMMARY
***

    Module                  ro code  ro data  rw data
    ------                  -------  -------  -------
C:\Users\17657\Desktop\DSv1.3\DSPro\EWARM\DSPro\Obj: [1]
    dma.o                        32
    gpio.o                      244
    main.o                      442                 8
    startup_stm32f103xe.o       520
    stm32f1xx_hal.o             104                 4
    stm32f1xx_hal_cortex.o      230
    stm32f1xx_hal_dma.o         860
    stm32f1xx_hal_gpio.o        514
    stm32f1xx_hal_msp.o         140
    stm32f1xx_hal_pcd.o       1 714
    stm32f1xx_hal_pcd_ex.o       48
    stm32f1xx_hal_rcc.o       1 246
    stm32f1xx_hal_rcc_ex.o      232
    stm32f1xx_hal_tim.o         884
    stm32f1xx_hal_tim_ex.o       78
    stm32f1xx_hal_uart.o        902
    stm32f1xx_it.o              128
    stm32f1xx_ll_usb.o        1 570
    system_stm32f1xx.o           92       10        4
    tim.o                       304               128
    usart.o                     500               400
    usb_device.o                 56               548
    usbd_cdc.o                  516      164      273
    usbd_cdc_if.o                68       10    4 112
    usbd_conf.o                 612             1 664
    usbd_core.o                 552
    usbd_ctlreq.o               938                 1
    usbd_desc.o                 192       32      564
    usbd_ioreq.o                 96
    -------------------------------------------------
    Total:                   13 814      216    7 706

command line: [2]
    -------------------------------------------------
    Total:

dl7M_tlf.a: [3]
    exit.o                        4
    low_level_init.o              4
    -------------------------------------------------
    Total:                        8

rt7M_tl.a: [4]
    ABImemcpy.o                 134
    cexit.o                      10
    cmain.o                      30
    cstartup_M.o                 12
    data_init.o                  40
    lz77_init_single.o          122
    zero_init3.o                 64
    -------------------------------------------------
    Total:                      412

shb_l.a: [5]
    exit.o                       20
    -------------------------------------------------
    Total:                       20

    Gaps                         22
    Linker created                        32    1 024
-----------------------------------------------------
    Grand Total:             14 276      248    8 730


*******************************************************************************
*** ENTRY LIST
***

Entry                      Address   Size  Type      Object
-----                      -------   ----  ----      ------
.iar.init_table$$Base   0x08003698          --   Gb  - Linker created -
.iar.init_table$$Limit  0x080036b8          --   Gb  - Linker created -
?main                   0x080036b9         Code  Gb  cmain.o [4]
AHBPrescTable           0x080035dc   0x10  Data  Gb  system_stm32f1xx.o [1]
APBPrescTable           0x0800371c    0x8  Data  Gb  system_stm32f1xx.o [1]
BusFault_Handler        0x08003507    0x2  Code  Gb  stm32f1xx_it.o [1]
CDC_Control_FS          0x0800360f    0x4  Code  Lc  usbd_cdc_if.o [1]
CDC_DeInit_FS           0x0800360b    0x4  Code  Lc  usbd_cdc_if.o [1]
CDC_Init_FS             0x080035ed   0x1e  Code  Lc  usbd_cdc_if.o [1]
CDC_Receive_FS          0x08003613   0x16  Code  Lc  usbd_cdc_if.o [1]
CSTACK$$Base            0x20001e20          --   Gb  - Linker created -
CSTACK$$Limit           0x20002220          --   Gb  - Linker created -
DMA1_Channel4_IRQHandler
                        0x08003525    0x6  Code  Gb  stm32f1xx_it.o [1]
DMA1_Channel5_IRQHandler
                        0x0800352b    0x6  Code  Gb  stm32f1xx_it.o [1]
DMA1_Channel6_IRQHandler
                        0x08003531    0x6  Code  Gb  stm32f1xx_it.o [1]
DMA1_Channel7_IRQHandler
                        0x08003537    0x6  Code  Gb  stm32f1xx_it.o [1]
DebugMon_Handler        0x0800350d    0x2  Code  Gb  stm32f1xx_it.o [1]
EXTI1_IRQHandler        0x0800351f    0x6  Code  Gb  stm32f1xx_it.o [1]
FS_Desc                 0x20000124   0x1c  Data  Gb  usbd_desc.o [1]
HAL_DMA_Abort_IT        0x080030ff   0xdc  Code  Gb  stm32f1xx_hal_dma.o [1]
HAL_DMA_IRQHandler      0x080031db  0x1b4  Code  Gb  stm32f1xx_hal_dma.o [1]
HAL_DMA_Init            0x08003079   0x78  Code  Gb  stm32f1xx_hal_dma.o [1]
HAL_GPIO_EXTI_IRQHandler
                        0x080029eb   0x10  Code  Gb  stm32f1xx_hal_gpio.o [1]
HAL_GPIO_Init           0x0800283d  0x196  Code  Gb  stm32f1xx_hal_gpio.o [1]
HAL_GPIO_ReadPin        0x080029d3    0xc  Code  Gb  stm32f1xx_hal_gpio.o [1]
HAL_GPIO_WritePin       0x080029df    0xc  Code  Gb  stm32f1xx_hal_gpio.o [1]
HAL_GetTick             0x0800342d    0xc  Code  Wk  stm32f1xx_hal.o [1]
HAL_IncTick             0x08003581   0x10  Code  Wk  stm32f1xx_hal.o [1]
HAL_Init                0x0800198d   0x20  Code  Gb  stm32f1xx_hal.o [1]
HAL_InitTick            0x08002a41   0x28  Code  Wk  stm32f1xx_hal.o [1]
HAL_MspInit             0x08002a69   0x8c  Code  Gb  stm32f1xx_hal_msp.o [1]
HAL_NVIC_EnableIRQ      0x08001e93    0xa  Code  Gb  stm32f1xx_hal_cortex.o [1]
HAL_NVIC_SetPriority    0x08001e59   0x3a  Code  Gb  stm32f1xx_hal_cortex.o [1]
HAL_NVIC_SetPriorityGrouping
                        0x08001e3f   0x1a  Code  Gb  stm32f1xx_hal_cortex.o [1]
HAL_PCDEx_PMAConfig     0x0800154f   0x30  Code  Gb  stm32f1xx_hal_pcd_ex.o [1]
HAL_PCDEx_SetConnectionState
                        0x08000a8b    0x2  Code  Gb  usbd_conf.o [1]
HAL_PCD_DataInStageCallback
                        0x0800089b    0xe  Code  Gb  usbd_conf.o [1]
HAL_PCD_DataOutStageCallback
                        0x0800088b   0x10  Code  Gb  usbd_conf.o [1]
HAL_PCD_EP_Close        0x08000379   0x30  Code  Gb  stm32f1xx_hal_pcd.o [1]
HAL_PCD_EP_ClrStall     0x08000475   0x42  Code  Gb  stm32f1xx_hal_pcd.o [1]
HAL_PCD_EP_GetRxCount   0x080003d9   0x10  Code  Gb  stm32f1xx_hal_pcd.o [1]
HAL_PCD_EP_Open         0x08000345   0x34  Code  Gb  stm32f1xx_hal_pcd.o [1]
HAL_PCD_EP_Receive      0x080003c1   0x18  Code  Gb  stm32f1xx_hal_pcd.o [1]
HAL_PCD_EP_SetStall     0x0800041b   0x5a  Code  Gb  stm32f1xx_hal_pcd.o [1]
HAL_PCD_EP_Transmit     0x080003e9   0x18  Code  Gb  stm32f1xx_hal_pcd.o [1]
HAL_PCD_IRQHandler      0x080001f9   0xfa  Code  Gb  stm32f1xx_hal_pcd.o [1]
HAL_PCD_Init            0x08000131   0xa0  Code  Gb  stm32f1xx_hal_pcd.o [1]
HAL_PCD_MspInit         0x0800085d   0x22  Code  Gb  usbd_conf.o [1]
HAL_PCD_ResetCallback   0x080008b1   0x1a  Code  Gb  usbd_conf.o [1]
HAL_PCD_ResumeCallback  0x080008e7    0x8  Code  Gb  usbd_conf.o [1]
HAL_PCD_SOFCallback     0x080008a9    0x8  Code  Gb  usbd_conf.o [1]
HAL_PCD_SetAddress      0x08000327   0x1e  Code  Gb  stm32f1xx_hal_pcd.o [1]
HAL_PCD_SetupStageCallback
                        0x0800087f    0xc  Code  Gb  usbd_conf.o [1]
HAL_PCD_Start           0x080001db   0x1e  Code  Gb  stm32f1xx_hal_pcd.o [1]
HAL_PCD_SuspendCallback
                        0x080008cb   0x1c  Code  Gb  usbd_conf.o [1]
HAL_RCCEx_PeriphCLKConfig
                        0x08002755   0xda  Code  Gb  stm32f1xx_hal_rcc_ex.o [1]
HAL_RCC_ClockConfig     0x08002591  0x10c  Code  Gb  stm32f1xx_hal_rcc.o [1]
HAL_RCC_GetHCLKFreq     0x080026eb    0x6  Code  Gb  stm32f1xx_hal_rcc.o [1]
HAL_RCC_GetPCLK1Freq    0x080026f1   0x10  Code  Gb  stm32f1xx_hal_rcc.o [1]
HAL_RCC_GetPCLK2Freq    0x08002701    0xe  Code  Gb  stm32f1xx_hal_rcc.o [1]
HAL_RCC_GetSysClockFreq
                        0x080026b1   0x3a  Code  Gb  stm32f1xx_hal_rcc.o [1]
HAL_RCC_GetSysClockFreq::aPLLMULFactorTable
                        0x08002740   0x10  Data  Lc  stm32f1xx_hal_rcc.o [1]
HAL_RCC_GetSysClockFreq::aPredivFactorTable
                        0x08002750    0x2  Data  Lc  stm32f1xx_hal_rcc.o [1]
HAL_RCC_OscConfig       0x08002275  0x314  Code  Gb  stm32f1xx_hal_rcc.o [1]
HAL_SYSTICK_CLKSourceConfig
                        0x08001ecf   0x1a  Code  Gb  stm32f1xx_hal_cortex.o [1]
HAL_SYSTICK_Config      0x08001ea7   0x28  Code  Gb  stm32f1xx_hal_cortex.o [1]
HAL_SYSTICK_IRQHandler  0x08001f01    0x4  Code  Gb  stm32f1xx_hal_cortex.o [1]
HAL_TIMEx_BreakCallback
                        0x08003423    0x2  Code  Wk  stm32f1xx_hal_tim_ex.o [1]
HAL_TIMEx_CommutationCallback
                        0x08003427    0x2  Code  Wk  stm32f1xx_hal_tim_ex.o [1]
HAL_TIMEx_MasterConfigSynchronization
                        0x080033d5   0x4a  Code  Gb  stm32f1xx_hal_tim_ex.o [1]
HAL_TIM_Base_Init       0x08001f09   0x1a  Code  Gb  stm32f1xx_hal_tim.o [1]
HAL_TIM_Base_MspInit    0x08001da5   0x38  Code  Gb  tim.o [1]
HAL_TIM_Base_Start_IT   0x08001f23   0x16  Code  Gb  stm32f1xx_hal_tim.o [1]
HAL_TIM_ConfigClockSource
                        0x080020a5   0xac  Code  Gb  stm32f1xx_hal_tim.o [1]
HAL_TIM_IRQHandler      0x08001f5d  0x142  Code  Gb  stm32f1xx_hal_tim.o [1]
HAL_TIM_PeriodElapsedCallback
                        0x080014ed   0x4e  Code  Gb  main.o [1]
HAL_UART_IRQHandler     0x08002d7d  0x152  Code  Gb  stm32f1xx_hal_uart.o [1]
HAL_UART_Init           0x08002cf9   0x1e  Code  Gb  stm32f1xx_hal_uart.o [1]
HAL_UART_MspInit        0x08001b4f  0x128  Code  Gb  usart.o [1]
HardFault_Handler       0x08003503    0x2  Code  Gb  stm32f1xx_it.o [1]
MX_DMA_Init             0x08001aa5   0x20  Code  Gb  dma.o [1]
MX_GPIO_Init            0x080019b1   0xd0  Code  Gb  gpio.o [1]
MX_TIM4_Init            0x08001cf1   0x42  Code  Gb  tim.o [1]
MX_TIM5_Init            0x08001d33   0x40  Code  Gb  tim.o [1]
MX_USART1_UART_Init     0x08001afd   0x16  Code  Gb  usart.o [1]
MX_USART2_UART_Init     0x08001b13   0x16  Code  Gb  usart.o [1]
MX_USB_DEVICE_Init      0x08001ac5   0x38  Code  Gb  usb_device.o [1]
MemManage_Handler       0x08003505    0x2  Code  Gb  stm32f1xx_it.o [1]
NMI_Handler             0x08003501    0x2  Code  Gb  stm32f1xx_it.o [1]
NVIC_SetPriority        0x08001e21   0x1e  Code  Lc  stm32f1xx_hal_cortex.o [1]
PCD_EP_ISR_Handler      0x080004bf  0x2e8  Code  Lc  stm32f1xx_hal_pcd.o [1]
PendSV_Handler          0x0800350f    0x2  Code  Gb  stm32f1xx_it.o [1]
Region$$Table$$Base     0x08003698          --   Gb  - Linker created -
Region$$Table$$Limit    0x080036b8          --   Gb  - Linker created -
SVC_Handler             0x0800350b    0x2  Code  Gb  stm32f1xx_it.o [1]
SysTick_Handler         0x08003511    0xe  Code  Gb  stm32f1xx_it.o [1]
SystemClock_Config      0x08001469   0x84  Code  Gb  main.o [1]
SystemCoreClock         0x20000000    0x4  Data  Gb  system_stm32f1xx.o [1]
SystemInit              0x08003591   0x3a  Code  Gb  system_stm32f1xx.o [1]
TIM4_IRQHandler         0x08003543    0x6  Code  Gb  stm32f1xx_it.o [1]
TIM5_IRQHandler         0x08003555    0x6  Code  Gb  stm32f1xx_it.o [1]
TIM_Base_SetConfig      0x0800217b   0x74  Code  Gb  stm32f1xx_hal_tim.o [1]
TIM_ETR_SetConfig       0x0800225b   0x14  Code  Lc  stm32f1xx_hal_tim.o [1]
TIM_ITRx_SetConfig      0x0800224b   0x10  Code  Lc  stm32f1xx_hal_tim.o [1]
TIM_TI1_ConfigInputStage
                        0x08002209   0x1e  Code  Lc  stm32f1xx_hal_tim.o [1]
TIM_TI2_ConfigInputStage
                        0x08002227   0x24  Code  Lc  stm32f1xx_hal_tim.o [1]
UART_DMAAbortOnError    0x08002eed    0xc  Code  Lc  stm32f1xx_hal_uart.o [1]
UART_EndRxTransfer      0x08002ecf   0x1c  Code  Lc  stm32f1xx_hal_uart.o [1]
UART_Receive_IT         0x08002ef9   0x96  Code  Lc  stm32f1xx_hal_uart.o [1]
UART_SetConfig          0x08002f8f   0xde  Code  Lc  stm32f1xx_hal_uart.o [1]
USART1_IRQHandler       0x08003549    0x6  Code  Gb  stm32f1xx_it.o [1]
USART2_IRQHandler       0x0800354f    0x6  Code  Gb  stm32f1xx_it.o [1]
USBD_CDC                0x20000010   0x38  Data  Gb  usbd_cdc.o [1]
USBD_CDC_CfgFSDesc      0x2000008c   0x44  Data  Gb  usbd_cdc.o [1]
USBD_CDC_CfgHSDesc      0x20000048   0x44  Data  Gb  usbd_cdc.o [1]
USBD_CDC_DataIn         0x08002c0f   0x14  Code  Lc  usbd_cdc.o [1]
USBD_CDC_DataOut        0x08002c23   0x2a  Code  Lc  usbd_cdc.o [1]
USBD_CDC_DeInit         0x08002b73   0x36  Code  Lc  usbd_cdc.o [1]
USBD_CDC_DeviceQualifierDesc
                        0x20000004    0xc  Data  Lc  usbd_cdc.o [1]
USBD_CDC_EP0_RxReady    0x08002c4d   0x26  Code  Lc  usbd_cdc.o [1]
USBD_CDC_GetDeviceQualifierDescriptor
                        0x08002c8b    0x8  Code  Gb  usbd_cdc.o [1]
USBD_CDC_GetFSCfgDesc   0x08002c73    0x8  Code  Lc  usbd_cdc.o [1]
USBD_CDC_GetHSCfgDesc   0x08002c7b    0x8  Code  Lc  usbd_cdc.o [1]
USBD_CDC_GetOtherSpeedCfgDesc
                        0x08002c83    0x8  Code  Lc  usbd_cdc.o [1]
USBD_CDC_Init           0x08002af5   0x74  Code  Lc  usbd_cdc.o [1]
USBD_CDC_OtherSpeedCfgDesc
                        0x200000d0   0x44  Data  Gb  usbd_cdc.o [1]
USBD_CDC_ReceivePacket  0x08002cd3   0x26  Code  Gb  usbd_cdc.o [1]
USBD_CDC_RegisterInterface
                        0x08002ca9    0xe  Code  Gb  usbd_cdc.o [1]
USBD_CDC_SetRxBuffer    0x08002cc7    0xc  Code  Gb  usbd_cdc.o [1]
USBD_CDC_SetTxBuffer    0x08002cb7   0x10  Code  Gb  usbd_cdc.o [1]
USBD_CDC_Setup          0x08002ba9   0x66  Code  Lc  usbd_cdc.o [1]
USBD_CDC_Setup::ifalt   0x20001e18    0x1  Data  Lc  usbd_cdc.o [1]
USBD_ClrClassConfig     0x080011c1    0xa  Code  Gb  usbd_core.o [1]
USBD_CtlContinueRx      0x0800195f    0x4  Code  Gb  usbd_ioreq.o [1]
USBD_CtlContinueSendData
                        0x0800193b    0x4  Code  Gb  usbd_ioreq.o [1]
USBD_CtlError           0x080018cf   0x16  Code  Gb  usbd_ctlreq.o [1]
USBD_CtlPrepareRx       0x0800194b   0x14  Code  Gb  usbd_ioreq.o [1]
USBD_CtlReceiveStatus   0x0800197d    0xe  Code  Gb  usbd_ioreq.o [1]
USBD_CtlSendData        0x0800192b   0x10  Code  Gb  usbd_ioreq.o [1]
USBD_CtlSendStatus      0x0800196f    0xe  Code  Gb  usbd_ioreq.o [1]
USBD_FS_ConfigStrDescriptor
                        0x08003491    0xc  Code  Gb  usbd_desc.o [1]
USBD_FS_DeviceDesc      0x20000140   0x14  Data  Gb  usbd_desc.o [1]
USBD_FS_DeviceDescriptor
                        0x08003441    0x8  Code  Gb  usbd_desc.o [1]
USBD_FS_InterfaceStrDescriptor
                        0x0800349d    0xc  Code  Gb  usbd_desc.o [1]
USBD_FS_LangIDStrDescriptor
                        0x08003449    0x8  Code  Gb  usbd_desc.o [1]
USBD_FS_ManufacturerStrDescriptor
                        0x0800345d    0xa  Code  Gb  usbd_desc.o [1]
USBD_FS_ProductStrDescriptor
                        0x08003451    0xc  Code  Gb  usbd_desc.o [1]
USBD_FS_SerialStrDescriptor
                        0x08003471    0xc  Code  Gb  usbd_desc.o [1]
USBD_GetDescriptor      0x080017b1   0xf0  Code  Lc  usbd_ctlreq.o [1]
USBD_GetString          0x080018e5   0x46  Code  Gb  usbd_ctlreq.o [1]
USBD_Init               0x0800116b   0x26  Code  Gb  usbd_core.o [1]
USBD_Interface_fops_FS  0x20000114   0x10  Data  Gb  usbd_cdc_if.o [1]
USBD_LL_ClearStallEP    0x080009e3   0x1a  Code  Gb  usbd_conf.o [1]
USBD_LL_CloseEP         0x080009af   0x1a  Code  Gb  usbd_conf.o [1]
USBD_LL_DataInStage     0x08001283   0x94  Code  Gb  usbd_core.o [1]
USBD_LL_DataOutStage    0x08001221   0x62  Code  Gb  usbd_core.o [1]
USBD_LL_GetRxDataSize   0x08000a69    0x8  Code  Gb  usbd_conf.o [1]
USBD_LL_Init            0x080008ef   0x86  Code  Gb  usbd_conf.o [1]
USBD_LL_IsStallEP       0x080009fd   0x1e  Code  Gb  usbd_conf.o [1]
USBD_LL_OpenEP          0x0800098f   0x20  Code  Gb  usbd_conf.o [1]
USBD_LL_PrepareReceive  0x08000a4f   0x1a  Code  Gb  usbd_conf.o [1]
USBD_LL_Reset           0x08001317   0x40  Code  Gb  usbd_core.o [1]
USBD_LL_Resume          0x08001369    0x6  Code  Gb  usbd_core.o [1]
USBD_LL_SOF             0x08001375   0x18  Code  Gb  usbd_core.o [1]
USBD_LL_SetSpeed        0x08001357    0x6  Code  Gb  usbd_core.o [1]
USBD_LL_SetUSBAddress   0x08000a1b   0x1a  Code  Gb  usbd_conf.o [1]
USBD_LL_SetupStage      0x080011cb   0x56  Code  Gb  usbd_core.o [1]
USBD_LL_StallEP         0x080009c9   0x1a  Code  Gb  usbd_conf.o [1]
USBD_LL_Start           0x08000975   0x1a  Code  Gb  usbd_conf.o [1]
USBD_LL_Suspend         0x0800135d    0xc  Code  Gb  usbd_core.o [1]
USBD_LL_Transmit        0x08000a35   0x1a  Code  Gb  usbd_conf.o [1]
USBD_LangIDDesc         0x20000154    0x4  Data  Gb  usbd_desc.o [1]
USBD_ParseSetupRequest  0x080018a7   0x28  Code  Gb  usbd_ctlreq.o [1]
USBD_RegisterClass      0x08001191   0x10  Code  Gb  usbd_core.o [1]
USBD_SetClassConfig     0x080011ab   0x16  Code  Gb  usbd_core.o [1]
USBD_SetConfig::cfgidx  0x20001e19    0x1  Data  Lc  usbd_ctlreq.o [1]
USBD_Start              0x080011a1    0xa  Code  Gb  usbd_core.o [1]
USBD_StdDevReq          0x08001581  0x12a  Code  Gb  usbd_ctlreq.o [1]
USBD_StdEPReq           0x080016e9   0xbc  Code  Gb  usbd_ctlreq.o [1]
USBD_StdItfReq          0x080016b1   0x32  Code  Gb  usbd_ctlreq.o [1]
USBD_StrDesc            0x200019fc  0x200  Data  Gb  usbd_desc.o [1]
USBD_static_free        0x08000a89    0x2  Code  Gb  usbd_conf.o [1]
USBD_static_malloc      0x08000a71    0x4  Code  Gb  usbd_conf.o [1]
USBD_static_malloc::mem
                        0x200017dc  0x220  Data  Lc  usbd_conf.o [1]
USB_ActivateEndpoint    0x08000afd  0x206  Code  Gb  stm32f1xx_ll_usb.o [1]
USB_CoreInit            0x08000ac1    0x4  Code  Gb  stm32f1xx_ll_usb.o [1]
USB_DeactivateEndpoint  0x08000d31   0xd0  Code  Gb  stm32f1xx_ll_usb.o [1]
USB_DevConnect          0x0800107f    0x4  Code  Gb  stm32f1xx_ll_usb.o [1]
USB_DevDisconnect       0x08001083    0x4  Code  Gb  stm32f1xx_ll_usb.o [1]
USB_DevInit             0x08000add   0x18  Code  Gb  stm32f1xx_ll_usb.o [1]
USB_DisableGlobalInt    0x08000acf    0xa  Code  Gb  stm32f1xx_ll_usb.o [1]
USB_EP0_OutStart        0x0800108d    0x4  Code  Gb  stm32f1xx_ll_usb.o [1]
USB_EPClearStall        0x08001003   0x70  Code  Gb  stm32f1xx_ll_usb.o [1]
USB_EPSetStall          0x08000fb9   0x4a  Code  Gb  stm32f1xx_ll_usb.o [1]
USB_EPStartXfer         0x08000e2f  0x152  Code  Gb  stm32f1xx_ll_usb.o [1]
USB_EnableGlobalInt     0x08000ac5    0xa  Code  Gb  stm32f1xx_ll_usb.o [1]
USB_LP_CAN1_RX0_IRQHandler
                        0x0800353d    0x6  Code  Gb  stm32f1xx_it.o [1]
USB_ReadInterrupts      0x08001087    0x6  Code  Gb  stm32f1xx_ll_usb.o [1]
USB_ReadPMA             0x080010c7   0x1c  Code  Gb  stm32f1xx_ll_usb.o [1]
USB_SetCurrentMode      0x08000ad9    0x4  Code  Gb  stm32f1xx_ll_usb.o [1]
USB_SetDevAddress       0x08001073    0xc  Code  Gb  stm32f1xx_ll_usb.o [1]
USB_WritePMA            0x080010a3   0x24  Code  Gb  stm32f1xx_ll_usb.o [1]
UsageFault_Handler      0x08003509    0x2  Code  Gb  stm32f1xx_it.o [1]
UserRxBufferFS          0x20000158  0x800  Data  Gb  usbd_cdc_if.o [1]
UserTxBufferFS          0x20000958  0x800  Data  Gb  usbd_cdc_if.o [1]
_Error_Handler          0x0800154d    0x2  Code  Gb  main.o [1]
__aeabi_memcpy4         0x080010e5         Code  Gb  ABImemcpy.o [4]
__aeabi_memcpy8         0x080010e5         Code  Gb  ABImemcpy.o [4]
__cmain                 0x080036b9         Code  Gb  cmain.o [4]
__exit                  0x080036ed   0x14  Code  Gb  exit.o [5]
__iar_data_init3        0x08003671   0x28  Code  Gb  data_init.o [4]
__iar_lz77_init_single3
                        0x080007e3   0x7a  Code  Gb  lz77_init_single.o [4]
__iar_program_start     0x08003711         Code  Gb  cstartup_M.o [4]
__iar_systems$$module {Abs}
                        0x00000001         Data  Gb  command line/config [2]
__iar_zero_init3        0x08003631   0x40  Code  Gb  zero_init3.o [4]
__low_level_init        0x080036d7    0x4  Code  Gb  low_level_init.o [3]
__vector_table          0x08000000         Data  Gb  startup_stm32f103xe.o [1]
_call_main              0x080036c5         Code  Gb  cmain.o [4]
_exit                   0x080036e1         Code  Gb  cexit.o [4]
_main                   0x080036d3         Code  Gb  cmain.o [4]
exit                    0x080036db    0x4  Code  Gb  exit.o [3]
gGentleSensorStatusDetection
                        0x20001e0c    0x8  Data  Gb  main.o [1]
hUsbDeviceFS            0x200015b8  0x224  Data  Gb  usb_device.o [1]
hdma_usart1_rx          0x20001bfc   0x44  Data  Gb  usart.o [1]
hdma_usart1_tx          0x20001c40   0x44  Data  Gb  usart.o [1]
hdma_usart2_rx          0x20001c84   0x44  Data  Gb  usart.o [1]
hdma_usart2_tx          0x20001cc8   0x44  Data  Gb  usart.o [1]
hpcd_USB_FS             0x20001158  0x460  Data  Gb  usbd_conf.o [1]
htim4                   0x20001d0c   0x40  Data  Gb  tim.o [1]
htim5                   0x20001d4c   0x40  Data  Gb  tim.o [1]
huart1                  0x20001d8c   0x40  Data  Gb  usart.o [1]
huart2                  0x20001dcc   0x40  Data  Gb  usart.o [1]
main                    0x08001395   0xd4  Code  Gb  main.o [1]
uwTick                  0x20001e14    0x4  Data  Gb  stm32f1xx_hal.o [1]


[1] = C:\Users\17657\Desktop\DSv1.3\DSPro\EWARM\DSPro\Obj
[2] = command line
[3] = dl7M_tlf.a
[4] = rt7M_tl.a
[5] = shb_l.a

  14 276 bytes of readonly  code memory
     248 bytes of readonly  data memory
   8 730 bytes of readwrite data memory

Errors: none
Warnings: none
